<html>
<body>
<pre>
<h1>µVision Build Log</h1>
<h2>Tool Versions:</h2>
IDE-Version: ¦ÌVision V5.33.0.0
Copyright (C) 2020 ARM Ltd and ARM Germany GmbH. All rights reserved.
License Information: 1 1, 1, LIC=KIVNB-2TVWT-8YDVV-PGCT9-AINFR-Y25X4
 
Tool Versions:
Toolchain:       MDK-ARM Professional  Version: 5.33.0.0
Toolchain Path:  D:\Keil_v5\ARM\ARMCC\Bin
C Compiler:      Armcc.exe V5.06 update 7 (build 960)
Assembler:       Armasm.exe V5.06 update 7 (build 960)
Linker/Locator:  ArmLink.exe V5.06 update 7 (build 960)
Library Manager: ArmAr.exe V5.06 update 7 (build 960)
Hex Converter:   FromElf.exe V5.06 update 7 (build 960)
CPU DLL:         SARMCM3.DLL V5.33.0.0
Dialog DLL:      DCM.DLL V1.17.3.0
Target DLL:      STLink\ST-LINKIII-KEIL_SWO.dll V3.0.8.0
Dialog DLL:      TCM.DLL V1.48.0.0
 
<h2>Project:</h2>
E:\workspace\RT-Thread\bsp\gd32\gd32f450zk-zixin-coreboard\project\RT-Thread.uvprojx
Project File Date:  09/01/2021

<h2>Output:</h2>
*** Using Compiler 'V5.06 update 7 (build 960)', folder: 'D:\Keil_v5\ARM\ARMCC\Bin'
Rebuild target 'rt-thread'
assembling context_rvds.S...
assembling startup_gd32f4xx.s...
compiling cpuport.c...
compiling gd32f4xx_crc.c...
compiling gd32f4xx_exti.c...
compiling gd32f4xx_dma.c...
compiling gd32f4xx_gpio.c...
compiling gd32f4xx_misc.c...
compiling gd32f4xx_rcu.c...
compiling gd32f4xx_syscfg.c...
compiling main.c...
..\board\main.c(34): warning:  #111-D: statement is unreachable
      return 0;
..\board\main.c: 1 warning, 0 errors
compiling gd32f4xx_usart.c...
compiling board.c...
compiling completion.c...
compiling system_gd32f4xx.c...
compiling dataqueue.c...
compiling drv_usart.c...
compiling pipe.c...
compiling ringblk_buf.c...
compiling ringbuffer.c...
compiling waitqueue.c...
compiling workqueue.c...
compiling pin.c...
compiling clock.c...
compiling serial.c...
compiling components.c...
compiling cpu.c...
compiling device.c...
compiling idle.c...
compiling irq.c...
compiling ipc.c...
compiling kservice.c...
compiling mem.c...
compiling memheap.c...
compiling mempool.c...
compiling object.c...
compiling signal.c...
compiling scheduler.c...
compiling slab.c...
compiling thread.c...
compiling timer.c...
compiling cmd.c...
compiling finsh_error.c...
compiling finsh_compiler.c...
compiling finsh_heap.c...
compiling finsh_init.c...
compiling finsh_node.c...
compiling finsh_ops.c...
compiling finsh_parser.c...
compiling finsh_token.c...
compiling finsh_var.c...
compiling finsh_vm.c...
compiling msh.c...
compiling msh_file.c...
compiling shell.c...
compiling symbol.c...
linking...
Program Size: Code=47116 RO-data=6396 RW-data=460 ZI-data=3916  
FromELF: creating hex file...
".\Objects\RT-Thread.axf" - 0 Error(s), 1 Warning(s).

<h2>Software Packages used:</h2>

Package Vendor: GigaDevice
                http://gd32mcu.com/data/documents/pack/GigaDevice.GD32F4xx_DFP.2.0.0.pack
                GigaDevice.GD32F4xx_DFP.2.0.0
                GigaDevice GD32F4xx Series Device Support and Examples

<h2>Collection of Component include folders:</h2>
  D:\Keil_v5\ARM\Packs\GigaDevice\GD32F4xx_DFP\2.0.0\Device\F4XX\Include

<h2>Collection of Component Files used:</h2>
Build Time Elapsed:  00:00:12
</pre>
</body>
</html>
