Component: ARM Compiler 5.06 update 7 (build 960) Tool: armlink [4d3601]

==============================================================================

Section Cross References

    startup_stm32f429xx.o(RESET) refers to startup_stm32f429xx.o(STACK) for __initial_sp
    startup_stm32f429xx.o(RESET) refers to startup_stm32f429xx.o(.text) for Reset_Handler
    startup_stm32f429xx.o(RESET) refers to context_rvds.o(.text) for HardFault_Handler
    startup_stm32f429xx.o(RESET) refers to drv_common.o(i.SysTick_Handler) for SysTick_Handler
    startup_stm32f429xx.o(RESET) refers to drv_gpio.o(i.EXTI0_IRQHandler) for EXTI0_IRQHandler
    startup_stm32f429xx.o(RESET) refers to drv_gpio.o(i.EXTI1_IRQHandler) for EXTI1_IRQHandler
    startup_stm32f429xx.o(RESET) refers to drv_gpio.o(i.EXTI2_IRQHandler) for EXTI2_IRQHandler
    startup_stm32f429xx.o(RESET) refers to drv_gpio.o(i.EXTI3_IRQHandler) for EXTI3_IRQHandler
    startup_stm32f429xx.o(RESET) refers to drv_gpio.o(i.EXTI4_IRQHandler) for EXTI4_IRQHandler
    startup_stm32f429xx.o(RESET) refers to drv_gpio.o(i.EXTI9_5_IRQHandler) for EXTI9_5_IRQHandler
    startup_stm32f429xx.o(RESET) refers to drv_usart.o(i.USART1_IRQHandler) for USART1_IRQHandler
    startup_stm32f429xx.o(RESET) refers to drv_gpio.o(i.EXTI15_10_IRQHandler) for EXTI15_10_IRQHandler
    startup_stm32f429xx.o(RESET) refers to drv_sdio.o(i.SDIO_IRQHandler) for SDIO_IRQHandler
    startup_stm32f429xx.o(RESET) refers to drv_usart.o(i.DMA2_Stream2_IRQHandler) for DMA2_Stream2_IRQHandler
    startup_stm32f429xx.o(RESET) refers to drv_spi.o(i.DMA2_Stream3_IRQHandler) for DMA2_Stream3_IRQHandler
    startup_stm32f429xx.o(RESET) refers to drv_spi.o(i.DMA2_Stream4_IRQHandler) for DMA2_Stream4_IRQHandler
    startup_stm32f429xx.o(RESET) refers to drv_spi.o(i.SPI5_IRQHandler) for SPI5_IRQHandler
    startup_stm32f429xx.o(.text) refers to system_stm32f4xx.o(i.SystemInit) for SystemInit
    startup_stm32f429xx.o(.text) refers to entry.o(.ARM.Collect$$$$00000000) for __main
    stm32f4xx_hal_msp.o(i.HAL_FMC_MspDeInit) refers to stm32f4xx_hal_gpio.o(i.HAL_GPIO_DeInit) for HAL_GPIO_DeInit
    stm32f4xx_hal_msp.o(i.HAL_FMC_MspDeInit) refers to stm32f4xx_hal_msp.o(.data) for FMC_DeInitialized
    stm32f4xx_hal_msp.o(i.HAL_FMC_MspInit) refers to memseta.o(.text) for __aeabi_memclr4
    stm32f4xx_hal_msp.o(i.HAL_FMC_MspInit) refers to stm32f4xx_hal_gpio.o(i.HAL_GPIO_Init) for HAL_GPIO_Init
    stm32f4xx_hal_msp.o(i.HAL_FMC_MspInit) refers to stm32f4xx_hal_msp.o(.data) for FMC_Initialized
    stm32f4xx_hal_msp.o(i.HAL_SDRAM_MspDeInit) refers to stm32f4xx_hal_msp.o(i.HAL_FMC_MspDeInit) for HAL_FMC_MspDeInit
    stm32f4xx_hal_msp.o(i.HAL_SDRAM_MspInit) refers to stm32f4xx_hal_msp.o(i.HAL_FMC_MspInit) for HAL_FMC_MspInit
    stm32f4xx_hal_msp.o(i.HAL_SD_MspDeInit) refers to stm32f4xx_hal_gpio.o(i.HAL_GPIO_DeInit) for HAL_GPIO_DeInit
    stm32f4xx_hal_msp.o(i.HAL_SD_MspInit) refers to memseta.o(.text) for __aeabi_memclr4
    stm32f4xx_hal_msp.o(i.HAL_SD_MspInit) refers to stm32f4xx_hal_gpio.o(i.HAL_GPIO_Init) for HAL_GPIO_Init
    stm32f4xx_hal_msp.o(i.HAL_SPI_MspDeInit) refers to stm32f4xx_hal_gpio.o(i.HAL_GPIO_DeInit) for HAL_GPIO_DeInit
    stm32f4xx_hal_msp.o(i.HAL_SPI_MspInit) refers to memseta.o(.text) for __aeabi_memclr4
    stm32f4xx_hal_msp.o(i.HAL_SPI_MspInit) refers to stm32f4xx_hal_gpio.o(i.HAL_GPIO_Init) for HAL_GPIO_Init
    stm32f4xx_hal_msp.o(i.HAL_UART_MspDeInit) refers to stm32f4xx_hal_gpio.o(i.HAL_GPIO_DeInit) for HAL_GPIO_DeInit
    stm32f4xx_hal_msp.o(i.HAL_UART_MspDeInit) refers to stm32f4xx_hal_cortex.o(i.HAL_NVIC_DisableIRQ) for HAL_NVIC_DisableIRQ
    stm32f4xx_hal_msp.o(i.HAL_UART_MspInit) refers to memseta.o(.text) for __aeabi_memclr4
    stm32f4xx_hal_msp.o(i.HAL_UART_MspInit) refers to stm32f4xx_hal_gpio.o(i.HAL_GPIO_Init) for HAL_GPIO_Init
    stm32f4xx_hal_msp.o(i.HAL_UART_MspInit) refers to stm32f4xx_hal_cortex.o(i.HAL_NVIC_SetPriority) for HAL_NVIC_SetPriority
    stm32f4xx_hal_msp.o(i.HAL_UART_MspInit) refers to stm32f4xx_hal_cortex.o(i.HAL_NVIC_EnableIRQ) for HAL_NVIC_EnableIRQ
    system_stm32f4xx.o(i.SystemCoreClockUpdate) refers to system_stm32f4xx.o(.data) for SystemCoreClock
    system_stm32f4xx.o(i.SystemCoreClockUpdate) refers to system_stm32f4xx.o(.constdata) for AHBPrescTable
    showmem.o(i.rt_hw_show_memory) refers to kservice.o(i.rt_assert_handler) for rt_assert_handler
    showmem.o(i.rt_hw_show_memory) refers to kservice.o(i.rt_kprintf) for rt_kprintf
    showmem.o(i.rt_hw_show_memory) refers to showmem.o(.constdata) for __FUNCTION__
    context_rvds.o(.text) refers to cpuport.o(i.rt_hw_hard_fault_exception) for rt_hw_hard_fault_exception
    context_rvds.o(.text) refers to cpuport.o(.data) for rt_thread_switch_interrupt_flag
    cpuport.o(i.bus_fault_track) refers to kservice.o(i.rt_kprintf) for rt_kprintf
    cpuport.o(i.hard_fault_track) refers to kservice.o(i.rt_kprintf) for rt_kprintf
[...]
    0x08003f50   0x08003f50   0x00000018   Code   RO         3826    i.SPI5_IRQHandler   drv_spi.o
    0x08003f68   0x08003f68   0x00000014   Code   RO         2101    i.SPI_DMAAbortOnError  stm32f4xx_hal_spi.o
    0x08003f7c   0x08003f7c   0x00000028   Code   RO         2102    i.SPI_DMAError      stm32f4xx_hal_spi.o
    0x08003fa4   0x08003fa4   0x0000000e   Code   RO         2103    i.SPI_DMAHalfReceiveCplt  stm32f4xx_hal_spi.o
    0x08003fb2   0x08003fb2   0x0000000e   Code   RO         2104    i.SPI_DMAHalfTransmitCplt  stm32f4xx_hal_spi.o
    0x08003fc0   0x08003fc0   0x0000000e   Code   RO         2105    i.SPI_DMAHalfTransmitReceiveCplt  stm32f4xx_hal_spi.o
    0x08003fce   0x08003fce   0x0000007c   Code   RO         2106    i.SPI_DMAReceiveCplt  stm32f4xx_hal_spi.o
    0x0800404a   0x0800404a   0x00000080   Code   RO         2108    i.SPI_DMATransmitCplt  stm32f4xx_hal_spi.o
    0x080040ca   0x080040ca   0x00000068   Code   RO         2109    i.SPI_DMATransmitReceiveCplt  stm32f4xx_hal_spi.o
    0x08004132   0x08004132   0x00000094   Code   RO         2111    i.SPI_EndRxTransaction  stm32f4xx_hal_spi.o
    0x080041c6   0x080041c6   0x00000002   PAD
    0x080041c8   0x080041c8   0x0000006c   Code   RO         2112    i.SPI_EndRxTxTransaction  stm32f4xx_hal_spi.o
    0x08004234   0x08004234   0x000000d8   Code   RO         2117    i.SPI_WaitFlagStateUntilTimeout  stm32f4xx_hal_spi.o
    0x0800430c   0x0800430c   0x00000020   Code   RO         3394    i.SysTick_Handler   drv_common.o
    0x0800432c   0x0800432c   0x00000104   Code   RO         3261    i.SystemClock_Config  board.o
    0x08004430   0x08004430   0x00000014   Code   RO          204    i.SystemInit        system_stm32f4xx.o
    0x08004444   0x08004444   0x00000014   Code   RO         2463    i.UART_DMAAbortOnError  stm32f4xx_hal_uart.o
    0x08004458   0x08004458   0x00000050   Code   RO         2464    i.UART_DMAError     stm32f4xx_hal_uart.o
    0x080044a8   0x080044a8   0x000000b0   Code   RO         2465    i.UART_DMAReceiveCplt  stm32f4xx_hal_uart.o
    0x08004558   0x08004558   0x00000020   Code   RO         2467    i.UART_DMARxHalfCplt  stm32f4xx_hal_uart.o
    0x08004578   0x08004578   0x00000058   Code   RO         2469    i.UART_DMATransmitCplt  stm32f4xx_hal_uart.o
    0x080045d0   0x080045d0   0x0000000e   Code   RO         2471    i.UART_DMATxHalfCplt  stm32f4xx_hal_uart.o
    0x080045de   0x080045de   0x0000006c   Code   RO         2473    i.UART_EndRxTransfer  stm32f4xx_hal_uart.o
    0x0800464a   0x0800464a   0x00000020   Code   RO         2474    i.UART_EndTransmit_IT  stm32f4xx_hal_uart.o
    0x0800466a   0x0800466a   0x00000026   Code   RO         2475    i.UART_EndTxTransfer  stm32f4xx_hal_uart.o
    0x08004690   0x08004690   0x000000f8   Code   RO         2476    i.UART_Receive_IT   stm32f4xx_hal_uart.o
    0x08004788   0x08004788   0x0000022c   Code   RO         2477    i.UART_SetConfig    stm32f4xx_hal_uart.o
    0x080049b4   0x080049b4   0x000000d0   Code   RO         2478    i.UART_Start_Receive_DMA  stm32f4xx_hal_uart.o
    0x08004a84   0x08004a84   0x00000060   Code   RO         2480    i.UART_Transmit_IT  stm32f4xx_hal_uart.o
    0x08004ae4   0x08004ae4   0x00000018   Code   RO         3615    i.USART1_IRQHandler  drv_usart.o
    0x08004afc   0x08004afc   0x00000064   Code   RO         3395    i._Error_Handler    drv_common.o
    0x08004b60   0x08004b60   0x00000010   Code   RO          584    i.__NVIC_GetPriorityGrouping  stm32f4xx_hal_cortex.o
    0x08004b70   0x08004b70   0x00000028   Code   RO          585    i.__NVIC_SetPriority  stm32f4xx_hal_cortex.o
    0x08004b98   0x08004b98   0x00000008   Code   RO         9807    i.__aeabi_errno_addr  mc_w.l(errno.o)
    0x08004ba0   0x08004ba0   0x00000034   Code   RO         7643    i.__isleap          time.o
    0x08004bd4   0x08004bd4   0x0000003e   Code   RO         5606    i.__rt_fls          mmcsd_core.o
    0x08004c12   0x08004c12   0x0000000e   Code   RO         9822    i.__scatterload_copy  mc_w.l(handlers.o)
    0x08004c20   0x08004c20   0x00000002   Code   RO         9823    i.__scatterload_null  mc_w.l(handlers.o)
    0x08004c22   0x08004c22   0x0000000e   Code   RO         9824    i.__scatterload_zeroinit  mc_w.l(handlers.o)
    0x08004c30   0x08004c30   0x00000050   Code   RO         3616    i._dma_tx_complete  drv_usart.o
    0x08004c80   0x08004c80   0x0000001a   Code   RO         8693    i._get_path_lastname  dfs_file.o
    0x08004c9a   0x08004c9a   0x00000002   PAD
    0x08004c9c   0x08004c9c   0x0000001c   Code   RO         6749    i._heap_lock        kservice.o
    0x08004cb8   0x08004cb8   0x00000038   Code   RO         6750    i._heap_unlock      kservice.o
    0x08004cf0   0x08004cf0   0x00000018   Code   RO         6420    i._ipc_list_resume  ipc.o
    0x08004d08   0x08004d08   0x00000032   Code   RO         6421    i._ipc_list_resume_all  ipc.o
    0x08004d3a   0x08004d3a   0x00000002   PAD
    0x08004d3c   0x08004d3c   0x00000080   Code   RO         6422    i._ipc_list_suspend  ipc.o
    0x08004dbc   0x08004dbc   0x00000010   Code   RO         6423    i._ipc_object_init  ipc.o
    0x08004dcc   0x08004dcc   0x00000014   Code   RO         7017    i._memheap_alloc    memheap.o
    0x08004de0   0x08004de0   0x0000000c   Code   RO         7018    i._memheap_free     memheap.o
    0x08004dec   0x08004dec   0x00000074   Code   RO         7019    i._memheap_realloc  memheap.o
    0x08004e60   0x08004e60   0x00000042   Code   RO         5607    i._mmcsd_select_card  mmcsd_core.o
    0x08004ea2   0x08004ea2   0x00000002   PAD
    0x08004ea4   0x08004ea4   0x0000009c   Code   RO         8280    i._msh_exec_cmd     msh.o
    0x08004f40   0x08004f40   0x00000048   Code   RO         4836    i._pin_control      pin.o
    0x08004f88   0x08004f88   0x00000054   Code   RO         4837    i._pin_read         pin.o
    0x08004fdc   0x08004fdc   0x00000054   Code   RO         4838    i._pin_write        pin.o
    0x08005030   0x08005030   0x0000001a   Code   RO         7020    i._remove_next_ptr  memheap.o
    0x0800504a   0x0800504a   0x00000002   PAD
    0x0800504c   0x0800504c   0x000000c4   Code   RO         7266    i._rt_scheduler_stack_check  scheduler.o
    0x08005110   0x08005110   0x00000028   Code   RO         7267    i._scheduler_get_highest_priority_thread  scheduler.o
    0x08005138   0x08005138   0x00000048   Code   RO         4908    i._serial_check_buffer_size  serial.o
    0x08005180   0x08005180   0x00000194   Code   RO         4909    i._serial_dma_rx    serial.o
    0x08005314   0x08005314   0x0000005c   Code   RO         4910    i._serial_dma_tx    serial.o
    0x08005370   0x08005370   0x00000064   Code   RO         4911    i._serial_fifo_calc_recved_len  serial.o
    0x080053d4   0x080053d4   0x000000b8   Code   RO         4912    i._serial_int_rx    serial.o
    0x0800548c   0x0800548c   0x00000098   Code   RO         4913    i._serial_int_tx    serial.o
    0x08005524   0x08005524   0x00000064   Code   RO         4914    i._serial_poll_rx   serial.o
    0x08005588   0x08005588   0x00000054   Code   RO         4915    i._serial_poll_tx   serial.o
    0x080055dc   0x080055dc   0x00000014   Code   RO         5087    i._spi_bus_device_control  spi_dev.o
    0x080055f0   0x080055f0   0x00000064   Code   RO         5088    i._spi_bus_device_read  spi_dev.o
    0x08005654   0x08005654   0x00000064   Code   RO         5089    i._spi_bus_device_write  spi_dev.o
    0x080056b8   0x080056b8   0x00000014   Code   RO         5090    i._spidev_device_control  spi_dev.o
    0x080056cc   0x080056cc   0x00000068   Code   RO         5091    i._spidev_device_read  spi_dev.o
    0x08005734   0x08005734   0x00000068   Code   RO         5092    i._spidev_device_write  spi_dev.o
    0x0800579c   0x0800579c   0x00000034   Code   RO         7360    i._thread_exit      thread.o
    0x080057d0   0x080057d0   0x000000d4   Code   RO         7361    i._thread_init      thread.o
    0x080058a4   0x080058a4   0x000000bc   Code   RO         7362    i._thread_timeout   thread.o
    0x08005960   0x08005960   0x00000042   Code   RO         7502    i._timer_init       timer.o
    0x080059a2   0x080059a2   0x0000001c   Code   RO         7504    i._timer_remove     timer.o
    0x080059be   0x080059be   0x00000002   PAD
    0x080059c0   0x080059c0   0x000001b8   Code   RO         5244    i.aai_write         sfud.o
    0x08005b78   0x08005b78   0x00000020   Code   RO         3503    i.bit2bitno         drv_gpio.o
    0x08005b98   0x08005b98   0x000000bc   Code   RO         8100    i.blk_dev_control   fal_rtt.o
    0x08005c54   0x08005c54   0x00000080   Code   RO         8101    i.blk_dev_read      fal_rtt.o
    0x08005cd4   0x08005cd4   0x00000094   Code   RO         8102    i.blk_dev_write     fal_rtt.o
    0x08005d68   0x08005d68   0x000000fc   Code   RO          302    i.bus_fault_track   cpuport.o
    0x08005e64   0x08005e64   0x00000074   Code   RO         8694    i.cat               dfs_file.o
    0x08005ed8   0x08005ed8   0x00000094   Code   RO         8885    i.chdir             dfs_posix.o
    0x08005f6c   0x08005f6c   0x00000104   Code   RO         8012    i.check_and_update_part_cache  fal_partition.o
    0x08006070   0x08006070   0x000000e0   Code   RO         9355    i.check_fs          ff.o
    0x08006150   0x08006150   0x0000004c   Code   RO         5891    i.cistpl_funce_func  sdio.o
    0x0800619c   0x0800619c   0x00000044   Code   RO         5892    i.cistpl_funce_func0  sdio.o
    0x080061e0   0x080061e0   0x00000014   Code   RO         8164    i.clear             cmd.o
    0x080061f4   0x080061f4   0x00000032   Code   RO         9356    i.clmt_clust        ff.o
    0x08006226   0x08006226   0x00000044   Code   RO         8886    i.close             dfs_posix.o
    0x0800626a   0x0800626a   0x0000004a   Code   RO         8887    i.closedir          dfs_posix.o
    0x080062b4   0x080062b4   0x0000001a   Code   RO         9357    i.clst2sect         ff.o
    0x080062ce   0x080062ce   0x00000002   PAD
    0x080062d0   0x080062d0   0x00000060   Code   RO         8374    i.cmd_cat           msh_file.o
    0x08006330   0x08006330   0x0000004c   Code   RO         8375    i.cmd_cd            msh_file.o
    0x0800637c   0x0800637c   0x00000054   Code   RO         8376    i.cmd_cp            msh_file.o
    0x080063d0   0x080063d0   0x00000054   Code   RO         8377    i.cmd_df            msh_file.o
    0x08006424   0x08006424   0x0000009c   Code   RO         8378    i.cmd_echo          msh_file.o
    0x080064c0   0x080064c0   0x00000064   Code   RO         8281    i.cmd_free          msh.o
    0x08006524   0x08006524   0x00000020   Code   RO         8379    i.cmd_ls            msh_file.o
    0x08006544   0x08006544   0x00000080   Code   RO         8380    i.cmd_mkdir         msh_file.o
    0x080065c4   0x080065c4   0x00000094   Code   RO         8381    i.cmd_mkfs          msh_file.o
    0x08006658   0x08006658   0x00000150   Code   RO         8382    i.cmd_mount         msh_file.o
    0x080067a8   0x080067a8   0x00000138   Code   RO         8383    i.cmd_mv            msh_file.o
    0x080068e0   0x080068e0   0x0000000e   Code   RO         8282    i.cmd_ps            msh.o
    0x080068ee   0x080068ee   0x00000002   PAD
    0x080068f0   0x080068f0   0x0000001c   Code   RO         8384    i.cmd_pwd           msh_file.o
    0x0800690c   0x0800690c   0x000001dc   Code   RO         8385    i.cmd_rm            msh_file.o
    0x08006ae8   0x08006ae8   0x000001fc   Code   RO         8386    i.cmd_tail          msh_file.o
    0x08006ce4   0x08006ce4   0x00000088   Code   RO         8387    i.cmd_umount        msh_file.o
    0x08006d6c   0x08006d6c   0x00000098   Code   RO         9358    i.cmp_lfn           ff.o
    0x08006e04   0x08006e04   0x0000016c   Code   RO         8695    i.copy              dfs_file.o
    0x08006f70   0x08006f70   0x0000013c   Code   RO         8696    i.copydir           dfs_file.o
    0x080070ac   0x080070ac   0x0000010c   Code   RO         8697    i.copyfile          dfs_file.o
    0x080071b8   0x080071b8   0x00000120   Code   RO         9359    i.create_chain      ff.o
    0x080072d8   0x080072d8   0x00000268   Code   RO         9360    i.create_name       ff.o
    0x08007540   0x08007540   0x0000015a   Code   RO         9361    i.create_partition  ff.o
    0x0800769a   0x0800769a   0x0000000c   Code   RO         9362    i.dbc_1st           ff.o
    0x080076a6   0x080076a6   0x0000000c   Code   RO         9363    i.dbc_2nd           ff.o
    0x080076b2   0x080076b2   0x00000002   PAD
    0x080076b4   0x080076b4   0x00000010   Code   RO         9046    i.devfs_init        devfs.o
    0x080076c4   0x080076c4   0x00000124   Code   RO         8816    i.df                dfs_fs.o
    0x080077e8   0x080077e8   0x00000098   Code   RO         9047    i.dfs_device_fs_close  devfs.o
    0x08007880   0x08007880   0x00000098   Code   RO         9048    i.dfs_device_fs_getdents  devfs.o
    0x08007918   0x08007918   0x00000064   Code   RO         9049    i.dfs_device_fs_ioctl  devfs.o
    0x0800797c   0x0800797c   0x00000006   Code   RO         9050    i.dfs_device_fs_mount  devfs.o
    0x08007982   0x08007982   0x00000002   PAD
    0x08007984   0x08007984   0x0000014c   Code   RO         9051    i.dfs_device_fs_open  devfs.o
    0x08007ad0   0x08007ad0   0x00000006   Code   RO         9052    i.dfs_device_fs_poll  devfs.o
    0x08007ad6   0x08007ad6   0x00000002   PAD
    0x08007ad8   0x08007ad8   0x00000068   Code   RO         9053    i.dfs_device_fs_read  devfs.o
    0x08007b40   0x08007b40   0x00000094   Code   RO         9054    i.dfs_device_fs_stat  devfs.o
    0x08007bd4   0x08007bd4   0x00000068   Code   RO         9055    i.dfs_device_fs_write  devfs.o
    0x08007c3c   0x08007c3c   0x00000078   Code   RO         9138    i.dfs_elm_close     dfs_elm.o
    0x08007cb4   0x08007cb4   0x00000038   Code   RO         9139    i.dfs_elm_flush     dfs_elm.o
    0x08007cec   0x08007cec   0x000000e8   Code   RO         9140    i.dfs_elm_getdents  dfs_elm.o
    0x08007dd4   0x08007dd4   0x00000074   Code   RO         9141    i.dfs_elm_ioctl     dfs_elm.o
    0x08007e48   0x08007e48   0x00000094   Code   RO         9142    i.dfs_elm_lseek     dfs_elm.o
    0x08007edc   0x08007edc   0x00000160   Code   RO         9143    i.dfs_elm_mkfs      dfs_elm.o
    0x0800803c   0x0800803c   0x00000108   Code   RO         9144    i.dfs_elm_mount     dfs_elm.o
    0x08008144   0x08008144   0x0000016c   Code   RO         9145    i.dfs_elm_open      dfs_elm.o
    0x080082b0   0x080082b0   0x0000005c   Code   RO         9146    i.dfs_elm_read      dfs_elm.o
    0x0800830c   0x0800830c   0x00000064   Code   RO         9147    i.dfs_elm_rename    dfs_elm.o
    0x08008370   0x08008370   0x00000108   Code   RO         9148    i.dfs_elm_stat      dfs_elm.o
    0x08008478   0x08008478   0x000000a0   Code   RO         9149    i.dfs_elm_statfs    dfs_elm.o
    0x08008518   0x08008518   0x0000005c   Code   RO         9150    i.dfs_elm_unlink    dfs_elm.o
    0x08008574   0x08008574   0x0000007c   Code   RO         9151    i.dfs_elm_unmount   dfs_elm.o
    0x080085f0   0x080085f0   0x00000060   Code   RO         9152    i.dfs_elm_write     dfs_elm.o
    0x08008650   0x08008650   0x00000008   Code   RO         8595    i.dfs_fdtable_get   dfs.o
    0x08008658   0x08008658   0x00000034   Code   RO         8698    i.dfs_file_close    dfs_file.o
    0x0800868c   0x0800868c   0x00000030   Code   RO         8701    i.dfs_file_getdents  dfs_file.o
    0x080086bc   0x080086bc   0x00000030   Code   RO         8703    i.dfs_file_lseek    dfs_file.o
    0x080086ec   0x080086ec   0x000000dc   Code   RO         8704    i.dfs_file_open     dfs_file.o
    0x080087c8   0x080087c8   0x0000003c   Code   RO         8705    i.dfs_file_read     dfs_file.o
    0x08008804   0x08008804   0x000000aa   Code   RO         8706    i.dfs_file_rename   dfs_file.o
    0x080088ae   0x080088ae   0x00000002   PAD
    0x080088b0   0x080088b0   0x00000160   Code   RO         8707    i.dfs_file_stat     dfs_file.o
    0x08008a10   0x08008a10   0x0000009c   Code   RO         8708    i.dfs_file_unlink   dfs_file.o
    0x08008aac   0x08008aac   0x0000002a   Code   RO         8709    i.dfs_file_write    dfs_file.o
    0x08008ad6   0x08008ad6   0x00000002   PAD
    0x08008ad8   0x08008ad8   0x00000038   Code   RO         8817    i.dfs_filesystem_get_mounted_path  dfs_fs.o
    0x08008b10   0x08008b10   0x00000130   Code   RO         8818    i.dfs_filesystem_get_partition  dfs_fs.o
    0x08008c40   0x08008c40   0x00000084   Code   RO         8819    i.dfs_filesystem_lookup  dfs_fs.o
    0x08008cc4   0x08008cc4   0x000000ac   Code   RO         8596    i.dfs_init          dfs.o
    0x08008d70   0x08008d70   0x00000034   Code   RO         8597    i.dfs_lock          dfs.o
    0x08008da4   0x08008da4   0x0000015c   Code   RO         8820    i.dfs_mkfs          dfs_fs.o
    0x08008f00   0x08008f00   0x0000020c   Code   RO         8821    i.dfs_mount         dfs_fs.o
    0x0800910c   0x0800910c   0x00000178   Code   RO         8598    i.dfs_normalize_path  dfs.o
    0x08009284   0x08009284   0x000000d0   Code   RO         8822    i.dfs_register      dfs_fs.o
    0x08009354   0x08009354   0x00000028   Code   RO         8823    i.dfs_statfs        dfs_fs.o
    0x0800937c   0x0800937c   0x00000038   Code   RO         8599    i.dfs_subdir        dfs.o
    0x080093b4   0x080093b4   0x00000010   Code   RO         8600    i.dfs_unlock        dfs.o
    0x080093c4   0x080093c4   0x000000a0   Code   RO         8824    i.dfs_unmount       dfs_fs.o
    0x08009464   0x08009464   0x00000060   Code   RO         9364    i.dir_alloc         ff.o
    0x080094c4   0x080094c4   0x000000c2   Code   RO         9365    i.dir_clear         ff.o
    0x08009586   0x08009586   0x000000fc   Code   RO         9366    i.dir_find          ff.o
    0x08009682   0x08009682   0x000000ca   Code   RO         9367    i.dir_next          ff.o
    0x0800974c   0x0800974c   0x000000d2   Code   RO         9368    i.dir_read          ff.o
    0x0800981e   0x0800981e   0x00000146   Code   RO         9369    i.dir_register      ff.o
    0x08009964   0x08009964   0x00000060   Code   RO         9370    i.dir_remove        ff.o
    0x080099c4   0x080099c4   0x0000009a   Code   RO         9371    i.dir_sdi           ff.o
    0x08009a5e   0x08009a5e   0x00000002   PAD
    0x08009a60   0x08009a60   0x00000130   Code   RO         8388    i.directory_delete_for_msh  msh_file.o
    0x08009b90   0x08009b90   0x00000006   Code   RO         9153    i.disk_initialize   dfs_elm.o
    0x08009b96   0x08009b96   0x00000002   PAD
    0x08009b98   0x08009b98   0x000000a0   Code   RO         9154    i.disk_ioctl        dfs_elm.o
    0x08009c38   0x08009c38   0x00000034   Code   RO         9155    i.disk_read         dfs_elm.o
    0x08009c6c   0x08009c6c   0x00000006   Code   RO         9156    i.disk_status       dfs_elm.o
    0x08009c72   0x08009c72   0x00000002   PAD
    0x08009c74   0x08009c74   0x00000034   Code   RO         9157    i.disk_write        dfs_elm.o
    0x08009ca8   0x08009ca8   0x00000088   Code   RO         3617    i.dma_isr           drv_usart.o
    0x08009d30   0x08009d30   0x00000024   Code   RO         9372    i.elm_get_vol       ff.o
    0x08009d54   0x08009d54   0x00000010   Code   RO         9158    i.elm_init          dfs_elm.o
    0x08009d64   0x08009d64   0x00000058   Code   RO         9159    i.elm_result_to_dfs  dfs_elm.o
    0x08009dbc   0x08009dbc   0x00000358   Code   RO         4216    i.elmfat_mount      mount_table.o
    0x0800a114   0x0800a114   0x0000009c   Code   RO         4149    i.erase             fal_flash_sfud_port.o
    0x0800a1b0   0x0800a1b0   0x0000002a   Code   RO         9373    i.f_close           ff.o
    0x0800a1da   0x0800a1da   0x000000fe   Code   RO         9375    i.f_getfree         ff.o
    0x0800a2d8   0x0800a2d8   0x0000033c   Code   RO         9376    i.f_lseek           ff.o
    0x0800a614   0x0800a614   0x00000136   Code   RO         9377    i.f_mkdir           ff.o
    0x0800a74a   0x0800a74a   0x00000002   PAD
    0x0800a74c   0x0800a74c   0x00000754   Code   RO         9378    i.f_mkfs            ff.o
    0x0800aea0   0x0800aea0   0x00000078   Code   RO         9379    i.f_mount           ff.o
    0x0800af18   0x0800af18   0x00000226   Code   RO         9380    i.f_open            ff.o
    0x0800b13e   0x0800b13e   0x0000009a   Code   RO         9381    i.f_opendir         ff.o
    0x0800b1d8   0x0800b1d8   0x00000200   Code   RO         9382    i.f_read            ff.o
    0x0800b3d8   0x0800b3d8   0x00000078   Code   RO         9383    i.f_readdir         ff.o
    0x0800b450   0x0800b450   0x0000014a   Code   RO         9384    i.f_rename          ff.o
    0x0800b59a   0x0800b59a   0x0000003e   Code   RO         9385    i.f_seekdir         ff.o
    0x0800b5d8   0x0800b5d8   0x00000068   Code   RO         9386    i.f_stat            ff.o
    0x0800b640   0x0800b640   0x000000b0   Code   RO         9387    i.f_sync            ff.o
    0x0800b6f0   0x0800b6f0   0x000000d2   Code   RO         9388    i.f_truncate        ff.o
    0x0800b7c2   0x0800b7c2   0x000000d4   Code   RO         9389    i.f_unlink          ff.o
    0x0800b896   0x0800b896   0x00000244   Code   RO         9390    i.f_write           ff.o
    0x0800bada   0x0800bada   0x00000002   PAD
    0x0800badc   0x0800badc   0x00000a7c   Code   RO         8105    i.fal               fal_rtt.o
    0x0800c558   0x0800c558   0x000001d8   Code   RO         8106    i.fal_blk_device_create  fal_rtt.o
    0x0800c730   0x0800c730   0x0000008c   Code   RO         7978    i.fal_flash_device_find  fal_flash.o
    0x0800c7bc   0x0800c7bc   0x00000018   Code   RO         3911    i.fal_flash_erase_128k  drv_flash_f4.o
    0x0800c7d4   0x0800c7d4   0x00000018   Code   RO         3912    i.fal_flash_erase_16k  drv_flash_f4.o
    0x0800c7ec   0x0800c7ec   0x00000018   Code   RO         3913    i.fal_flash_erase_64k  drv_flash_f4.o
    0x0800c804   0x0800c804   0x00000158   Code   RO         7979    i.fal_flash_init    fal_flash.o
    0x0800c95c   0x0800c95c   0x0000001c   Code   RO         3914    i.fal_flash_read_128k  drv_flash_f4.o
    0x0800c978   0x0800c978   0x0000001c   Code   RO         3915    i.fal_flash_read_16k  drv_flash_f4.o
    0x0800c994   0x0800c994   0x0000001c   Code   RO         3916    i.fal_flash_read_64k  drv_flash_f4.o
    0x0800c9b0   0x0800c9b0   0x0000001c   Code   RO         3917    i.fal_flash_write_128k  drv_flash_f4.o
    0x0800c9cc   0x0800c9cc   0x0000001c   Code   RO         3918    i.fal_flash_write_16k  drv_flash_f4.o
    0x0800c9e8   0x0800c9e8   0x0000001c   Code   RO         3919    i.fal_flash_write_64k  drv_flash_f4.o
    0x0800ca04   0x0800ca04   0x00000110   Code   RO         7945    i.fal_init          fal.o
    0x0800cb14   0x0800cb14   0x0000000c   Code   RO         7946    i.fal_init_check    fal.o
    0x0800cb20   0x0800cb20   0x00000170   Code   RO         8014    i.fal_partition_erase  fal_partition.o
    0x0800cc90   0x0800cc90   0x00000080   Code   RO         8016    i.fal_partition_find  fal_partition.o
    0x0800cd10   0x0800cd10   0x0000004c   Code   RO         8017    i.fal_partition_init  fal_partition.o
    0x0800cd5c   0x0800cd5c   0x00000188   Code   RO         8018    i.fal_partition_read  fal_partition.o
    0x0800cee4   0x0800cee4   0x0000018c   Code   RO         8019    i.fal_partition_write  fal_partition.o
    0x0800d070   0x0800d070   0x00000250   Code   RO         8021    i.fal_show_part_table  fal_partition.o
    0x0800d2c0   0x0800d2c0   0x0000009e   Code   RO         8601    i.fd_alloc          dfs.o
    0x0800d35e   0x0800d35e   0x00000046   Code   RO         8602    i.fd_get            dfs.o
    0x0800d3a4   0x0800d3a4   0x000000a6   Code   RO         8603    i.fd_is_open        dfs.o
    0x0800d44a   0x0800d44a   0x00000002   PAD
    0x0800d44c   0x0800d44c   0x000000a8   Code   RO         8604    i.fd_new            dfs.o
    0x0800d4f4   0x0800d4f4   0x00000064   Code   RO         8605    i.fd_put            dfs.o
    0x0800d558   0x0800d558   0x00000030   Code   RO         9160    i.ff_cre_syncobj    dfs_elm.o
    0x0800d588   0x0800d588   0x00000010   Code   RO         9161    i.ff_del_syncobj    dfs_elm.o
    0x0800d598   0x0800d598   0x0000000c   Code   RO         9162    i.ff_memalloc       dfs_elm.o
    0x0800d5a4   0x0800d5a4   0x0000000c   Code   RO         9163    i.ff_memfree        dfs_elm.o
    0x0800d5b0   0x0800d5b0   0x0000002c   Code   RO         9696    i.ff_oem2uni        ffunicode.o
    0x0800d5dc   0x0800d5dc   0x0000000c   Code   RO         9164    i.ff_rel_grant      dfs_elm.o
    0x0800d5e8   0x0800d5e8   0x00000018   Code   RO         9165    i.ff_req_grant      dfs_elm.o
    0x0800d600   0x0800d600   0x00000040   Code   RO         9697    i.ff_uni2oem        ffunicode.o
    0x0800d640   0x0800d640   0x000000b0   Code   RO         9698    i.ff_wtoupper       ffunicode.o
    0x0800d6f0   0x0800d6f0   0x00000078   Code   RO         9391    i.find_volume       ff.o
    0x0800d768   0x0800d768   0x00000078   Code   RO         8485    i.finsh_get_prompt  shell.o
    0x0800d7e0   0x0800d7e0   0x00000084   Code   RO         8487    i.finsh_getchar     shell.o
    0x0800d864   0x0800d864   0x00000040   Code   RO         8488    i.finsh_rx_ind      shell.o
    0x0800d8a4   0x0800d8a4   0x000000e0   Code   RO         8489    i.finsh_set_device  shell.o
    0x0800d984   0x0800d984   0x00000048   Code   RO         8492    i.finsh_set_prompt_mode  shell.o
    0x0800d9cc   0x0800d9cc   0x00000014   Code   RO         8493    i.finsh_system_function_init  shell.o
    0x0800d9e0   0x0800d9e0   0x0000009c   Code   RO         8494    i.finsh_system_init  shell.o
    0x0800da7c   0x0800da7c   0x00000500   Code   RO         8495    i.finsh_thread_entry  shell.o
    0x0800df7c   0x0800df7c   0x000000c8   Code   RO         8022    i.flash_device_find_by_part  fal_partition.o
    0x0800e044   0x0800e044   0x0000009e   Code   RO         9392    i.follow_path       ff.o
    0x0800e0e2   0x0800e0e2   0x00000002   PAD
    0x0800e0e4   0x0800e0e4   0x000000d4   Code   RO         9393    i.gen_numname       ff.o
    0x0800e1b8   0x0800e1b8   0x00000024   Code   RO         9166    i.get_disk          dfs_elm.o
    0x0800e1dc   0x0800e1dc   0x000000e0   Code   RO         9394    i.get_fat           ff.o
    0x0800e2bc   0x0800e2bc   0x00000054   Code   RO         9167    i.get_fattime       dfs_elm.o
    0x0800e310   0x0800e310   0x00000182   Code   RO         9395    i.get_fileinfo      ff.o
    0x0800e492   0x0800e492   0x0000004e   Code   RO         9396    i.get_ldnumber      ff.o
    0x0800e4e0   0x0800e4e0   0x000000a0   Code   RO         4021    i.get_order         drv_sdio.o
    0x0800e580   0x0800e580   0x00000054   Code   RO         7649    i.get_timeval       time.o
    0x0800e5d4   0x0800e5d4   0x00000020   Code   RO         8893    i.getcwd            dfs_posix.o
    0x0800e5f4   0x0800e5f4   0x00000014   Code   RO         7651    i.gmtime            time.o
    0x0800e608   0x0800e608   0x000000d4   Code   RO         7652    i.gmtime_r          time.o
    0x0800e6dc   0x0800e6dc   0x00000080   Code   RO          303    i.hard_fault_track  cpuport.o
    0x0800e75c   0x0800e75c   0x000002e4   Code   RO         5245    i.hardware_init     sfud.o
    0x0800ea40   0x0800ea40   0x00000044   Code   RO         4150    i.init              fal_flash_sfud_port.o
    0x0800ea84   0x0800ea84   0x000000bc   Code   RO         5525    i.init_mmc          mmc.o
    0x0800eb40   0x0800eb40   0x000000c0   Code   RO         5811    i.init_sd           sd.o
    0x0800ec00   0x0800ec00   0x00000150   Code   RO         5893    i.init_sdio         sdio.o
    0x0800ed50   0x0800ed50   0x00000026   Code   RO         9397    i.ld_clust          ff.o
    0x0800ed76   0x0800ed76   0x00000018   Code   RO         9398    i.ld_dword          ff.o
    0x0800ed8e   0x0800ed8e   0x0000000c   Code   RO         9399    i.ld_word           ff.o
    0x0800ed9a   0x0800ed9a   0x00000002   PAD
    0x0800ed9c   0x0800ed9c   0x00000118   Code   RO         8165    i.list_device       cmd.o
    0x0800eeb4   0x0800eeb4   0x00000144   Code   RO         8166    i.list_event        cmd.o
    0x0800eff8   0x0800eff8   0x00000184   Code   RO         8606    i.list_fd           dfs.o
    0x0800f17c   0x0800f17c   0x0000002a   Code   RO         8167    i.list_find_init    cmd.o
    0x0800f1a6   0x0800f1a6   0x00000088   Code   RO         8168    i.list_get_next     cmd.o
    0x0800f22e   0x0800f22e   0x00000002   PAD
    0x0800f230   0x0800f230   0x0000015c   Code   RO         8169    i.list_mailbox      cmd.o
    0x0800f38c   0x0800f38c   0x00000120   Code   RO         8170    i.list_memheap      cmd.o
    0x0800f4ac   0x0800f4ac   0x00000174   Code   RO         8171    i.list_mempool      cmd.o
    0x0800f620   0x0800f620   0x00000144   Code   RO         8172    i.list_msgqueue     cmd.o
    0x0800f764   0x0800f764   0x0000010c   Code   RO         8173    i.list_mutex        cmd.o
    0x0800f870   0x0800f870   0x00000138   Code   RO         8174    i.list_sem          cmd.o
    0x0800f9a8   0x0800f9a8   0x000001e4   Code   RO         8175    i.list_thread       cmd.o
    0x0800fb8c   0x0800fb8c   0x000001a8   Code   RO         8176    i.list_timer        cmd.o
    0x0800fd34   0x0800fd34   0x0000000c   Code   RO         9400    i.lock_fs           ff.o
    0x0800fd40   0x0800fd40   0x00000134   Code   RO         8710    i.ls                dfs_file.o
    0x0800fe74   0x0800fe74   0x00000096   Code   RO         8895    i.lseek             dfs_posix.o
    0x0800ff0a   0x0800ff0a   0x00000038   Code   RO         3358    i.main              main.o
    0x0800ff42   0x0800ff42   0x0000000e   Code   RO         6203    i.main_thread_entry  components.o
    0x0800ff50   0x0800ff50   0x0000002c   Code   RO         5246    i.make_adress_byte_array  sfud.o
    0x0800ff7c   0x0800ff7c   0x000000e8   Code   RO          304    i.mem_manage_fault_track  cpuport.o
    0x08010064   0x08010064   0x0000006c   Code   RO         8896    i.mkdir             dfs_posix.o
    0x080100d0   0x080100d0   0x000001ae   Code   RO         5526    i.mmc_compare_ext_csds  mmc.o
    0x0801027e   0x0801027e   0x00000002   PAD
    0x08010280   0x08010280   0x000000f8   Code   RO         5527    i.mmc_get_ext_csd   mmc.o
    0x08010378   0x08010378   0x000000ec   Code   RO         5528    i.mmc_parse_ext_csd  mmc.o
    0x08010464   0x08010464   0x0000019c   Code   RO         5529    i.mmc_select_bus_width  mmc.o
    0x08010600   0x08010600   0x00000098   Code   RO         5530    i.mmc_send_op_cond  mmc.o
    0x08010698   0x08010698   0x00000036   Code   RO         5531    i.mmc_set_card_addr  mmc.o
    0x080106ce   0x080106ce   0x0000004e   Code   RO         5532    i.mmc_switch        mmc.o
    0x0801071c   0x0801071c   0x00000040   Code   RO         5608    i.mmcsd_all_get_cid  mmcsd_core.o
    0x0801075c   0x0801075c   0x000000b4   Code   RO         5609    i.mmcsd_alloc_host  mmcsd_core.o
    0x08010810   0x08010810   0x0000005a   Code   RO         5812    i.mmcsd_app_cmd     sd.o
    0x0801086a   0x0801086a   0x00000050   Code   RO         5813    i.mmcsd_app_set_bus_width  sd.o
    0x080108ba   0x080108ba   0x00000002   PAD
    0x080108bc   0x080108bc   0x00000014   Code   RO         5610    i.mmcsd_change      mmcsd_core.o
    0x080108d0   0x080108d0   0x00000016   Code   RO         5533    i.mmcsd_delay_ms    mmc.o
    0x080108e6   0x080108e6   0x00000016   Code   RO         5611    i.mmcsd_delay_ms    mmcsd_core.o
    0x080108fc   0x080108fc   0x00000150   Code   RO         5613    i.mmcsd_detect      mmcsd_core.o
    0x08010a4c   0x08010a4c   0x0000003c   Code   RO         5814    i.mmcsd_get_card_addr  sd.o
    0x08010a88   0x08010a88   0x00000138   Code   RO         5615    i.mmcsd_get_cid     mmcsd_core.o
    0x08010bc0   0x08010bc0   0x00000130   Code   RO         5616    i.mmcsd_get_csd     mmcsd_core.o
    0x08010cf0   0x08010cf0   0x000000be   Code   RO         5815    i.mmcsd_get_scr     sd.o
    0x08010dae   0x08010dae   0x00000062   Code   RO         5617    i.mmcsd_go_idle     mmcsd_core.o
    0x08010e10   0x08010e10   0x00000012   Code   RO         5618    i.mmcsd_host_lock   mmcsd_core.o
    0x08010e22   0x08010e22   0x0000000e   Code   RO         5619    i.mmcsd_host_unlock  mmcsd_core.o
    0x08010e30   0x08010e30   0x000001a4   Code   RO         5534    i.mmcsd_mmc_init_card  mmc.o
    0x08010fd4   0x08010fd4   0x000001c4   Code   RO         5535    i.mmcsd_parse_csd   mmc.o
    0x08011198   0x08011198   0x000002dc   Code   RO         5816    i.mmcsd_parse_csd   sd.o
    0x08011474   0x08011474   0x0000002e   Code   RO         5817    i.mmcsd_parse_scr   sd.o
    0x080114a2   0x080114a2   0x0000002c   Code   RO         5620    i.mmcsd_power_off   mmcsd_core.o
    0x080114ce   0x080114ce   0x00000054   Code   RO         5621    i.mmcsd_power_up    mmcsd_core.o
    0x08011522   0x08011522   0x0000000e   Code   RO         5622    i.mmcsd_req_complete  mmcsd_core.o
    0x08011530   0x08011530   0x000001b8   Code   RO         5818    i.mmcsd_sd_init_card  sd.o
    0x080116e8   0x080116e8   0x0000000e   Code   RO         5623    i.mmcsd_select_card  mmcsd_core.o
    0x080116f6   0x080116f6   0x00000002   PAD
    0x080116f8   0x080116f8   0x00000084   Code   RO         5624    i.mmcsd_select_voltage  mmcsd_core.o
    0x0801177c   0x0801177c   0x00000090   Code   RO         5819    i.mmcsd_send_app_cmd  sd.o
    0x0801180c   0x0801180c   0x000000b0   Code   RO         5820    i.mmcsd_send_app_op_cond  sd.o
    0x080118bc   0x080118bc   0x00000032   Code   RO         5625    i.mmcsd_send_cmd    mmcsd_core.o
    0x080118ee   0x080118ee   0x00000002   PAD
    0x080118f0   0x080118f0   0x00000060   Code   RO         5821    i.mmcsd_send_if_cond  sd.o
    0x08011950   0x08011950   0x0000006a   Code   RO         5626    i.mmcsd_send_request  mmcsd_core.o
    0x080119ba   0x080119ba   0x00000002   PAD
    0x080119bc   0x080119bc   0x000000a4   Code   RO         5435    i.mmcsd_set_blksize  block_dev.o
    0x08011a60   0x08011a60   0x00000010   Code   RO         5627    i.mmcsd_set_bus_mode  mmcsd_core.o
    0x08011a70   0x08011a70   0x00000010   Code   RO         5628    i.mmcsd_set_bus_width  mmcsd_core.o
    0x08011a80   0x08011a80   0x00000010   Code   RO         5629    i.mmcsd_set_chip_select  mmcsd_core.o
    0x08011a90   0x08011a90   0x00000054   Code   RO         5630    i.mmcsd_set_clock   mmcsd_core.o
    0x08011ae4   0x08011ae4   0x000000d4   Code   RO         5631    i.mmcsd_set_data_timeout  mmcsd_core.o
    0x08011bb8   0x08011bb8   0x00000014   Code   RO         5632    i.mmcsd_set_iocfg   mmcsd_core.o
    0x08011bcc   0x08011bcc   0x0000003e   Code   RO         5633    i.mmcsd_spi_read_ocr  mmcsd_core.o
    0x08011c0a   0x08011c0a   0x00000032   Code   RO         5634    i.mmcsd_spi_use_crc  mmcsd_core.o
    0x08011c3c   0x08011c3c   0x000001c4   Code   RO         5822    i.mmcsd_switch      sd.o
    0x08011e00   0x08011e00   0x000002b4   Code   RO         9401    i.mount_volume      ff.o
    0x080120b4   0x080120b4   0x00000034   Code   RO         9402    i.move_window       ff.o
    0x080120e8   0x080120e8   0x000000ac   Code   RO         8283    i.msh_auto_complete  msh.o
    0x08012194   0x08012194   0x00000198   Code   RO         8284    i.msh_auto_complete_path  msh.o
    0x0801232c   0x0801232c   0x0000007c   Code   RO         8285    i.msh_exec          msh.o
    0x080123a8   0x080123a8   0x00000138   Code   RO         8389    i.msh_exec_script   msh_file.o
    0x080124e0   0x080124e0   0x00000040   Code   RO         8286    i.msh_get_cmd       msh.o
    0x08012520   0x08012520   0x00000064   Code   RO         8287    i.msh_help          msh.o
    0x08012584   0x08012584   0x0000007a   Code   RO         8390    i.msh_readline      msh_file.o
    0x080125fe   0x080125fe   0x00000002   PAD
    0x08012600   0x08012600   0x000000f0   Code   RO         8288    i.msh_split         msh.o
    0x080126f0   0x080126f0   0x0000001c   Code   RO         8177    i.object_split      cmd.o
    0x0801270c   0x0801270c   0x0000005c   Code   RO         8897    i.open              dfs_posix.o
    0x08012768   0x08012768   0x00000080   Code   RO         8898    i.opendir           dfs_posix.o
    0x080127e8   0x080127e8   0x00000194   Code   RO         5247    i.page256_or_1_byte_write  sfud.o
    0x0801297c   0x0801297c   0x0000008c   Code   RO         9403    i.pick_lfn          ff.o
    0x08012a08   0x08012a08   0x00000198   Code   RO         6752    i.print_number      kservice.o
    0x08012ba0   0x08012ba0   0x00000138   Code   RO         9404    i.put_fat           ff.o
    0x08012cd8   0x08012cd8   0x00000080   Code   RO         9405    i.put_lfn           ff.o
    0x08012d58   0x08012d58   0x00000042   Code   RO         9406    i.put_utf           ff.o
    0x08012d9a   0x08012d9a   0x00000002   PAD
    0x08012d9c   0x08012d9c   0x00000098   Code   RO         4151    i.read              fal_flash_sfud_port.o
    0x08012e34   0x08012e34   0x00000050   Code   RO         8899    i.read              dfs_posix.o
    0x08012e84   0x08012e84   0x00000108   Code   RO         5395    i.read_basic_header  sfud_sfdp.o
    0x08012f8c   0x08012f8c   0x0000031c   Code   RO         5396    i.read_basic_table  sfud_sfdp.o
    0x080132a8   0x080132a8   0x00000094   Code   RO         5248    i.read_jedec_id     sfud.o
    0x0801333c   0x0801333c   0x00000040   Code   RO         5397    i.read_sfdp_data    sfud_sfdp.o
    0x0801337c   0x0801337c   0x00000104   Code   RO         5398    i.read_sfdp_header  sfud_sfdp.o
    0x08013480   0x08013480   0x00000084   Code   RO         8900    i.readdir           dfs_posix.o
    0x08013504   0x08013504   0x0000000c   Code   RO         3396    i.reboot            drv_common.o
    0x08013510   0x08013510   0x0000009a   Code   RO         9407    i.remove_chain      ff.o
    0x080135aa   0x080135aa   0x00000024   Code   RO         8901    i.rename            dfs_posix.o
    0x080135ce   0x080135ce   0x00000002   PAD
    0x080135d0   0x080135d0   0x000000c8   Code   RO         5249    i.reset             sfud.o
    0x08013698   0x08013698   0x0000000a   Code   RO         5136    i.retry_delay_100us  spi_flash_sfud.o
    0x080136a2   0x080136a2   0x00000038   Code   RO         8902    i.rewinddir         dfs_posix.o
    0x080136da   0x080136da   0x00000002   PAD
    0x080136dc   0x080136dc   0x00000050   Code   RO         6204    i.rt_application_init  components.o
    0x0801372c   0x0801372c   0x00000074   Code   RO         6753    i.rt_assert_handler  kservice.o
    0x080137a0   0x080137a0   0x00000022   Code   RO         6755    i.rt_calloc         kservice.o
    0x080137c2   0x080137c2   0x00000002   PAD
    0x080137c4   0x080137c4   0x00000068   Code   RO         4317    i.rt_completion_done  completion.o
    0x0801382c   0x0801382c   0x00000048   Code   RO         4318    i.rt_completion_init  completion.o
    0x08013874   0x08013874   0x000001fc   Code   RO         4319    i.rt_completion_wait  completion.o
    0x08013a70   0x08013a70   0x0000001c   Code   RO         6205    i.rt_components_board_init  components.o
    0x08013a8c   0x08013a8c   0x0000001c   Code   RO         6206    i.rt_components_init  components.o
    0x08013aa8   0x08013aa8   0x0000000c   Code   RO         6756    i.rt_console_get_device  kservice.o
    0x08013ab4   0x08013ab4   0x0000003c   Code   RO         6757    i.rt_console_set_device  kservice.o
    0x08013af0   0x08013af0   0x0000000c   Code   RO         7268    i.rt_critical_level  scheduler.o
    0x08013afc   0x08013afc   0x00000084   Code   RO         4350    i.rt_data_queue_deinit  dataqueue.o
    0x08013b80   0x08013b80   0x000000a4   Code   RO         4351    i.rt_data_queue_init  dataqueue.o
    0x08013c24   0x08013c24   0x000000b4   Code   RO         4352    i.rt_data_queue_len  dataqueue.o
    0x08013cd8   0x08013cd8   0x000000a4   Code   RO         4353    i.rt_data_queue_peek  dataqueue.o
    0x08013d7c   0x08013d7c   0x000002e4   Code   RO         4354    i.rt_data_queue_pop  dataqueue.o
    0x08014060   0x08014060   0x00000280   Code   RO         4355    i.rt_data_queue_push  dataqueue.o
    0x080142e0   0x080142e0   0x000000f8   Code   RO         4356    i.rt_data_queue_reset  dataqueue.o
    0x080143d8   0x080143d8   0x0000003c   Code   RO         6362    i.rt_defunct_execute  idle.o
    0x08014414   0x08014414   0x000000ac   Code   RO         6277    i.rt_device_close   device.o
    0x080144c0   0x080144c0   0x00000094   Code   RO         6278    i.rt_device_control  device.o
    0x08014554   0x08014554   0x0000000e   Code   RO         6281    i.rt_device_find    device.o
    0x08014562   0x08014562   0x00000002   PAD
    0x08014564   0x08014564   0x00000108   Code   RO         6283    i.rt_device_open    device.o
    0x0801466c   0x0801466c   0x00000048   Code   RO         4839    i.rt_device_pin_register  pin.o
    0x080146b4   0x080146b4   0x000000b4   Code   RO         6284    i.rt_device_read    device.o
    0x08014768   0x08014768   0x00000034   Code   RO         6285    i.rt_device_register  device.o
    0x0801479c   0x0801479c   0x00000080   Code   RO         6286    i.rt_device_set_rx_indicate  device.o
    0x0801481c   0x0801481c   0x000000b8   Code   RO         6288    i.rt_device_unregister  device.o
    0x080148d4   0x080148d4   0x000000b4   Code   RO         6289    i.rt_device_write   device.o
    0x08014988   0x08014988   0x0000000c   Code   RO         4916    i.rt_dma_calc_recved_len  serial.o
    0x08014994   0x08014994   0x0000009c   Code   RO         4917    i.rt_dma_recv_update_get_index  serial.o
    0x08014a30   0x08014a30   0x000000a8   Code   RO         4918    i.rt_dma_recv_update_put_index  serial.o
    0x08014ad8   0x08014ad8   0x00000020   Code   RO         7269    i.rt_enter_critical  scheduler.o
    0x08014af8   0x08014af8   0x00000094   Code   RO         6428    i.rt_event_init     ipc.o
    0x08014b8c   0x08014b8c   0x00000278   Code   RO         6429    i.rt_event_recv     ipc.o
    0x08014e04   0x08014e04   0x00000118   Code   RO         6430    i.rt_event_send     ipc.o
    0x08014f1c   0x08014f1c   0x00000044   Code   RO         7270    i.rt_exit_critical  scheduler.o
    0x08014f60   0x08014f60   0x00000030   Code   RO         6758    i.rt_free           kservice.o
    0x08014f90   0x08014f90   0x00000038   Code   RO         3397    i.rt_hw_board_init  drv_common.o
    0x08014fc8   0x08014fc8   0x00000002   Code   RO         6762    i.rt_hw_console_output  kservice.o
    0x08014fca   0x08014fca   0x00000002   PAD
    0x08014fcc   0x08014fcc   0x00000010   Code   RO          305    i.rt_hw_cpu_reset   cpuport.o
    0x08014fdc   0x08014fdc   0x0000022c   Code   RO          308    i.rt_hw_hard_fault_exception  cpuport.o
    0x08015208   0x08015208   0x00000168   Code   RO         3504    i.rt_hw_pin_init    drv_gpio.o
    0x08015370   0x08015370   0x000000c8   Code   RO         4022    i.rt_hw_sdio_init   drv_sdio.o
    0x08015438   0x08015438   0x000001e0   Code   RO         4919    i.rt_hw_serial_isr  serial.o
    0x08015618   0x08015618   0x00000080   Code   RO         4920    i.rt_hw_serial_register  serial.o
    0x08015698   0x08015698   0x000002a0   Code   RO         3827    i.rt_hw_spi_bus_init  drv_spi.o
    0x08015938   0x08015938   0x0000016c   Code   RO         3828    i.rt_hw_spi_device_attach  drv_spi.o
    0x08015aa4   0x08015aa4   0x00000064   Code   RO         4281    i.rt_hw_spi_flash_init  spi_flash_init.o
    0x08015b08   0x08015b08   0x0000000c   Code   RO         3829    i.rt_hw_spi_init    drv_spi.o
    0x08015b14   0x08015b14   0x00000050   Code   RO          309    i.rt_hw_stack_init  cpuport.o
    0x08015b64   0x08015b64   0x0000005c   Code   RO         3398    i.rt_hw_systick_init  drv_common.o
    0x08015bc0   0x08015bc0   0x000000cc   Code   RO         3618    i.rt_hw_usart_init  drv_usart.o
    0x08015c8c   0x08015c8c   0x00000038   Code   RO         6710    i.rt_interrupt_enter  irq.o
    0x08015cc4   0x08015cc4   0x0000001c   Code   RO         6712    i.rt_interrupt_get_nest  irq.o
    0x08015ce0   0x08015ce0   0x00000038   Code   RO         6713    i.rt_interrupt_leave  irq.o
    0x08015d18   0x08015d18   0x0000004c   Code   RO         6763    i.rt_kprintf        kservice.o
    0x08015d64   0x08015d64   0x00000006   Code   RO         4357    i.rt_list_init      dataqueue.o
    0x08015d6a   0x08015d6a   0x00000006   Code   RO         6431    i.rt_list_init      ipc.o
    0x08015d70   0x08015d70   0x00000006   Code   RO         7505    i.rt_list_init      timer.o
    0x08015d76   0x08015d76   0x0000000e   Code   RO         5894    i.rt_list_insert_after  sdio.o
    0x08015d84   0x08015d84   0x0000000e   Code   RO         7153    i.rt_list_insert_after  object.o
    0x08015d92   0x08015d92   0x0000000e   Code   RO         7506    i.rt_list_insert_after  timer.o
    0x08015da0   0x08015da0   0x0000000e   Code   RO         4358    i.rt_list_insert_before  dataqueue.o
    0x08015dae   0x08015dae   0x0000000e   Code   RO         6432    i.rt_list_insert_before  ipc.o
    0x08015dbc   0x08015dbc   0x00000010   Code   RO         4320    i.rt_list_isempty   completion.o
    0x08015dcc   0x08015dcc   0x00000010   Code   RO         4359    i.rt_list_isempty   dataqueue.o
    0x08015ddc   0x08015ddc   0x00000010   Code   RO         5895    i.rt_list_isempty   sdio.o
    0x08015dec   0x08015dec   0x00000010   Code   RO         6433    i.rt_list_isempty   ipc.o
    0x08015dfc   0x08015dfc   0x00000010   Code   RO         7507    i.rt_list_isempty   timer.o
    0x08015e0c   0x08015e0c   0x00000010   Code   RO         8178    i.rt_list_isempty   cmd.o
    0x08015e1c   0x08015e1c   0x00000014   Code   RO         8179    i.rt_list_len       cmd.o
    0x08015e30   0x08015e30   0x00000012   Code   RO         7154    i.rt_list_remove    object.o
    0x08015e42   0x08015e42   0x00000012   Code   RO         7363    i.rt_list_remove    thread.o
    0x08015e54   0x08015e54   0x00000012   Code   RO         7508    i.rt_list_remove    timer.o
    0x08015e66   0x08015e66   0x00000002   PAD
    0x08015e68   0x08015e68   0x0000003c   Code   RO         6765    i.rt_malloc         kservice.o
    0x08015ea4   0x08015ea4   0x000000ac   Code   RO         6438    i.rt_mb_init        ipc.o
    0x08015f50   0x08015f50   0x00000290   Code   RO         6439    i.rt_mb_recv        ipc.o
    0x080161e0   0x080161e0   0x00000012   Code   RO         6440    i.rt_mb_send        ipc.o
    0x080161f2   0x080161f2   0x00000002   PAD
    0x080161f4   0x080161f4   0x0000027c   Code   RO         6441    i.rt_mb_send_wait   ipc.o
    0x08016470   0x08016470   0x0000007c   Code   RO         6769    i.rt_memcpy         kservice.o
    0x080164ec   0x080164ec   0x000001ac   Code   RO         7021    i.rt_memheap_alloc  memheap.o
    0x08016698   0x08016698   0x00000204   Code   RO         7023    i.rt_memheap_free   memheap.o
    0x0801689c   0x0801689c   0x00000054   Code   RO         7024    i.rt_memheap_info   memheap.o
    0x080168f0   0x080168f0   0x000000cc   Code   RO         7025    i.rt_memheap_init   memheap.o
    0x080169bc   0x080169bc   0x000002a4   Code   RO         7026    i.rt_memheap_realloc  memheap.o
    0x08016c60   0x08016c60   0x00000042   Code   RO         6770    i.rt_memmove        kservice.o
    0x08016ca2   0x08016ca2   0x00000002   PAD
    0x08016ca4   0x08016ca4   0x0000002c   Code   RO         6771    i.rt_memory_info    kservice.o
    0x08016cd0   0x08016cd0   0x00000048   Code   RO         6772    i.rt_memset         kservice.o
    0x08016d18   0x08016d18   0x00000178   Code   RO         5436    i.rt_mmcsd_blk_probe  block_dev.o
    0x08016e90   0x08016e90   0x00000066   Code   RO         5437    i.rt_mmcsd_blk_remove  block_dev.o
    0x08016ef6   0x08016ef6   0x00000006   Code   RO         5438    i.rt_mmcsd_close    block_dev.o
    0x08016efc   0x08016efc   0x00000028   Code   RO         5439    i.rt_mmcsd_control  block_dev.o
    0x08016f24   0x08016f24   0x000000cc   Code   RO         5636    i.rt_mmcsd_core_init  mmcsd_core.o
    0x08016ff0   0x08016ff0   0x00000144   Code   RO         5440    i.rt_mmcsd_create_blkdev  block_dev.o
    0x08017134   0x08017134   0x00000006   Code   RO         5441    i.rt_mmcsd_init     block_dev.o
    0x0801713a   0x0801713a   0x00000006   Code   RO         5442    i.rt_mmcsd_open     block_dev.o
    0x08017140   0x08017140   0x000000a8   Code   RO         5443    i.rt_mmcsd_read     block_dev.o
    0x080171e8   0x080171e8   0x000001f8   Code   RO         5444    i.rt_mmcsd_req_blk  block_dev.o
    0x080173e0   0x080173e0   0x000000a8   Code   RO         5445    i.rt_mmcsd_write    block_dev.o
    0x08017488   0x08017488   0x00000094   Code   RO         6453    i.rt_mutex_create   ipc.o
    0x0801751c   0x0801751c   0x00000100   Code   RO         6454    i.rt_mutex_delete   ipc.o
    0x0801761c   0x0801761c   0x000000a0   Code   RO         6455    i.rt_mutex_detach   ipc.o
    0x080176bc   0x080176bc   0x00000058   Code   RO         6456    i.rt_mutex_init     ipc.o
    0x08017714   0x08017714   0x000001e0   Code   RO         6457    i.rt_mutex_release  ipc.o
    0x080178f4   0x080178f4   0x00000264   Code   RO         6458    i.rt_mutex_take     ipc.o
    0x08017b58   0x08017b58   0x000000ec   Code   RO         7155    i.rt_object_allocate  object.o
    0x08017c44   0x08017c44   0x000000a0   Code   RO         7157    i.rt_object_delete  object.o
    0x08017ce4   0x08017ce4   0x0000005c   Code   RO         7158    i.rt_object_detach  object.o
    0x08017d40   0x08017d40   0x000000ac   Code   RO         7160    i.rt_object_find    object.o
    0x08017dec   0x08017dec   0x00000028   Code   RO         7161    i.rt_object_get_information  object.o
    0x08017e14   0x08017e14   0x00000034   Code   RO         7164    i.rt_object_get_type  object.o
    0x08017e48   0x08017e48   0x000000bc   Code   RO         7165    i.rt_object_init    object.o
    0x08017f04   0x08017f04   0x0000003c   Code   RO         7166    i.rt_object_is_systemobject  object.o
    0x08017f40   0x08017f40   0x00000048   Code   RO         4844    i.rt_pin_mode       pin.o
    0x08017f88   0x08017f88   0x00000048   Code   RO         4846    i.rt_pin_write      pin.o
    0x08017fd0   0x08017fd0   0x0000002c   Code   RO         6773    i.rt_realloc        kservice.o
    0x08017ffc   0x08017ffc   0x0000015c   Code   RO         7271    i.rt_schedule       scheduler.o
    0x08018158   0x08018158   0x0000009c   Code   RO         7272    i.rt_schedule_insert_thread  scheduler.o
    0x080181f4   0x080181f4   0x00000080   Code   RO         7273    i.rt_schedule_remove_thread  scheduler.o
    0x08018274   0x08018274   0x00000002   Code   RO         5896    i.rt_sdio_init      sdio.o
    0x08018276   0x08018276   0x00000002   PAD
    0x08018278   0x08018278   0x000000f8   Code   RO         6461    i.rt_sem_create     ipc.o
    0x08018370   0x08018370   0x000000f8   Code   RO         6462    i.rt_sem_delete     ipc.o
    0x08018468   0x08018468   0x000000bc   Code   RO         6464    i.rt_sem_init       ipc.o
    0x08018524   0x08018524   0x000000a8   Code   RO         6465    i.rt_sem_release    ipc.o
    0x080185cc   0x080185cc   0x000001fc   Code   RO         6466    i.rt_sem_take       ipc.o
    0x080187c8   0x080187c8   0x000001ac   Code   RO         4921    i.rt_serial_close   serial.o
    0x08018974   0x08018974   0x000000a4   Code   RO         4922    i.rt_serial_control  serial.o
    0x08018a18   0x08018a18   0x00000048   Code   RO         4923    i.rt_serial_init    serial.o
    0x08018a60   0x08018a60   0x000002ac   Code   RO         4924    i.rt_serial_open    serial.o
    0x08018d0c   0x08018d0c   0x0000006c   Code   RO         4925    i.rt_serial_read    serial.o
    0x08018d78   0x08018d78   0x0000006c   Code   RO         4926    i.rt_serial_write   serial.o
    0x08018de4   0x08018de4   0x00000028   Code   RO         6774    i.rt_set_errno      kservice.o
    0x08018e0c   0x08018e0c   0x000000ac   Code   RO         5137    i.rt_sfud_control   spi_flash_sfud.o
    0x08018eb8   0x08018eb8   0x00000070   Code   RO         5138    i.rt_sfud_flash_delete  spi_flash_sfud.o
    0x08018f28   0x08018f28   0x000000b8   Code   RO         5140    i.rt_sfud_flash_find_by_dev_name  spi_flash_sfud.o
    0x08018fe0   0x08018fe0   0x00000020   Code   RO         5141    i.rt_sfud_flash_probe  spi_flash_sfud.o
    0x08019000   0x08019000   0x000002c4   Code   RO         5142    i.rt_sfud_flash_probe_ex  spi_flash_sfud.o
    0x080192c4   0x080192c4   0x0000007c   Code   RO         5143    i.rt_sfud_read      spi_flash_sfud.o
    0x08019340   0x08019340   0x0000007c   Code   RO         5144    i.rt_sfud_write     spi_flash_sfud.o
    0x080193bc   0x080193bc   0x000000c4   Code   RO         6775    i.rt_show_version   kservice.o
    0x08019480   0x08019480   0x00000026   Code   RO         6776    i.rt_snprintf       kservice.o
    0x080194a6   0x080194a6   0x0000004a   Code   RO         5014    i.rt_spi_bus_attach_device  spi_core.o
    0x080194f0   0x080194f0   0x00000058   Code   RO         5093    i.rt_spi_bus_device_init  spi_dev.o
    0x08019548   0x08019548   0x00000038   Code   RO         5015    i.rt_spi_bus_register  spi_core.o
    0x08019580   0x08019580   0x00000074   Code   RO         5016    i.rt_spi_configure  spi_core.o
    0x080195f4   0x080195f4   0x00000120   Code   RO         5019    i.rt_spi_send_then_recv  spi_core.o
    0x08019714   0x08019714   0x000000f8   Code   RO         5023    i.rt_spi_transfer   spi_core.o
    0x0801980c   0x0801980c   0x00000058   Code   RO         5094    i.rt_spidev_device_init  spi_dev.o
    0x08019864   0x08019864   0x00000022   Code   RO         6777    i.rt_sprintf        kservice.o
    0x08019886   0x08019886   0x0000001c   Code   RO         6779    i.rt_strcmp         kservice.o
    0x080198a2   0x080198a2   0x00000028   Code   RO         6781    i.rt_strdup         kservice.o
    0x080198ca   0x080198ca   0x00000012   Code   RO         6782    i.rt_strlen         kservice.o
    0x080198dc   0x080198dc   0x00000028   Code   RO         6783    i.rt_strncmp        kservice.o
    0x08019904   0x08019904   0x00000034   Code   RO         6784    i.rt_strncpy        kservice.o
    0x08019938   0x08019938   0x00000074   Code   RO         6787    i.rt_system_heap_init  kservice.o
    0x080199ac   0x080199ac   0x00000038   Code   RO         7276    i.rt_system_scheduler_init  scheduler.o
    0x080199e4   0x080199e4   0x00000028   Code   RO         7277    i.rt_system_scheduler_start  scheduler.o
    0x08019a0c   0x08019a0c   0x0000001c   Code   RO         7509    i.rt_system_timer_init  timer.o
    0x08019a28   0x08019a28   0x00000002   Code   RO         7510    i.rt_system_timer_thread_init  timer.o
    0x08019a2a   0x08019a2a   0x00000002   PAD
    0x08019a2c   0x08019a2c   0x000000d4   Code   RO         7364    i.rt_thread_control  thread.o
    0x08019b00   0x08019b00   0x00000050   Code   RO         7365    i.rt_thread_create  thread.o
    0x08019b50   0x08019b50   0x0000003c   Code   RO         6363    i.rt_thread_defunct_dequeue  idle.o
    0x08019b8c   0x08019b8c   0x0000001c   Code   RO         6364    i.rt_thread_defunct_enqueue  idle.o
    0x08019ba8   0x08019ba8   0x0000000c   Code   RO         7366    i.rt_thread_delay   thread.o
    0x08019bb4   0x08019bb4   0x000000d8   Code   RO         7368    i.rt_thread_delete  thread.o
    0x08019c8c   0x08019c8c   0x000000cc   Code   RO         7369    i.rt_thread_detach  thread.o
    0x08019d58   0x08019d58   0x00000024   Code   RO         6366    i.rt_thread_idle_entry  idle.o
    0x08019d7c   0x08019d7c   0x00000060   Code   RO         6368    i.rt_thread_idle_init  idle.o
    0x08019ddc   0x08019ddc   0x00000080   Code   RO         7371    i.rt_thread_init    thread.o
    0x08019e5c   0x08019e5c   0x00000014   Code   RO         7373    i.rt_thread_mdelay  thread.o
    0x08019e70   0x08019e70   0x0000009c   Code   RO         7374    i.rt_thread_resume  thread.o
    0x08019f0c   0x08019f0c   0x0000000c   Code   RO         7376    i.rt_thread_self    thread.o
    0x08019f18   0x08019f18   0x00000084   Code   RO         7377    i.rt_thread_sleep   thread.o
    0x08019f9c   0x08019f9c   0x000000bc   Code   RO         7378    i.rt_thread_startup  thread.o
    0x0801a058   0x0801a058   0x000000d8   Code   RO         7379    i.rt_thread_suspend  thread.o
    0x0801a130   0x0801a130   0x00000038   Code   RO         6158    i.rt_tick_from_millisecond  clock.o
    0x0801a168   0x0801a168   0x0000000c   Code   RO         6159    i.rt_tick_get       clock.o
    0x0801a174   0x0801a174   0x00000064   Code   RO         6161    i.rt_tick_increase  clock.o
    0x0801a1d8   0x0801a1d8   0x000000dc   Code   RO         7511    i.rt_timer_check    timer.o
    0x0801a2b4   0x0801a2b4   0x00000120   Code   RO         7512    i.rt_timer_control  timer.o
    0x0801a3d4   0x0801a3d4   0x000000e0   Code   RO         7515    i.rt_timer_detach   timer.o
    0x0801a4b4   0x0801a4b4   0x000000a4   Code   RO         7518    i.rt_timer_init     timer.o
    0x0801a558   0x0801a558   0x00000188   Code   RO         7520    i.rt_timer_start    timer.o
    0x0801a6e0   0x0801a6e0   0x000000c0   Code   RO         7521    i.rt_timer_stop     timer.o
    0x0801a7a0   0x0801a7a0   0x00000340   Code   RO         6788    i.rt_vsnprintf      kservice.o
    0x0801aae0   0x0801aae0   0x00000016   Code   RO         6789    i.rt_vsprintf       kservice.o
    0x0801aaf6   0x0801aaf6   0x00000006   Code   RO         4023    i.rthw_sd_detect    drv_sdio.o
    0x0801aafc   0x0801aafc   0x000001a8   Code   RO         4024    i.rthw_sdio_iocfg   drv_sdio.o
    0x0801aca4   0x0801aca4   0x000000b4   Code   RO         4025    i.rthw_sdio_irq_process  drv_sdio.o
    0x0801ad58   0x0801ad58   0x00000020   Code   RO         4026    i.rthw_sdio_irq_update  drv_sdio.o
    0x0801ad78   0x0801ad78   0x000000e8   Code   RO         4027    i.rthw_sdio_request  drv_sdio.o
    0x0801ae60   0x0801ae60   0x000000f8   Code   RO         4028    i.rthw_sdio_send_command  drv_sdio.o
    0x0801af58   0x0801af58   0x000000f4   Code   RO         4029    i.rthw_sdio_transfer_by_dma  drv_sdio.o
    0x0801b04c   0x0801b04c   0x000000f0   Code   RO         4030    i.rthw_sdio_wait_completed  drv_sdio.o
    0x0801b13c   0x0801b13c   0x00000004   Code   RO         6207    i.rti_board_end     components.o
    0x0801b140   0x0801b140   0x00000004   Code   RO         6208    i.rti_board_start   components.o
    0x0801b144   0x0801b144   0x00000004   Code   RO         6209    i.rti_end           components.o
    0x0801b148   0x0801b148   0x00000004   Code   RO         6210    i.rti_start         components.o
    0x0801b14c   0x0801b14c   0x0000002a   Code   RO         6211    i.rtthread_startup  components.o
    0x0801b176   0x0801b176   0x0000002e   Code   RO         5901    i.sdio_free_cis     sdio.o
    0x0801b1a4   0x0801b1a4   0x000001f4   Code   RO         4031    i.sdio_host_create  drv_sdio.o
    0x0801b398   0x0801b398   0x00000278   Code   RO         5903    i.sdio_init_card    sdio.o
    0x0801b610   0x0801b610   0x000000fc   Code   RO         5904    i.sdio_initialize_function  sdio.o
    0x0801b70c   0x0801b70c   0x0000002a   Code   RO         5907    i.sdio_io_readb     sdio.o
    0x0801b736   0x0801b736   0x00000002   PAD
    0x0801b738   0x0801b738   0x0000014c   Code   RO         5910    i.sdio_io_rw_direct  sdio.o
    0x0801b884   0x0801b884   0x000000c0   Code   RO         5913    i.sdio_io_send_op_cond  sdio.o
    0x0801b944   0x0801b944   0x00000020   Code   RO         5916    i.sdio_io_writeb    sdio.o
    0x0801b964   0x0801b964   0x00000028   Code   RO         5922    i.sdio_irq_wakeup   sdio.o
    0x0801b98c   0x0801b98c   0x0000004e   Code   RO         5923    i.sdio_match_card   sdio.o
    0x0801b9da   0x0801b9da   0x00000002   PAD
    0x0801b9dc   0x0801b9dc   0x0000014c   Code   RO         5926    i.sdio_read_cccr    sdio.o
    0x0801bb28   0x0801bb28   0x000001c8   Code   RO         5927    i.sdio_read_cis     sdio.o
    0x0801bcf0   0x0801bcf0   0x00000048   Code   RO         5928    i.sdio_read_fbr     sdio.o
    0x0801bd38   0x0801bd38   0x000000a4   Code   RO         5929    i.sdio_register_card  sdio.o
    0x0801bddc   0x0801bddc   0x00000064   Code   RO         5932    i.sdio_set_bus_wide  sdio.o
    0x0801be40   0x0801be40   0x0000005e   Code   RO         5934    i.sdio_set_highspeed  sdio.o
    0x0801be9e   0x0801be9e   0x00000002   PAD
    0x0801bea0   0x0801bea0   0x000001e8   Code   RO         3776    i.sdram_test        drv_sdram.o
    0x0801c088   0x0801c088   0x000000bc   Code   RO         5250    i.set_4_byte_address_mode  sfud.o
    0x0801c144   0x0801c144   0x000000e8   Code   RO         5251    i.set_write_enabled  sfud.o
    0x0801c22c   0x0801c22c   0x00000a38   Code   RO         5145    i.sf                spi_flash_sfud.o
    0x0801cc64   0x0801cc64   0x000000f0   Code   RO         5252    i.sfud_chip_erase   sfud.o
    0x0801cd54   0x0801cd54   0x000000c8   Code   RO         5253    i.sfud_device_init  sfud.o
    0x0801ce1c   0x0801ce1c   0x000001c4   Code   RO         5254    i.sfud_erase        sfud.o
    0x0801cfe0   0x0801cfe0   0x00000030   Code   RO         5255    i.sfud_erase_write  sfud.o
    0x0801d010   0x0801d010   0x000000d0   Code   RO         5260    i.sfud_read         sfud.o
    0x0801d0e0   0x0801d0e0   0x00000058   Code   RO         5399    i.sfud_read_sfdp    sfud_sfdp.o
    0x0801d138   0x0801d138   0x0000001e   Code   RO         5261    i.sfud_read_status  sfud.o
    0x0801d156   0x0801d156   0x00000056   Code   RO         5400    i.sfud_sfdp_get_suitable_eraser  sfud_sfdp.o
    0x0801d1ac   0x0801d1ac   0x00000050   Code   RO         5146    i.sfud_spi_port_init  spi_flash_sfud.o
    0x0801d1fc   0x0801d1fc   0x0000004c   Code   RO         5262    i.sfud_write        sfud.o
    0x0801d248   0x0801d248   0x000000b8   Code   RO         5263    i.sfud_write_status  sfud.o
    0x0801d300   0x0801d300   0x00000030   Code   RO         8496    i.shell_auto_complete  shell.o
    0x0801d330   0x0801d330   0x00000030   Code   RO         8497    i.shell_handle_history  shell.o
    0x0801d360   0x0801d360   0x000000dc   Code   RO         8498    i.shell_push_history  shell.o
    0x0801d43c   0x0801d43c   0x00000038   Code   RO         8180    i.show_wait_queue   cmd.o
    0x0801d474   0x0801d474   0x00000026   Code   RO         6790    i.skip_atoi         kservice.o
    0x0801d49a   0x0801d49a   0x00000006   Code   RO         5264    i.software_init     sfud.o
    0x0801d4a0   0x0801d4a0   0x00000068   Code   RO         3830    i.spi_configure     drv_spi.o
    0x0801d508   0x0801d508   0x00000058   Code   RO         5147    i.spi_lock          spi_flash_sfud.o
    0x0801d560   0x0801d560   0x00000054   Code   RO         5148    i.spi_unlock        spi_flash_sfud.o
    0x0801d5b4   0x0801d5b4   0x000000ec   Code   RO         5149    i.spi_write_read    spi_flash_sfud.o
    0x0801d6a0   0x0801d6a0   0x000002b4   Code   RO         3831    i.spixfer           drv_spi.o
    0x0801d954   0x0801d954   0x00000024   Code   RO         9408    i.st_clust          ff.o
    0x0801d978   0x0801d978   0x00000018   Code   RO         9409    i.st_dword          ff.o
    0x0801d990   0x0801d990   0x0000000c   Code   RO         9410    i.st_word           ff.o
    0x0801d99c   0x0801d99c   0x00000024   Code   RO         8905    i.stat              dfs_posix.o
    0x0801d9c0   0x0801d9c0   0x00000024   Code   RO         8906    i.statfs            dfs_posix.o
    0x0801d9e4   0x0801d9e4   0x00000130   Code   RO         3619    i.stm32_configure   drv_usart.o
    0x0801db14   0x0801db14   0x00000148   Code   RO         3620    i.stm32_control     drv_usart.o
    0x0801dc5c   0x0801dc5c   0x000001c8   Code   RO         3621    i.stm32_dma_config  drv_usart.o
    0x0801de24   0x0801de24   0x00000078   Code   RO         3622    i.stm32_dma_transmit  drv_usart.o
    0x0801de9c   0x0801de9c   0x000000e8   Code   RO         3920    i.stm32_flash_erase  drv_flash_f4.o
    0x0801df84   0x0801df84   0x00000090   Code   RO         3921    i.stm32_flash_read  drv_flash_f4.o
    0x0801e014   0x0801e014   0x00000154   Code   RO         3922    i.stm32_flash_write  drv_flash_f4.o
    0x0801e168   0x0801e168   0x00000040   Code   RO         3832    i.stm32_get_dma_info  drv_spi.o
    0x0801e1a8   0x0801e1a8   0x00000050   Code   RO         3623    i.stm32_getc        drv_usart.o
    0x0801e1f8   0x0801e1f8   0x000000dc   Code   RO         3505    i.stm32_pin_attach_irq  drv_gpio.o
    0x0801e2d4   0x0801e2d4   0x00000090   Code   RO         3506    i.stm32_pin_dettach_irq  drv_gpio.o
    0x0801e364   0x0801e364   0x00000076   Code   RO         3507    i.stm32_pin_get     drv_gpio.o
    0x0801e3da   0x0801e3da   0x00000002   PAD
    0x0801e3dc   0x0801e3dc   0x000001c0   Code   RO         3508    i.stm32_pin_irq_enable  drv_gpio.o
    0x0801e59c   0x0801e59c   0x00000088   Code   RO         3509    i.stm32_pin_mode    drv_gpio.o
    0x0801e624   0x0801e624   0x0000003c   Code   RO         3510    i.stm32_pin_read    drv_gpio.o
    0x0801e660   0x0801e660   0x0000003c   Code   RO         3511    i.stm32_pin_write   drv_gpio.o
    0x0801e69c   0x0801e69c   0x00000050   Code   RO         3624    i.stm32_putc        drv_usart.o
    0x0801e6ec   0x0801e6ec   0x0000000c   Code   RO         4033    i.stm32_sdio_clk_get  drv_sdio.o
    0x0801e6f8   0x0801e6f8   0x0000000a   Code   RO         4034    i.stm32_sdio_clock_get  drv_sdio.o
    0x0801e702   0x0801e702   0x00000002   PAD
    0x0801e704   0x0801e704   0x0000020c   Code   RO         3833    i.stm32_spi_init    drv_spi.o
    0x0801e910   0x0801e910   0x0000002c   Code   RO         3625    i.stm32_uart_get_dma_config  drv_usart.o
    0x0801e93c   0x0801e93c   0x00000020   Code   RO         3626    i.stm32_uart_get_mask  drv_usart.o
    0x0801e95c   0x0801e95c   0x00000020   Code   RO         8289    i.str_common        msh.o
    0x0801e97c   0x0801e97c   0x00000020   Code   RO         9411    i.sum_sfn           ff.o
    0x0801e99c   0x0801e99c   0x0000008c   Code   RO         9412    i.sync_fs           ff.o
    0x0801ea28   0x0801ea28   0x0000004a   Code   RO         9413    i.sync_window       ff.o
    0x0801ea72   0x0801ea72   0x0000004c   Code   RO         9414    i.tchar2uni         ff.o
    0x0801eabe   0x0801eabe   0x00000022   Code   RO         7660    i.time              time.o
    0x0801eae0   0x0801eae0   0x00000178   Code   RO         7661    i.timegm            time.o
    0x0801ec58   0x0801ec58   0x00000004   Code   RO         7663    i.tz_is_dst         time.o
    0x0801ec5c   0x0801ec5c   0x000001bc   Code   RO         3627    i.uart_isr          drv_usart.o
    0x0801ee18   0x0801ee18   0x00000020   Code   RO         8908    i.unlink            dfs_posix.o
    0x0801ee38   0x0801ee38   0x0000001c   Code   RO         9415    i.unlock_fs         ff.o
    0x0801ee54   0x0801ee54   0x000000e8   Code   RO          310    i.usage_fault_track  cpuport.o
    0x0801ef3c   0x0801ef3c   0x00000052   Code   RO         9416    i.validate          ff.o
    0x0801ef8e   0x0801ef8e   0x0000000a   Code   RO         8181    i.version           cmd.o
    0x0801ef98   0x0801ef98   0x0000009c   Code   RO         5265    i.wait_busy         sfud.o
    0x0801f034   0x0801f034   0x000000a0   Code   RO         4152    i.write             fal_flash_sfud_port.o
    0x0801f0d4   0x0801f0d4   0x00000050   Code   RO         8909    i.write             dfs_posix.o
    0x0801f124   0x0801f124   0x00000018   Data   RO          205    .constdata          system_stm32f4xx.o
    0x0801f13c   0x0801f13c   0x00000008   Data   RO          721    .constdata          stm32f4xx_hal_dma.o
    0x0801f144   0x0801f144   0x0000005c   Data   RO         3512    .constdata          drv_gpio.o
    0x0801f1a0   0x0801f1a0   0x0000010c   Data   RO         3629    .constdata          drv_usart.o
    0x0801f2ac   0x0801f2ac   0x00000058   Data   RO         3835    .constdata          drv_spi.o
    0x0801f304   0x0801f304   0x000000a8   Data   RO         3923    .constdata          drv_flash_f4.o
    0x0801f3ac   0x0801f3ac   0x00000022   Data   RO         4036    .constdata          drv_sdio.o
    0x0801f3ce   0x0801f3ce   0x00000011   Data   RO         4153    .constdata          fal_flash_sfud_port.o
    0x0801f3df   0x0801f3df   0x00000039   Data   RO         4321    .constdata          completion.o
    0x0801f418   0x0801f418   0x00000086   Data   RO         4360    .constdata          dataqueue.o
    0x0801f49e   0x0801f49e   0x00000088   Data   RO         4848    .constdata          pin.o
    0x0801f526   0x0801f526   0x0000012a   Data   RO         4927    .constdata          serial.o
    0x0801f650   0x0801f650   0x000000a3   Data   RO         5025    .constdata          spi_core.o
    0x0801f6f3   0x0801f6f3   0x00000081   Data   RO         5095    .constdata          spi_dev.o
    0x0801f774   0x0801f774   0x000000b0   Data   RO         5150    .constdata          spi_flash_sfud.o
    0x0801f824   0x0801f824   0x00000248   Data   RO         5267    .constdata          sfud.o
    0x0801fa6c   0x0801fa6c   0x0000006c   Data   RO         5536    .constdata          mmc.o
    0x0801fad8   0x0801fad8   0x00000013   Data   RO         5638    .constdata          mmcsd_core.o
    0x0801faeb   0x0801faeb   0x00000001   PAD
    0x0801faec   0x0801faec   0x00000060   Data   RO         5823    .constdata          sd.o
    0x0801fb4c   0x0801fb4c   0x00000137   Data   RO         5936    .constdata          sdio.o
    0x0801fc83   0x0801fc83   0x00000014   Data   RO         6212    .constdata          components.o
    0x0801fc97   0x0801fc97   0x000000ba   Data   RO         6290    .constdata          device.o
    0x0801fd51   0x0801fd51   0x0000021b   Data   RO         6468    .constdata          ipc.o
    0x0801ff6c   0x0801ff6c   0x00000043   Data   RO         6792    .constdata          kservice.o
    0x0801ffaf   0x0801ffaf   0x00000056   Data   RO         7027    .constdata          memheap.o
    0x08020005   0x08020005   0x00000080   Data   RO         7170    .constdata          object.o
    0x08020085   0x08020085   0x0000004e   Data   RO         7279    .constdata          scheduler.o
    0x080200d3   0x080200d3   0x000000bb   Data   RO         7382    .constdata          thread.o
    0x0802018e   0x0802018e   0x0000006c   Data   RO         7522    .constdata          timer.o
    0x080201fa   0x080201fa   0x0000001a   Data   RO         7666    .constdata          time.o
    0x08020214   0x08020214   0x00000009   Data   RO         7947    .constdata          fal.o
    0x0802021d   0x0802021d   0x00000003   PAD
    0x08020220   0x08020220   0x00000035   Data   RO         7980    .constdata          fal_flash.o
    0x08020255   0x08020255   0x000000b9   Data   RO         8024    .constdata          fal_partition.o
    0x0802030e   0x0802030e   0x00000002   PAD
    0x08020310   0x08020310   0x0000008c   Data   RO         8108    .constdata          fal_rtt.o
    0x0802039c   0x0802039c   0x00000064   Data   RO         8182    .constdata          cmd.o
    0x08020400   0x08020400   0x0000000e   Data   RO         8290    .constdata          msh.o
    0x0802040e   0x0802040e   0x00000087   Data   RO         8500    .constdata          shell.o
    0x08020495   0x08020495   0x00000023   Data   RO         8608    .constdata          dfs.o
    0x080204b8   0x080204b8   0x00000040   Data   RO         8826    .constdata          dfs_fs.o
    0x080204f8   0x080204f8   0x000000c5   Data   RO         9056    .constdata          devfs.o
    0x080205bd   0x080205bd   0x00000003   PAD
    0x080205c0   0x080205c0   0x000000cf   Data   RO         9168    .constdata          dfs_elm.o
    0x0802068f   0x0802068f   0x00000001   PAD
    0x08020690   0x08020690   0x000000bc   Data   RO         9417    .constdata          ff.o
    0x0802074c   0x0802074c   0x000003ae   Data   RO         9699    .constdata          ffunicode.o
    0x08020afa   0x08020afa   0x00000081   Data   RO         9780    .constdata          mc_w.l(ctype_o.o)
    0x08020b7b   0x08020b7b   0x00000001   PAD
    0x08020b7c   0x08020b7c   0x00000004   Data   RO         9781    .constdata          mc_w.l(ctype_o.o)
    0x08020b80   0x08020b80   0x00000006   Data   RO         3630    .conststring        drv_usart.o
    0x08020b86   0x08020b86   0x00000002   PAD
    0x08020b88   0x08020b88   0x00000047   Data   RO         3778    .conststring        drv_sdram.o
    0x08020bcf   0x08020bcf   0x00000001   PAD
    0x08020bd0   0x08020bd0   0x00000005   Data   RO         3836    .conststring        drv_spi.o
    0x08020bd5   0x08020bd5   0x00000003   PAD
    0x08020bd8   0x08020bd8   0x0000008a   Data   RO         4217    .conststring        mount_table.o
    0x08020c62   0x08020c62   0x00000002   PAD
    0x08020c64   0x08020c64   0x00000063   Data   RO         4928    .conststring        serial.o
    0x08020cc7   0x08020cc7   0x00000001   PAD
    0x08020cc8   0x08020cc8   0x00000305   Data   RO         5151    .conststring        spi_flash_sfud.o
    0x08020fcd   0x08020fcd   0x00000003   PAD
    0x08020fd0   0x08020fd0   0x0000014d   Data   RO         5268    .conststring        sfud.o
    0x0802111d   0x0802111d   0x00000003   PAD
    0x08021120   0x08021120   0x0000013f   Data   RO         5401    .conststring        sfud_sfdp.o
    0x0802125f   0x0802125f   0x00000001   PAD
    0x08021260   0x08021260   0x0000005f   Data   RO         5824    .conststring        sd.o
    0x080212bf   0x080212bf   0x00000001   PAD
    0x080212c0   0x080212c0   0x00000112   Data   RO         6469    .conststring        ipc.o
    0x080213d2   0x080213d2   0x00000002   PAD
    0x080213d4   0x080213d4   0x00000042   Data   RO         7383    .conststring        thread.o
    0x08021416   0x08021416   0x00000002   PAD
    0x08021418   0x08021418   0x0000005b   Data   RO         7981    .conststring        fal_flash.o
    0x08021473   0x08021473   0x00000001   PAD
    0x08021474   0x08021474   0x00000132   Data   RO         8025    .conststring        fal_partition.o
    0x080215a6   0x080215a6   0x00000002   PAD
    0x080215a8   0x080215a8   0x000002a2   Data   RO         8109    .conststring        fal_rtt.o
    0x0802184a   0x0802184a   0x00000002   PAD
    0x0802184c   0x0802184c   0x000001a5   Data   RO         8183    .conststring        cmd.o
    0x080219f1   0x080219f1   0x00000003   PAD
    0x080219f4   0x080219f4   0x0000000b   Data   RO         8827    .conststring        dfs_fs.o
    0x080219ff   0x080219ff   0x00000001   PAD
    0x08021a00   0x08021a00   0x00000006   Data   RO         9057    .conststring        devfs.o
    0x08021a06   0x08021a06   0x00000002   PAD
    0x08021a08   0x08021a08   0x00000048   Data   RO         9169    .conststring        dfs_elm.o
    0x08021a50   0x08021a50   0x00000015   Data   RO         3401    .rodata.name        drv_common.o
    0x08021a65   0x08021a65   0x00000016   Data   RO         3779    .rodata.name        drv_sdram.o
    0x08021a7b   0x08021a7b   0x00000016   Data   RO         5153    .rodata.name        spi_flash_sfud.o
    0x08021a91   0x08021a91   0x0000002b   Data   RO         8111    .rodata.name        fal_rtt.o
    0x08021abc   0x08021abc   0x000001a7   Data   RO         8184    .rodata.name        cmd.o
    0x08021c63   0x08021c63   0x00000064   Data   RO         8291    .rodata.name        msh.o
    0x08021cc7   0x08021cc7   0x000001d5   Data   RO         8391    .rodata.name        msh_file.o
    0x08021e9c   0x08021e9c   0x0000001d   Data   RO         8610    .rodata.name        dfs.o
    0x08021eb9   0x08021eb9   0x00000003   PAD
    0x08021ebc   0x08021ebc   0x00000004   Data   RO         6213    .rti_fn.0           components.o
    0x08021ec0   0x08021ec0   0x00000004   Data   RO         6214    .rti_fn.0.end       components.o
    0x08021ec4   0x08021ec4   0x00000004   Data   RO         3780    .rti_fn.1           drv_sdram.o
    0x08021ec8   0x08021ec8   0x00000004   Data   RO         3838    .rti_fn.1           drv_spi.o
    0x08021ecc   0x08021ecc   0x00000004   Data   RO         6215    .rti_fn.1.end       components.o
    0x08021ed0   0x08021ed0   0x00000004   Data   RO         5640    .rti_fn.2           mmcsd_core.o
    0x08021ed4   0x08021ed4   0x00000004   Data   RO         8611    .rti_fn.2           dfs.o
    0x08021ed8   0x08021ed8   0x00000004   Data   RO         4038    .rti_fn.3           drv_sdio.o
    0x08021edc   0x08021edc   0x00000004   Data   RO         4282    .rti_fn.4           spi_flash_init.o
    0x08021ee0   0x08021ee0   0x00000004   Data   RO         9171    .rti_fn.4           dfs_elm.o
    0x08021ee4   0x08021ee4   0x00000004   Data   RO         4218    .rti_fn.5           mount_table.o
    0x08021ee8   0x08021ee8   0x00000004   Data   RO         8502    .rti_fn.6           shell.o
    0x08021eec   0x08021eec   0x00000004   Data   RO         6216    .rti_fn.6.end       components.o
    0x08021ef0   0x08021ef0   0x0000000c   Data   RO         3402    FSymTab             drv_common.o
    0x08021efc   0x08021efc   0x0000000c   Data   RO         3781    FSymTab             drv_sdram.o
    0x08021f08   0x08021f08   0x0000000c   Data   RO         5154    FSymTab             spi_flash_sfud.o
    0x08021f14   0x08021f14   0x0000000c   Data   RO         8112    FSymTab             fal_rtt.o
    0x08021f20   0x08021f20   0x00000090   Data   RO         8185    FSymTab             cmd.o
    0x08021fb0   0x08021fb0   0x00000024   Data   RO         8292    FSymTab             msh.o
    0x08021fd4   0x08021fd4   0x000000a8   Data   RO         8392    FSymTab             msh_file.o
    0x0802207c   0x0802207c   0x0000000c   Data   RO         8612    FSymTab             dfs.o
    0x08022088   0x08022088   0x00000200   Data   RO         8027    FalPartTable        fal_partition.o
    0x08022288   0x08022288   0x00000020   Data   RO         9820    Region$$Table       anon$$obj.o


    Execution Region RW_IRAM1 (Exec base: 0x20000000, Load base: 0x080222a8, Size: 0x00002d90, Max: 0x00030000, ABSOLUTE, COMPRESSED[0x000000e8])

    Exec Addr    Load Addr    Size         Type   Attr      Idx    E Section Name        Object

    0x20000000   COMPRESSED   0x00000008   Data   RW           24    .data               stm32f4xx_hal_msp.o
    0x20000008   COMPRESSED   0x00000004   Data   RW          206    .data               system_stm32f4xx.o
    0x2000000c   COMPRESSED   0x00000010   Data   RW          312    .data               cpuport.o
    0x2000001c   COMPRESSED   0x00000009   Data   RW          397    .data               stm32f4xx_hal.o
    0x20000025   COMPRESSED   0x00000003   PAD
    0x20000028   COMPRESSED   0x00000004   Data   RW         3400    .data               drv_common.o
    0x2000002c   COMPRESSED   0x000000c4   Data   RW         3513    .data               drv_gpio.o
    0x200000f0   COMPRESSED   0x00000024   Data   RW         3631    .data               drv_usart.o
    0x20000114   COMPRESSED   0x00000034   Data   RW         3837    .data               drv_spi.o
    0x20000148   COMPRESSED   0x0000002c   Data   RW         4037    .data               drv_sdio.o
    0x20000174   COMPRESSED   0x0000003c   Data   RW         4154    .data               fal_flash_sfud_port.o
    0x200001b0   COMPRESSED   0x00000004   Data   RW         4929    .data               serial.o
    0x200001b4   COMPRESSED   0x0000000c   Data   RW         5152    .data               spi_flash_sfud.o
    0x200001c0   COMPRESSED   0x00000004   Data   RW         5639    .data               mmcsd_core.o
    0x200001c4   COMPRESSED   0x00000010   Data   RW         5937    .data               sdio.o
    0x200001d4   COMPRESSED   0x00000008   Data   RW         6164    .data               clock.o
    0x200001dc   COMPRESSED   0x00000008   Data   RW         6371    .data               idle.o
    0x200001e4   COMPRESSED   0x00000009   Data   RW         6715    .data               irq.o
    0x200001ed   COMPRESSED   0x00000003   PAD
    0x200001f0   COMPRESSED   0x00000014   Data   RW         6793    .data               kservice.o
    0x20000204   COMPRESSED   0x000000c4   Data   RW         7171    .data               object.o
    0x200002c8   COMPRESSED   0x00000018   Data   RW         7280    .data               scheduler.o
    0x200002e0   COMPRESSED   0x0000000c   Data   RW         7384    .data               thread.o
    0x200002ec   COMPRESSED   0x00000014   Data   RW         7523    .data               timer.o
    0x20000300   COMPRESSED   0x00000001   Data   RW         7948    .data               fal.o
    0x20000301   COMPRESSED   0x00000001   Data   RW         7982    .data               fal_flash.o
    0x20000302   COMPRESSED   0x00000002   PAD
    0x20000304   COMPRESSED   0x0000000c   Data   RW         8026    .data               fal_partition.o
    0x20000310   COMPRESSED   0x00000008   Data   RW         8110    .data               fal_rtt.o
    0x20000318   COMPRESSED   0x00000010   Data   RW         8501    .data               shell.o
    0x20000328   COMPRESSED   0x0000010c   Data   RW         8609    .data               dfs.o
    0x20000434   COMPRESSED   0x00000008   Data   RW         9170    .data               dfs_elm.o
    0x2000043c   COMPRESSED   0x0000000a   Data   RW         9418    .data               ff.o
    0x20000446   COMPRESSED   0x00000002   PAD
    0x20000448   COMPRESSED   0x00000004   Data   RW         9810    .data               mc_w.l(errno.o)
    0x2000044c        -       0x00000020   Zero   RW          942    .bss                stm32f4xx_hal_flash.o
    0x2000046c        -       0x00000164   Zero   RW         3628    .bss                drv_usart.o
    0x200005d0        -       0x000000ac   Zero   RW         3777    .bss                drv_sdram.o
    0x2000067c        -       0x00000194   Zero   RW         3834    .bss                drv_spi.o
    0x20000810   COMPRESSED   0x00000010   PAD
    0x20000820        -       0x00001160   Zero   RW         4035    .bss                drv_sdio.o
    0x20001980        -       0x00000044   Zero   RW         4847    .bss                pin.o
    0x200019c4        -       0x00000179   Zero   RW         5266    .bss                sfud.o
    0x20001b3d   COMPRESSED   0x00000003   PAD
    0x20001b40        -       0x00000500   Zero   RW         5637    .bss                mmcsd_core.o
    0x20002040        -       0x00000490   Zero   RW         6370    .bss                idle.o
    0x200024d0        -       0x0000010c   Zero   RW         6791    .bss                kservice.o
    0x200025dc        -       0x00000100   Zero   RW         7278    .bss                scheduler.o
    0x200026dc        -       0x00000072   Zero   RW         7665    .bss                time.o
    0x2000274e   COMPRESSED   0x00000002   PAD
    0x20002750        -       0x00000020   Zero   RW         8023    .bss                fal_partition.o
    0x20002770        -       0x00000081   Zero   RW         8499    .bss                shell.o
    0x200027f1   COMPRESSED   0x00000003   PAD
    0x200027f4        -       0x00000074   Zero   RW         8607    .bss                dfs.o
    0x20002868        -       0x00000128   Zero   RW         8712    .bss                dfs_file.o
    0x20002990        -       0x00000400   Zero   RW            1    STACK               startup_stm32f429xx.o


==============================================================================

Image component sizes


      Code (inc. data)   RO Data    RW Data    ZI Data      Debug   Object Name

         0          0          0          0          0      12370   backtrace.o
      1864        378          0          0          0      17323   block_dev.o
       260         28          0          0          0      17021   board.o
       168         16          0          8          0       2336   clock.o
      3752       1356       1088          0          0      20670   cmd.o
       700        280         57          0          0       6355   completion.o
       218         50         36          0          0       6232   components.o
       308         28          0          0          0        840   context_rvds.o
      1512        746          0         16          0       7444   cpuport.o
      2304        728        134          0          0      12308   dataqueue.o
      1120        316        203          0          0      15317   devfs.o
      1322        628        186          0          0       8544   device.o
      1730        386         80        268        116      13371   dfs.o
      3204        428        283          8          0      34003   dfs_elm.o
      2546        502          0          0        296      13593   dfs_file.o
      2064        538         75          0          0       8927   dfs_fs.o
      1288         16          0          0          0      12888   dfs_posix.o
       356        114         33          4          0      37179   drv_common.o
      1420        358        168          0          0      13771   drv_flash_f4.o
      1834         58         92        196          0      13549   drv_gpio.o
      2872        636         38         44       4448      18712   drv_sdio.o
       914        318        109          0        172       3276   drv_sdram.o
      2504        504         97         52        404       9656   drv_spi.o
      2556        488        274         36        356      44565   drv_usart.o
       284        184          9          1          0       1404   fal.o
       484        220        144          1          0       2217   fal_flash.o
       536        256         17         60          0       9645   fal_flash_sfud_port.o
      2412       1256       1003         12         32       9014   fal_partition.o
      3620       1488        869          8          0      10042   fal_rtt.o
     13044        178        188         10          0      74028   ff.o
       284         32        942          0          0       3088   ffunicode.o
       280         36          0          8       1168       6618   idle.o
      5900       1902        813          0          0      36532   ipc.o
       140         26          0          9          0       2498   irq.o
      2744        360         67         20        268      23371   kservice.o
        56          0          0          0          0       2003   main.o
      2082        442         86          0          0       9406   memheap.o
      2786        494        108          0          0      18658   mmc.o
      2620        452         23          4       1280      28780   mmcsd_core.o
       856        568        142          0          0       4444   mount_table.o
      1410        212        150          0          0      12401   msh.o
      3338       1280        637          0          0      20011   msh_file.o
      1032        332        128        196          0      11434   object.o
       456        148        136          0         68       8437   pin.o
      1076        256         78         24        256       8164   scheduler.o
      2792        318        191          0          0      12525   sd.o
      3376        632        311         16          0      29942   sdio.o
      3696        794        397          4          0      17479   serial.o
      3996       1232        917          0        377      23969   sfud.o
      1558        418        319          0          0       6173   sfud_sfdp.o
      2384        314        139         16        129      12234   shell.o
       782        122        163          0          0       9386   spi_core.o
       624        248        129          0          0       6489   spi_dev.o
       100         34          4          0          0       4853   spi_flash_init.o
      4570       1750        983         12          0      20986   spi_flash_sfud.o
        36          8        428          0       1024        888   startup_stm32f429xx.o
        60          6          0          9          0       7294   stm32f4xx_hal.o
       372         28          0          0          0      35465   stm32f4xx_hal_cortex.o
      1650         16          8          0          0       8999   stm32f4xx_hal_dma.o
       680         62          0          0         32       6270   stm32f4xx_hal_flash.o
       476         24          0          0          0       3450   stm32f4xx_hal_flash_ex.o
       972        106          0          0          0       4516   stm32f4xx_hal_gpio.o
       866         88          0          8          0     783269   stm32f4xx_hal_msp.o
       140         12          0          0          0       1344   stm32f4xx_hal_pwr_ex.o
      1820         84          0          0          0       5820   stm32f4xx_hal_rcc.o
       772         26          0          0          0       1660   stm32f4xx_hal_rcc_ex.o
       196          0          0          0          0       2912   stm32f4xx_hal_sdram.o
      3752         68          0          0          0      22619   stm32f4xx_hal_spi.o
      2848         38          0          0          0      16431   stm32f4xx_hal_uart.o
       362          4          0          0          0       4988   stm32f4xx_ll_fmc.o
         0          0          0          0          0        928   syscalls.o
        20          6         24          4          0       1219   system_stm32f4xx.o
      2046        604        253         12          0      16297   thread.o
       782         74         26          0        114       8638   time.o
      1658        534        108         20          0      11873   timer.o
         0          0          0          0          0       2564   waitqueue.o
         0          0          0          0          0       2492   workqueue.o

    ----------------------------------------------------------------------
    125748      26672      12970       1096      10564    1746417   Object Totals
         0          0         32          0          0          0   (incl. Generated)
       106          0         45         10         24          0   (incl. Padding)

    ----------------------------------------------------------------------

      Code (inc. data)   RO Data    RW Data    ZI Data      Debug   Library Member Name

        86          0          0          0          0          0   __dczerorl2.o
        28          0          0          0          0         68   _chval.o
       158          0          0          0          0         92   _strtoul.o
        26          0          0          0          0         80   atoi.o
         8          4        133          0          0         68   ctype_o.o
         0          0          0          0          0          0   entry.o
         0          0          0          0          0          0   entry10a.o
         0          0          0          0          0          0   entry11a.o
         4          0          0          0          0          0   entry12b.o
         8          4          0          0          0          0   entry2.o
         4          0          0          0          0          0   entry5.o
         0          0          0          0          0          0   entry7b.o
         0          0          0          0          0          0   entry8b.o
         8          4          0          0          0          0   entry9a.o
         8          4          0          4          0         68   errno.o
        30          0          0          0          0          0   handlers.o
        36          8          0          0          0         68   init.o
        98          0          0          0          0         84   ldiv.o
        30          0          0          0          0         68   llshl.o
        32          0          0          0          0         68   llushr.o
        26          0          0          0          0         80   memcmp.o
        36          0          0          0          0         68   memcpya.o
        36          0          0          0          0        108   memseta.o
        24          0          0          0          0         68   strcat.o
        20          0          0          0          0         68   strchr.o
        28          0          0          0          0         76   strcmp.o
        18          0          0          0          0         68   strcpy.o
        14          0          0          0          0         68   strlen.o
        30          0          0          0          0         80   strncmp.o
        24          0          0          0          0         76   strncpy.o
        22          0          0          0          0         68   strrchr.o
        36          0          0          0          0         80   strstr.o
       112          0          0          0          0         88   strtol.o
        98          0          0          0          0         92   uldiv.o

    ----------------------------------------------------------------------
      1092         24        134          4          0       1752   Library Totals
         4          0          1          0          0          0   (incl. Padding)

    ----------------------------------------------------------------------

      Code (inc. data)   RO Data    RW Data    ZI Data      Debug   Library Name

      1088         24        133          4          0       1752   mc_w.l

    ----------------------------------------------------------------------
      1092         24        134          4          0       1752   Library Totals

    ----------------------------------------------------------------------

==============================================================================


      Code (inc. data)   RO Data    RW Data    ZI Data      Debug   

    126840      26696      13104       1100      10564    1671917   Grand Totals
    126840      26696      13104        232      10564    1671917   ELF Image Totals (compressed)
    126840      26696      13104        232          0          0   ROM Totals

==============================================================================

    Total RO  Size (Code + RO Data)               139944 ( 136.66kB)
    Total RW  Size (RW Data + ZI Data)             11664 (  11.39kB)
    Total ROM Size (Code + RO Data + RW Data)     140176 ( 136.89kB)

==============================================================================

