<html>
<body>
<pre>
<h1>µVision Build Log</h1>
<h2>Tool Versions:</h2>
IDE-Version: ¦ÌVision V5.33.0.0
Copyright (C) 2020 ARM Ltd and ARM Germany GmbH. All rights reserved.
License Information: 1 1, 1, LIC=KIVNB-2TVWT-8YDVV-PGCT9-AINFR-Y25X4
 
Tool Versions:
Toolchain:       MDK-ARM Professional  Version: 5.33.0.0
Toolchain Path:  D:\Keil_v5\ARM\ARMCC\Bin
C Compiler:      Armcc.exe V5.06 update 7 (build 960)
Assembler:       Armasm.exe V5.06 update 7 (build 960)
Linker/Locator:  ArmLink.exe V5.06 update 7 (build 960)
Library Manager: ArmAr.exe V5.06 update 7 (build 960)
Hex Converter:   FromElf.exe V5.06 update 7 (build 960)
CPU DLL:         SARMCM3.DLL V5.33.0.0
Dialog DLL:      DARMSTM.DLL V1.68.0.0
Target DLL:      STLink\ST-LINKIII-KEIL_SWO.dll V3.0.8.0
Dialog DLL:      TARMSTM.DLL V1.66.0.0
 
<h2>Project:</h2>
E:\workspace\RT-Thread\bsp\stm32\stm32f103ze\project\RT-Thread.uvprojx
Project File Date:  09/02/2021

<h2>Output:</h2>
*** Using Compiler 'V5.06 update 7 (build 960)', folder: 'D:\Keil_v5\ARM\ARMCC\Bin'
Rebuild target 'rt-thread'
Note: source file '..\..\..\..\components\mbedtls\mbedtls\library\net_sockets.c' - object file renamed from '.\Objects\net_sockets.o' to '.\Objects\net_sockets_1.o'.
assembling startup_stm32f103xe.s...
compiling cpuport.c...
assembling context_rvds.S...
compiling system_stm32f1xx.c...
compiling stm32f1xx_hal_msp.c...
compiling stm32f1xx_hal.c...
compiling stm32f1xx_hal_cortex.c...
compiling stm32f1xx_hal_exti.c...
compiling stm32f1xx_hal_dma.c...
compiling stm32f1xx_hal_flash.c...
compiling stm32f1xx_hal_flash_ex.c...
compiling stm32f1xx_hal_gpio.c...
compiling stm32f1xx_hal_gpio_ex.c...
compiling stm32f1xx_hal_pwr.c...
compiling stm32f1xx_hal_rcc.c...
compiling stm32f1xx_hal_rcc_ex.c...
compiling stm32f1xx_hal_tim.c...
compiling stm32f1xx_hal_spi.c...
compiling stm32f1xx_hal_tim_ex.c...
compiling stm32f1xx_hal_uart.c...
compiling board.c...
compiling main.c...
compiling drv_common.c...
compiling drv_gpio.c...
compiling drv_usart.c...
compiling drv_spi.c...
compiling drv_flash_f1.c...
compiling mount_table.c...
compiling enc28j60_init.c...
compiling completion.c...
compiling dataqueue.c...
compiling pipe.c...
compiling ringblk_buf.c...
compiling ringbuffer.c...
compiling fal_flash_sfud_port.c...
compiling waitqueue.c...
compiling spi_flash_init.c...
compiling workqueue.c...
compiling pin.c...
compiling serial.c...
compiling spi_core.c...
compiling spi_dev.c...
compiling sfud_sfdp.c...
compiling sfud.c...
compiling spi_flash_sfud.c...
compiling components.c...
compiling clock.c...
compiling enc28j60.c...
compiling cpu.c...
compiling device.c...
compiling idle.c...
compiling irq.c...
compiling ipc.c...
compiling kservice.c...
compiling mem.c...
compiling memheap.c...
compiling mempool.c...
compiling object.c...
compiling signal.c...
compiling scheduler.c...
compiling slab.c...
compiling thread.c...
compiling timer.c...
compiling time.c...
compiling mem_std.c...
compiling libc.c...
compiling stdio.c...
compiling stubs.c...
compiling fal.c...
compiling fal_flash.c...
compiling fal_partition.c...
compiling cmd.c...
compiling finsh_compiler.c...
compiling finsh_error.c...
compiling finsh_heap.c...
compiling finsh_init.c...
compiling finsh_node.c...
compiling finsh_ops.c...
compiling finsh_parser.c...
compiling finsh_token.c...
compiling finsh_var.c...
compiling finsh_vm.c...
compiling msh.c...
compiling msh_file.c...
compiling shell.c...
compiling symbol.c...
compiling dfs.c...
compiling dfs_file.c...
compiling fal_rtt.c...
compiling dfs_fs.c...
compiling dfs_posix.c...
compiling poll.c...
compiling select.c...
compiling devfs.c...
compiling dfs_elm.c...
compiling ffunicode.c...
compiling api_lib.c...
compiling ff.c...
compiling err.c...
compiling netbuf.c...
compiling api_msg.c...
compiling netdb.c...
compiling netifapi.c...
compiling def.c...
compiling tcpip.c...
compiling sockets.c...
compiling inet_chksum.c...
compiling dns.c...
compiling init.c...
compiling ip.c...
compiling memp.c...
compiling netif.c...
compiling pbuf.c...
compiling stats.c...
compiling raw.c...
compiling sys.c...
compiling tcp.c...
..\..\..\..\components\net\lwip-2.0.2\src\core\tcp.c(361): warning:  #111-D: statement is unreachable
      break;
..\..\..\..\components\net\lwip-2.0.2\src\core\tcp.c: 1 warning, 0 errors
compiling tcp_in.c...
compiling tcp_out.c...
compiling timeouts.c...
compiling udp.c...
compiling autoip.c...
compiling dhcp.c...
compiling icmp.c...
compiling etharp.c...
compiling igmp.c...
compiling ip4_addr.c...
compiling ip4.c...
compiling ip4_frag.c...
compiling ethernet.c...
compiling lowpan6.c...
compiling ethernetif.c...
compiling sys_arch.c...
compiling netdev_ipaddr.c...
compiling netdev.c...
compiling net_netdb.c...
compiling sal_socket.c...
compiling net_sockets.c...
compiling dfs_net.c...
compiling ping.c...
compiling cJSON.c...
..\..\..\..\components\cJSON\cJSON.c(61): warning:  #1293-D: assignment in condition
        if (!(copy = (char*)cJSON_malloc(len))) return 0;
..\..\..\..\components\cJSON\cJSON.c(284): warning:  #1293-D: assignment in condition
  	ptr=str;while ((token=*ptr) && ++len) {if (strchr("\"\\\b\f\n\r\t",token)) len++; else if (token<32) len+=5;ptr++;}
..\..\..\..\components\cJSON\cJSON.c(358): warning:  #111-D: statement is unreachable
  	return p.buffer;
..\..\..\..\components\cJSON\cJSON.c(429): warning:  #1293-D: assignment in condition
  		if (!(new_item=cJSON_New_Item())) return 0; 	/* memory fail */
..\..\..\..\components\cJSON\cJSON.c(541): warning:  #1293-D: assignment in condition
  		if (!(new_item=cJSON_New_Item()))	return 0; /* memory fail */
..\..\..\..\components\cJSON\cJSON.c: 5 warnings, 0 errors
compiling cJSON_port.c...
compiling cJSON_util.c...
compiling aesni.c...
compiling arc4.c...
compiling aes.c...
compiling asn1parse.c...
compiling asn1write.c...
compiling base64.c...
compiling blowfish.c...
compiling camellia.c...
compiling bignum.c...
compiling ccm.c...
compiling certs.c...
compiling cipher.c...
compiling cmac.c...
compiling cipher_wrap.c...
compiling ctr_drbg.c...
compiling debug.c...
compiling des.c...
compiling ecdh.c...
compiling dhm.c...
compiling ecdsa.c...
compiling ecjpake.c...
compiling ecp_curves.c...
compiling ecp.c...
compiling entropy.c...
compiling entropy_poll.c...
compiling havege.c...
compiling gcm.c...
compiling error.c...
compiling hmac_drbg.c...
compiling md_wrap.c...
compiling md.c...
compiling md2.c...
compiling md4.c...
compiling md5.c...
compiling memory_buffer_alloc.c...
compiling net_sockets.c...
compiling padlock.c...
compiling oid.c...
compiling pem.c...
compiling pk.c...
compiling pk_wrap.c...
compiling pkcs11.c...
compiling pkcs5.c...
compiling pkcs12.c...
compiling pkwrite.c...
compiling pkparse.c...
compiling platform.c...
compiling rsa_internal.c...
compiling ripemd160.c...
compiling rsa.c...
compiling sha1.c...
compiling sha256.c...
compiling sha512.c...
compiling ssl_cache.c...
compiling ssl_ciphersuites.c...
compiling ssl_cookie.c...
compiling ssl_cli.c...
compiling ssl_srv.c...
compiling ssl_ticket.c...
compiling threading.c...
compiling timing.c...
compiling version.c...
compiling version_features.c...
compiling x509_create.c...
compiling x509.c...
compiling ssl_tls.c...
compiling x509_csr.c...
compiling x509_crl.c...
compiling x509_crt.c...
..\..\..\..\components\mbedtls\mbedtls\library\x509_crt.c(1205): warning:  #223-D: function "stat" declared implicitly
          else if( stat( entry_name, &sb ) == -1 )
..\..\..\..\components\mbedtls\mbedtls\library\x509_crt.c: 1 warning, 0 errors
compiling x509write_csr.c...
compiling x509write_crt.c...
compiling xtea.c...
compiling aes_alt.c...
compiling arc4_alt.c...
compiling des_alt.c...
compiling md5_alt.c...
compiling rsa_alt.c...
compiling sha1_alt.c...
compiling sha256_alt.c...
compiling sha512_alt.c...
compiling timing_alt.c...
compiling tls_certificate.c...
compiling tls_client.c...
..\..\..\..\components\mbedtls\ports\src\tls_client.c(76): warning:  #223-D: function "mbedtls_debug_set_threshold" declared implicitly
      mbedtls_debug_set_threshold((int) DEBUG_LEVEL);
..\..\..\..\components\mbedtls\ports\src\tls_client.c: 1 warning, 0 errors
compiling tls_hardware.c...
compiling tls_net.c...
..\..\..\..\components\mbedtls\ports\src\tls_net.c(298): warning:  #223-D: function "fcntl" declared implicitly
      if( ( fcntl( ctx->fd, F_GETFL) & O_NONBLOCK ) != O_NONBLOCK )
..\..\..\..\components\mbedtls\ports\src\tls_net.c: 1 warning, 0 errors
compiling webclient.c...
compiling webclient_file.c...
compiling tls_app_test.c...
compiling httpclient_sample.c...
compiling tcpclient_sample.c...
compiling tcpclient_select_sample.c...
..\..\..\..\components\dfs\include\dfs_select.h(19): warning:  #231-D: declaration is not visible outside of function
  int select(int nfds, fd_set *readfds, fd_set *writefds, fd_set *exceptfds, struct timeval *timeout);
..\..\..\..\applications\network-sample\tcpclient_select_sample.c: 1 warning, 0 errors
compiling tcpserver_sample.c...
compiling udpclient_sample.c...
compiling udpserver_sample.c...
compiling webclient_get_sample.c...
compiling webclient_post_sample.c...
compiling fal_sample.c...
linking...
Program Size: Code=401666 RO-data=68982 RW-data=1452 ZI-data=46380  
FromELF: creating hex file...
".\Objects\RT-Thread.axf" - 0 Error(s), 10 Warning(s).

<h2>Software Packages used:</h2>

Package Vendor: Keil
                http://www.keil.com/pack/Keil.STM32F1xx_DFP.2.3.0.pack
                Keil.STM32F1xx_DFP.2.3.0
                STMicroelectronics STM32F1 Series Device Support, Drivers and Examples

<h2>Collection of Component include folders:</h2>
  D:\Keil_v5\ARM\Packs\Keil\STM32F1xx_DFP\2.3.0\Device\Include

<h2>Collection of Component Files used:</h2>
Build Time Elapsed:  00:01:20
</pre>
</body>
</html>
