<html>
<body>
<pre>
<h1>µVision Build Log</h1>
<h2>Tool Versions:</h2>
IDE-Version: ¦ÌVision V5.30.0.0
Copyright (C) 2020 ARM Ltd and ARM Germany GmbH. All rights reserved.
License Information: 1 1, 1, LIC=Y2B2Z-JM8MJ-BXJUY-IMER3-6KJD7-KDBR1
 
Tool Versions:
Toolchain:       MDK-ARM Professional  Version: 5.30.0.0
Toolchain Path:  D:\Keil_v5\ARM\ARMCC\Bin
C Compiler:      Armcc.exe V5.06 update 6 (build 750)
Assembler:       Armasm.exe V5.06 update 6 (build 750)
Linker/Locator:  ArmLink.exe V5.06 update 6 (build 750)
Library Manager: ArmAr.exe V5.06 update 6 (build 750)
Hex Converter:   FromElf.exe V5.06 update 6 (build 750)
CPU DLL:         SARMCM3.DLL V5.30.0.0
Dialog DLL:      DCM.DLL V1.17.3.0
Target DLL:      CMSIS_AGDI.dll V1.32.5.0
Dialog DLL:      TCM.DLL V1.42.0.0
 
<h2>Project:</h2>
E:\workspace\RT-Thread\project\RT-Thread.uvprojx
Project File Date:  08/18/2020

<h2>Output:</h2>
*** Using Compiler 'V5.06 update 6 (build 750)', folder: 'D:\Keil_v5\ARM\ARMCC\Bin'
Rebuild target 'rt-thread'
assembling startup_stm32f103xe.s...
compiling cpuport.c...
assembling context_rvds.S...
compiling system_stm32f1xx.c...
compiling stm32f1xx_hal_msp.c...
compiling stm32f1xx_hal_dma.c...
compiling stm32f1xx_hal_cortex.c...
compiling stm32f1xx_hal_crc.c...
compiling stm32f1xx_hal_pwr.c...
compiling stm32f1xx_hal_rcc.c...
compiling stm32f1xx_hal_rcc_ex.c...
compiling stm32f1xx_hal.c...
compiling stm32f1xx_hal_sram.c...
compiling stm32f1xx_hal_cec.c...
compiling stm32f1xx_hal_gpio.c...
compiling stm32f1xx_hal_gpio_ex.c...
compiling stm32f1xx_hal_usart.c...
compiling stm32f1xx_ll_spi.c...
compiling stm32f1xx_hal_uart.c...
compiling stm32f1xx_hal_flash_ex.c...
compiling stm32f1xx_hal_flash.c...
compiling stm32f1xx_hal_spi.c...
compiling board.c...
compiling drv_common.c...
compiling drv_gpio.c...
compiling drv_spi.c...
compiling drv_usart.c...
compiling drv_flash_f1.c...
compiling pin.c...
compiling completion.c...
compiling serial.c...
compiling dataqueue.c...
compiling pipe.c...
compiling ringblk_buf.c...
compiling ringbuffer.c...
compiling waitqueue.c...
compiling workqueue.c...
compiling spi_core.c...
compiling spi_dev.c...
compiling spi_flash_sfud.c...
compiling sfud.c...
compiling sfud_sfdp.c...
compiling clock.c...
compiling components.c...
compiling cpu.c...
compiling idle.c...
compiling device.c...
compiling irq.c...
compiling ipc.c...
compiling kservice.c...
compiling memheap.c...
compiling mem.c...
compiling mempool.c...
compiling object.c...
compiling scheduler.c...
compiling signal.c...
compiling slab.c...
compiling thread.c...
compiling timer.c...
compiling libc.c...
compiling mem_std.c...
compiling stubs.c...
compiling time.c...
compiling stdio.c...
compiling fal_flash.c...
compiling fal.c...
compiling fal_partition.c...
compiling cmd.c...
compiling finsh_compiler.c...
compiling finsh_error.c...
compiling finsh_heap.c...
compiling finsh_init.c...
compiling finsh_node.c...
compiling finsh_ops.c...
compiling finsh_parser.c...
compiling finsh_token.c...
compiling finsh_var.c...
compiling finsh_vm.c...
compiling msh.c...
compiling msh_file.c...
compiling shell.c...
compiling symbol.c...
compiling dfs.c...
compiling dfs_file.c...
compiling dfs_fs.c...
compiling dfs_posix.c...
compiling poll.c...
compiling select.c...
compiling devfs.c...
compiling dfs_elm.c...
compiling ccsbcs.c...
compiling mount_table.c...
compiling ff.c...
compiling fal_rtt.c...
compiling main.c...
compiling spi_flash_init.c...
compiling fal_flash_sfud_port.c...
compiling fal_sample.c...
linking...
Program Size: Code=96012 RO-data=14520 RW-data=996 ZI-data=3756  
FromELF: creating hex file...
".\Objects\RT-Thread.axf" - 0 Error(s), 0 Warning(s).

<h2>Software Packages used:</h2>

Package Vendor: Keil
                http://www.keil.com/pack/Keil.STM32F1xx_DFP.2.3.0.pack
                Keil.STM32F1xx_DFP.2.3.0
                STMicroelectronics STM32F1 Series Device Support, Drivers and Examples

<h2>Collection of Component include folders:</h2>
  .\RTE\_rt-thread
  D:\Keil_v5\Arm\Packs\Keil\STM32F1xx_DFP\2.3.0\Device\Include

<h2>Collection of Component Files used:</h2>
Build Time Elapsed:  00:01:05
</pre>
</body>
</html>
