Component: ARM Compiler 5.06 update 7 (build 960) Tool: armlink [4d3601]

==============================================================================

Section Cross References

    startup_gd32f4xx.o(RESET) refers to startup_gd32f4xx.o(STACK) for __initial_sp
    startup_gd32f4xx.o(RESET) refers to startup_gd32f4xx.o(.text) for Reset_Handler
    startup_gd32f4xx.o(RESET) refers to context_rvds.o(.text) for HardFault_Handler
    startup_gd32f4xx.o(RESET) refers to board.o(i.SysTick_Handler) for SysTick_Handler
    startup_gd32f4xx.o(RESET) refers to drv_usart.o(i.USART0_IRQHandler) for USART0_IRQHandler
    startup_gd32f4xx.o(.text) refers to system_gd32f4xx.o(i.SystemInit) for SystemInit
    startup_gd32f4xx.o(.text) refers to entry.o(.ARM.Collect$$$$00000000) for __main
    cpuport.o(i.bus_fault_track) refers to kservice.o(i.rt_kprintf) for rt_kprintf
    cpuport.o(i.hard_fault_track) refers to kservice.o(i.rt_kprintf) for rt_kprintf
    cpuport.o(i.hard_fault_track) refers to cpuport.o(i.bus_fault_track) for bus_fault_track
    cpuport.o(i.hard_fault_track) refers to cpuport.o(i.mem_manage_fault_track) for mem_manage_fault_track
    cpuport.o(i.hard_fault_track) refers to cpuport.o(i.usage_fault_track) for usage_fault_track
    cpuport.o(i.mem_manage_fault_track) refers to kservice.o(i.rt_kprintf) for rt_kprintf
    cpuport.o(i.rt_hw_cpu_shutdown) refers to kservice.o(i.rt_kprintf) for rt_kprintf
    cpuport.o(i.rt_hw_cpu_shutdown) refers to kservice.o(i.rt_assert_handler) for rt_assert_handler
    cpuport.o(i.rt_hw_cpu_shutdown) refers to cpuport.o(.constdata) for __FUNCTION__
    cpuport.o(i.rt_hw_exception_install) refers to cpuport.o(.data) for rt_exception_hook
    cpuport.o(i.rt_hw_hard_fault_exception) refers to kservice.o(i.rt_kprintf) for rt_kprintf
    cpuport.o(i.rt_hw_hard_fault_exception) refers to thread.o(i.rt_thread_self) for rt_thread_self
    cpuport.o(i.rt_hw_hard_fault_exception) refers to cmd.o(i.list_thread) for list_thread
    cpuport.o(i.rt_hw_hard_fault_exception) refers to cpuport.o(i.hard_fault_track) for hard_fault_track
    cpuport.o(i.rt_hw_hard_fault_exception) refers to cpuport.o(.data) for rt_exception_hook
    cpuport.o(i.usage_fault_track) refers to kservice.o(i.rt_kprintf) for rt_kprintf
    context_rvds.o(.text) refers to cpuport.o(i.rt_hw_hard_fault_exception) for rt_hw_hard_fault_exception
    context_rvds.o(.text) refers to cpuport.o(.data) for rt_thread_switch_interrupt_flag
    gd32f4xx_gpio.o(i.gpio_deinit) refers to gd32f4xx_rcu.o(i.rcu_periph_reset_enable) for rcu_periph_reset_enable
    gd32f4xx_gpio.o(i.gpio_deinit) refers to gd32f4xx_rcu.o(i.rcu_periph_reset_disable) for rcu_periph_reset_disable
    gd32f4xx_rcu.o(i.rcu_deinit) refers to gd32f4xx_rcu.o(i.rcu_osci_stab_wait) for rcu_osci_stab_wait
    gd32f4xx_rcu.o(i.rcu_osci_stab_wait) refers to gd32f4xx_rcu.o(i.rcu_flag_get) for rcu_flag_get
    gd32f4xx_syscfg.o(i.syscfg_deinit) refers to gd32f4xx_rcu.o(i.rcu_periph_reset_enable) for rcu_periph_reset_enable
    gd32f4xx_syscfg.o(i.syscfg_deinit) refers to gd32f4xx_rcu.o(i.rcu_periph_reset_disable) for rcu_periph_reset_disable
    gd32f4xx_usart.o(i.usart_baudrate_set) refers to gd32f4xx_rcu.o(i.rcu_clock_freq_get) for rcu_clock_freq_get
    gd32f4xx_usart.o(i.usart_deinit) refers to gd32f4xx_rcu.o(i.rcu_periph_reset_enable) for rcu_periph_reset_enable
    gd32f4xx_usart.o(i.usart_deinit) refers to gd32f4xx_rcu.o(i.rcu_periph_reset_disable) for rcu_periph_reset_disable
    board.o(i.SysTick_Handler) refers to irq.o(i.rt_interrupt_enter) for rt_interrupt_enter
    board.o(i.SysTick_Handler) refers to clock.o(i.rt_tick_increase) for rt_tick_increase
    board.o(i.SysTick_Handler) refers to irq.o(i.rt_interrupt_leave) for rt_interrupt_leave
    board.o(i.SystemClock_Config) refers to board.o(i.NVIC_SetPriority) for NVIC_SetPriority
    board.o(i.SystemClock_Config) refers to system_gd32f4xx.o(.data) for SystemCoreClock
    board.o(i.rt_hw_board_init) refers to board.o(i.SystemClock_Config) for SystemClock_Config
    board.o(i.rt_hw_board_init) refers to components.o(i.rt_components_board_init) for rt_components_board_init
    board.o(i.rt_hw_board_init) refers to kservice.o(i.rt_console_set_device) for rt_console_set_device
    board.o(i.rt_hw_board_init) refers to mem.o(i.rt_system_heap_init) for rt_system_heap_init
    main.o(i.main) refers to thread.o(i.rt_thread_mdelay) for rt_thread_mdelay
    system_gd32f4xx.o(i.SystemCoreClockUpdate) refers to system_gd32f4xx.o(.data) for SystemCoreClock
    system_gd32f4xx.o(i.SystemInit) refers to system_gd32f4xx.o(i.system_clock_config) for system_clock_config
    system_gd32f4xx.o(i.system_clock_config) refers to system_gd32f4xx.o(i.system_clock_200m_8m_hxtal) for system_clock_200m_8m_hxtal
    drv_usart.o(i.USART0_IRQHandler) refers to irq.o(i.rt_interrupt_enter) for rt_interrupt_enter
    drv_usart.o(i.USART0_IRQHandler) refers to drv_usart.o(i.uart_isr) for uart_isr
[...]
    OP_mod_dword                             0x08000db9   Thumb Code    48  finsh_ops.o(i.OP_mod_dword)
    OP_mod_word                              0x08000ded   Thumb Code    48  finsh_ops.o(i.OP_mod_word)
    OP_mul_byte                              0x08000e21   Thumb Code    44  finsh_ops.o(i.OP_mul_byte)
    OP_mul_dword                             0x08000e51   Thumb Code    42  finsh_ops.o(i.OP_mul_dword)
    OP_mul_word                              0x08000e81   Thumb Code    46  finsh_ops.o(i.OP_mul_word)
    OP_no_op                                 0x08000eb5   Thumb Code     2  finsh_ops.o(i.OP_no_op)
    OP_or_byte                               0x08000eb9   Thumb Code    42  finsh_ops.o(i.OP_or_byte)
    OP_or_dword                              0x08000ee9   Thumb Code    42  finsh_ops.o(i.OP_or_dword)
    OP_or_word                               0x08000f19   Thumb Code    42  finsh_ops.o(i.OP_or_word)
    OP_pop                                   0x08000f49   Thumb Code    12  finsh_ops.o(i.OP_pop)
    OP_shl_byte                              0x08000f59   Thumb Code    42  finsh_ops.o(i.OP_shl_byte)
    OP_shl_dword                             0x08000f89   Thumb Code    42  finsh_ops.o(i.OP_shl_dword)
    OP_shl_word                              0x08000fb9   Thumb Code    44  finsh_ops.o(i.OP_shl_word)
    OP_shr_byte                              0x08000fe9   Thumb Code    42  finsh_ops.o(i.OP_shr_byte)
    OP_shr_dword                             0x08001019   Thumb Code    42  finsh_ops.o(i.OP_shr_dword)
    OP_shr_word                              0x08001049   Thumb Code    42  finsh_ops.o(i.OP_shr_word)
    OP_st_byte                               0x08001079   Thumb Code    30  finsh_ops.o(i.OP_st_byte)
    OP_st_dword                              0x0800109d   Thumb Code    30  finsh_ops.o(i.OP_st_dword)
    OP_st_word                               0x080010c1   Thumb Code    30  finsh_ops.o(i.OP_st_word)
    OP_sub_byte                              0x080010e5   Thumb Code    42  finsh_ops.o(i.OP_sub_byte)
    OP_sub_dword                             0x08001115   Thumb Code    42  finsh_ops.o(i.OP_sub_dword)
    OP_sub_word                              0x08001145   Thumb Code    44  finsh_ops.o(i.OP_sub_word)
    OP_xor_byte                              0x08001175   Thumb Code    42  finsh_ops.o(i.OP_xor_byte)
    OP_xor_dword                             0x080011a5   Thumb Code    42  finsh_ops.o(i.OP_xor_dword)
    OP_xor_word                              0x080011d5   Thumb Code    42  finsh_ops.o(i.OP_xor_word)
    SysTick_Handler                          0x08001205   Thumb Code    16  board.o(i.SysTick_Handler)
    SystemClock_Config                       0x08001215   Thumb Code    66  board.o(i.SystemClock_Config)
    SystemInit                               0x0800125d   Thumb Code   104  system_gd32f4xx.o(i.SystemInit)
    USART0_IRQHandler                        0x080012d5   Thumb Code    18  drv_usart.o(i.USART0_IRQHandler)
    __aeabi_errno_addr                       0x080012ed   Thumb Code     4  errno.o(i.__aeabi_errno_addr)
    __rt_errno_addr                          0x080012ed   Thumb Code     0  errno.o(i.__aeabi_errno_addr)
    __scatterload_copy                       0x080012f5   Thumb Code    14  handlers.o(i.__scatterload_copy)
    __scatterload_null                       0x08001303   Thumb Code     2  handlers.o(i.__scatterload_null)
    __scatterload_zeroinit                   0x08001305   Thumb Code    14  handlers.o(i.__scatterload_zeroinit)
    cmd_free                                 0x08001c55   Thumb Code    14  msh.o(i.cmd_free)
    cmd_ps                                   0x08001c63   Thumb Code    14  msh.o(i.cmd_ps)
    finsh_compiler_run                       0x080033c5   Thumb Code    94  finsh_compiler.o(i.finsh_compiler_run)
    finsh_errno                              0x08003435   Thumb Code     6  finsh_error.o(i.finsh_errno)
    finsh_error_init                         0x08003441   Thumb Code     8  finsh_error.o(i.finsh_error_init)
    finsh_error_set                          0x0800344d   Thumb Code    10  finsh_error.o(i.finsh_error_set)
    finsh_error_string                       0x0800345d   Thumb Code    10  finsh_error.o(i.finsh_error_string)
    finsh_flush                              0x0800346d   Thumb Code    22  finsh_init.o(i.finsh_flush)
    finsh_get_prompt                         0x08003485   Thumb Code    84  shell.o(i.finsh_get_prompt)
    finsh_heap_allocate                      0x08003555   Thumb Code   106  finsh_heap.o(i.finsh_heap_allocate)
    finsh_heap_free                          0x080035c9   Thumb Code    34  finsh_heap.o(i.finsh_heap_free)
    finsh_heap_init                          0x0800364d   Thumb Code    36  finsh_heap.o(i.finsh_heap_init)
    finsh_init                               0x0800367d   Thumb Code    30  finsh_init.o(i.finsh_init)
    finsh_node_allocate                      0x0800369d   Thumb Code    56  finsh_node.o(i.finsh_node_allocate)
    finsh_node_init                          0x080036d9   Thumb Code    16  finsh_node.o(i.finsh_node_init)
    finsh_node_new_char                      0x080036ed   Thumb Code    30  finsh_node.o(i.finsh_node_new_char)
    finsh_node_new_id                        0x0800370b   Thumb Code   118  finsh_node.o(i.finsh_node_new_id)
    finsh_node_new_int                       0x08003781   Thumb Code    30  finsh_node.o(i.finsh_node_new_int)
    finsh_node_new_long                      0x0800379f   Thumb Code    30  finsh_node.o(i.finsh_node_new_long)
    finsh_node_new_ptr                       0x080037bd   Thumb Code    30  finsh_node.o(i.finsh_node_new_ptr)
    finsh_node_new_string                    0x080037db   Thumb Code    74  finsh_node.o(i.finsh_node_new_string)
    finsh_parser_init                        0x08003825   Thumb Code    16  finsh_parser.o(i.finsh_parser_init)
    finsh_parser_run                         0x08003835   Thumb Code   220  finsh_parser.o(i.finsh_parser_run)
    finsh_run_line                           0x08003911   Thumb Code   164  shell.o(i.finsh_run_line)
    finsh_set_device                         0x08003a25   Thumb Code   156  shell.o(i.finsh_set_device)
    finsh_set_prompt_mode                    0x08003b01   Thumb Code    42  shell.o(i.finsh_set_prompt_mode)
    finsh_stack_bottom                       0x08003b49   Thumb Code     6  finsh_init.o(i.finsh_stack_bottom)
    finsh_syscall_lookup                     0x08003b55   Thumb Code    78  finsh_vm.o(i.finsh_syscall_lookup)
    finsh_system_function_init               0x08003bb1   Thumb Code    10  shell.o(i.finsh_system_function_init)
    finsh_system_init                        0x08003bc5   Thumb Code   108  shell.o(i.finsh_system_init)
    finsh_system_var_init                    0x08003c71   Thumb Code    10  shell.o(i.finsh_system_var_init)
    finsh_sysvar_lookup                      0x08003c85   Thumb Code    78  finsh_var.o(i.finsh_sysvar_lookup)
    finsh_thread_entry                       0x08003ce1   Thumb Code  1360  shell.o(i.finsh_thread_entry)
    finsh_token_init                         0x08004239   Thumb Code    20  finsh_token.o(i.finsh_token_init)
    finsh_token_token                        0x0800424d   Thumb Code    24  finsh_token.o(i.finsh_token_token)
    finsh_var_init                           0x080043c5   Thumb Code    14  finsh_var.o(i.finsh_var_init)
    finsh_var_insert                         0x080043d9   Thumb Code   114  finsh_var.o(i.finsh_var_insert)
    finsh_var_lookup                         0x08004451   Thumb Code    58  finsh_var.o(i.finsh_var_lookup)
    finsh_vm_run                             0x08004491   Thumb Code    62  finsh_vm.o(i.finsh_vm_run)
    gd32_hw_usart_init                       0x08004695   Thumb Code    98  drv_usart.o(i.gd32_hw_usart_init)
    gd32_uart_gpio_init                      0x0800474d   Thumb Code   136  drv_usart.o(i.gd32_uart_gpio_init)
    gpio_af_set                              0x080047dd   Thumb Code    94  gd32f4xx_gpio.o(i.gpio_af_set)
    gpio_mode_set                            0x0800483b   Thumb Code    78  gd32f4xx_gpio.o(i.gpio_mode_set)
    gpio_output_options_set                  0x08004889   Thumb Code    66  gd32f4xx_gpio.o(i.gpio_output_options_set)
    hello                                    0x0800494d   Thumb Code    12  cmd.o(i.hello)
    list                                     0x0800496d   Thumb Code   126  cmd.o(i.list)
    list_device                              0x08004a49   Thumb Code   172  cmd.o(i.list_device)
    list_event                               0x08004b61   Thumb Code   204  cmd.o(i.list_event)
    list_mailbox                             0x08004d59   Thumb Code   224  cmd.o(i.list_mailbox)
    list_mem                                 0x08004eb5   Thumb Code    34  mem.o(i.list_mem)
    list_memheap                             0x08004f2d   Thumb Code   158  cmd.o(i.list_memheap)
    list_mempool                             0x0800504d   Thumb Code   232  cmd.o(i.list_mempool)
    list_msgqueue                            0x080051c1   Thumb Code   216  cmd.o(i.list_msgqueue)
    list_mutex                               0x08005305   Thumb Code   168  cmd.o(i.list_mutex)
    list_prefix                              0x08005411   Thumb Code   434  cmd.o(i.list_prefix)
    list_sem                                 0x08005621   Thumb Code   216  cmd.o(i.list_sem)
    list_thread                              0x08005759   Thumb Code   294  cmd.o(i.list_thread)
    list_timer                               0x0800593d   Thumb Code   190  cmd.o(i.list_timer)
    $Super$$main                             0x08005a9d   Thumb Code    12  main.o(i.main)
    main_thread_entry                        0x08005aa9   Thumb Code    14  components.o(i.main_thread_entry)
    msh_auto_complete                        0x08005bc9   Thumb Code   138  msh.o(i.msh_auto_complete)
    msh_exec                                 0x08005c79   Thumb Code    82  msh.o(i.msh_exec)
    msh_help                                 0x08005d51   Thumb Code    66  msh.o(i.msh_help)
    msh_is_used                              0x08005dd1   Thumb Code     6  msh.o(i.msh_is_used)
    rcu_clock_freq_get                       0x080069f5   Thumb Code   264  gd32f4xx_rcu.o(i.rcu_clock_freq_get)
    rcu_periph_clock_enable                  0x08006b19   Thumb Code    32  gd32f4xx_rcu.o(i.rcu_periph_clock_enable)
    rt_application_init                      0x08006b3d   Thumb Code    46  components.o(i.rt_application_init)
    rt_assert_handler                        0x08006b8d   Thumb Code    56  kservice.o(i.rt_assert_handler)
    rt_calloc                                0x08006c01   Thumb Code    34  mem.o(i.rt_calloc)
    rt_completion_done                       0x08006c25   Thumb Code    76  completion.o(i.rt_completion_done)
    rt_completion_init                       0x08006c8d   Thumb Code    42  completion.o(i.rt_completion_init)
    rt_completion_wait                       0x08006cd5   Thumb Code   198  completion.o(i.rt_completion_wait)
    rt_components_board_init                 0x08006e15   Thumb Code    20  components.o(i.rt_components_board_init)
    rt_components_init                       0x08006e31   Thumb Code    20  components.o(i.rt_components_init)
    rt_console_get_device                    0x08006e4d   Thumb Code     6  kservice.o(i.rt_console_get_device)
    rt_console_set_device                    0x08006e59   Thumb Code    56  kservice.o(i.rt_console_set_device)
    rt_data_queue_deinit                     0x08006e95   Thumb Code    70  dataqueue.o(i.rt_data_queue_deinit)
    rt_data_queue_init                       0x08006f19   Thumb Code   124  dataqueue.o(i.rt_data_queue_init)
    rt_data_queue_len                        0x08006fbd   Thumb Code   118  dataqueue.o(i.rt_data_queue_len)
    rt_data_queue_peek                       0x08007071   Thumb Code   104  dataqueue.o(i.rt_data_queue_peek)
    rt_data_queue_pop                        0x08007115   Thumb Code   410  dataqueue.o(i.rt_data_queue_pop)
    rt_data_queue_push                       0x0800733d   Thumb Code   346  dataqueue.o(i.rt_data_queue_push)
    rt_data_queue_reset                      0x08007501   Thumb Code   188  dataqueue.o(i.rt_data_queue_reset)
    rt_device_close                          0x080075f9   Thumb Code    92  device.o(i.rt_device_close)
    rt_device_find                           0x080076a5   Thumb Code    14  device.o(i.rt_device_find)
    rt_device_open                           0x080076b5   Thumb Code   170  device.o(i.rt_device_open)
    rt_device_read                           0x080077fd   Thumb Code    98  device.o(i.rt_device_read)
    rt_device_register                       0x080078b1   Thumb Code    52  device.o(i.rt_device_register)
    rt_device_set_rx_indicate                0x080078e5   Thumb Code    48  device.o(i.rt_device_set_rx_indicate)
    rt_device_write                          0x08007965   Thumb Code    98  device.o(i.rt_device_write)
    rt_enter_critical                        0x08007b69   Thumb Code    28  scheduler.o(i.rt_enter_critical)
    rt_exit_critical                         0x08007b89   Thumb Code    60  scheduler.o(i.rt_exit_critical)
    rt_free                                  0x08007bcd   Thumb Code   278  mem.o(i.rt_free)
    rt_hw_board_init                         0x08007dd5   Thumb Code    34  board.o(i.rt_hw_board_init)
    rt_hw_console_output                     0x08007e0d   Thumb Code     2  kservice.o(i.rt_hw_console_output)
    rt_hw_hard_fault_exception               0x08007e11   Thumb Code   220  cpuport.o(i.rt_hw_hard_fault_exception)
    rt_hw_serial_isr                         0x0800803d   Thumb Code   394  serial.o(i.rt_hw_serial_isr)
    rt_hw_serial_register                    0x0800821d   Thumb Code    80  serial.o(i.rt_hw_serial_register)
    rt_hw_stack_init                         0x0800829d   Thumb Code    74  cpuport.o(i.rt_hw_stack_init)
    rt_interrupt_enter                       0x080082ed   Thumb Code    46  irq.o(i.rt_interrupt_enter)
    rt_interrupt_get_nest                    0x08008325   Thumb Code    22  irq.o(i.rt_interrupt_get_nest)
    rt_interrupt_leave                       0x08008341   Thumb Code    46  irq.o(i.rt_interrupt_leave)
    rt_kprintf                               0x08008411   Thumb Code    96  kservice.o(i.rt_kprintf)
    rt_malloc                                0x08008589   Thumb Code   522  mem.o(i.rt_malloc)
    rt_memcpy                                0x08008845   Thumb Code   124  kservice.o(i.rt_memcpy)
    rt_memmove                               0x080088c1   Thumb Code    66  kservice.o(i.rt_memmove)
    rt_memset                                0x08008903   Thumb Code    72  kservice.o(i.rt_memset)
    rt_object_allocate                       0x0800894d   Thumb Code   158  object.o(i.rt_object_allocate)
    rt_object_delete                         0x08008a39   Thumb Code    88  object.o(i.rt_object_delete)
    rt_object_detach                         0x08008ad9   Thumb Code    62  object.o(i.rt_object_detach)
    rt_object_find                           0x08008b35   Thumb Code   124  object.o(i.rt_object_find)
    rt_object_get_information                0x08008be1   Thumb Code    36  object.o(i.rt_object_get_information)
    rt_object_get_type                       0x08008c09   Thumb Code    26  object.o(i.rt_object_get_type)
    rt_object_init                           0x08008c3d   Thumb Code   140  object.o(i.rt_object_init)
    rt_object_is_systemobject                0x08008cf9   Thumb Code    34  object.o(i.rt_object_is_systemobject)
    rt_pin_get                               0x08008d35   Thumb Code    62  pin.o(i.rt_pin_get)
    rt_pin_mode                              0x08008da5   Thumb Code    38  pin.o(i.rt_pin_mode)
    rt_pin_read                              0x08008ded   Thumb Code    34  pin.o(i.rt_pin_read)
    rt_pin_write                             0x08008e31   Thumb Code    38  pin.o(i.rt_pin_write)
    rt_schedule                              0x08008e79   Thumb Code   300  scheduler.o(i.rt_schedule)
    rt_schedule_insert_thread                0x08008fbd   Thumb Code   118  scheduler.o(i.rt_schedule_insert_thread)
    rt_schedule_remove_thread                0x08009059   Thumb Code    94  scheduler.o(i.rt_schedule_remove_thread)
    rt_sem_init                              0x080090d9   Thumb Code    66  ipc.o(i.rt_sem_init)
    rt_sem_release                           0x08009145   Thumb Code   140  ipc.o(i.rt_sem_release)
    rt_sem_take                              0x080091ed   Thumb Code   288  ipc.o(i.rt_sem_take)
    rt_sem_trytake                           0x08009391   Thumb Code    14  ipc.o(i.rt_sem_trytake)
    rt_set_errno                             0x080099bd   Thumb Code    36  kservice.o(i.rt_set_errno)
    rt_show_version                          0x080099e5   Thumb Code    38  kservice.o(i.rt_show_version)
    rt_sprintf                               0x08009a95   Thumb Code    34  kservice.o(i.rt_sprintf)
    rt_strlen                                0x08009ab7   Thumb Code    18  kservice.o(i.rt_strlen)
    rt_strncmp                               0x08009ac9   Thumb Code    40  kservice.o(i.rt_strncmp)
    rt_strncpy                               0x08009af1   Thumb Code    52  kservice.o(i.rt_strncpy)
    rt_system_heap_init                      0x08009b25   Thumb Code   204  mem.o(i.rt_system_heap_init)
    rt_system_scheduler_init                 0x08009c79   Thumb Code    46  scheduler.o(i.rt_system_scheduler_init)
    rt_system_scheduler_start                0x08009cb9   Thumb Code    36  scheduler.o(i.rt_system_scheduler_start)
    rt_system_timer_init                     0x08009ce1   Thumb Code    24  timer.o(i.rt_system_timer_init)
    rt_system_timer_thread_init              0x08009cfd   Thumb Code     2  timer.o(i.rt_system_timer_thread_init)
    rt_thread_create                         0x08009cff   Thumb Code    80  thread.o(i.rt_thread_create)
    rt_thread_exit                           0x08009d51   Thumb Code    80  thread.o(i.rt_thread_exit)
    rt_thread_idle_excute                    0x08009dcd   Thumb Code   132  idle.o(i.rt_thread_idle_excute)
    rt_thread_idle_init                      0x08009e85   Thumb Code    74  idle.o(i.rt_thread_idle_init)
    rt_thread_init                           0x08009ee5   Thumb Code    78  thread.o(i.rt_thread_init)
    rt_thread_mdelay                         0x08009f65   Thumb Code    20  thread.o(i.rt_thread_mdelay)
    rt_thread_resume                         0x08009f79   Thumb Code   122  thread.o(i.rt_thread_resume)
    rt_thread_self                           0x0800a015   Thumb Code     6  thread.o(i.rt_thread_self)
    rt_thread_sleep                          0x0800a021   Thumb Code   100  thread.o(i.rt_thread_sleep)
    rt_thread_startup                        0x0800a0a1   Thumb Code   110  thread.o(i.rt_thread_startup)
    rt_thread_suspend                        0x0800a165   Thumb Code   158  thread.o(i.rt_thread_suspend)
    rt_thread_timeout                        0x0800a241   Thumb Code    92  thread.o(i.rt_thread_timeout)
    rt_tick_from_millisecond                 0x0800a2f5   Thumb Code    56  clock.o(i.rt_tick_from_millisecond)
    rt_tick_get                              0x0800a32d   Thumb Code     6  clock.o(i.rt_tick_get)
    rt_tick_increase                         0x0800a339   Thumb Code    54  clock.o(i.rt_tick_increase)
    rt_timer_check                           0x0800a375   Thumb Code   210  timer.o(i.rt_timer_check)
    rt_timer_control                         0x0800a455   Thumb Code   134  timer.o(i.rt_timer_control)
    rt_timer_detach                          0x0800a531   Thumb Code    90  timer.o(i.rt_timer_detach)
    rt_timer_init                            0x0800a60d   Thumb Code    58  timer.o(i.rt_timer_init)
    rt_timer_start                           0x0800a661   Thumb Code   302  timer.o(i.rt_timer_start)
    rt_timer_stop                            0x0800a815   Thumb Code   102  timer.o(i.rt_timer_stop)
    rt_vsnprintf                             0x0800a8d5   Thumb Code   808  kservice.o(i.rt_vsnprintf)
    rt_vsprintf                              0x0800ac05   Thumb Code    22  kservice.o(i.rt_vsprintf)
    rt_work_sys_workqueue_init               0x0800ac1d   Thumb Code    32  workqueue.o(i.rt_work_sys_workqueue_init)
    rt_workqueue_create                      0x0800ac4d   Thumb Code    92  workqueue.o(i.rt_workqueue_create)
    rtthread_startup                         0x0800acc5   Thumb Code    42  components.o(i.rtthread_startup)
    token_get_string                         0x0800aff5   Thumb Code   120  finsh_token.o(i.token_get_string)
    usart_baudrate_set                       0x0800b76d   Thumb Code   232  gd32f4xx_usart.o(i.usart_baudrate_set)
    usart_data_receive                       0x0800b85d   Thumb Code    10  gd32f4xx_usart.o(i.usart_data_receive)
    usart_data_transmit                      0x0800b867   Thumb Code     8  gd32f4xx_usart.o(i.usart_data_transmit)
    usart_enable                             0x0800b86f   Thumb Code    10  gd32f4xx_usart.o(i.usart_enable)
    usart_flag_clear                         0x0800b879   Thumb Code    26  gd32f4xx_usart.o(i.usart_flag_clear)
    usart_flag_get                           0x0800b893   Thumb Code    30  gd32f4xx_usart.o(i.usart_flag_get)
    usart_interrupt_disable                  0x0800b8b1   Thumb Code    70  gd32f4xx_usart.o(i.usart_interrupt_disable)
    usart_interrupt_enable                   0x0800b8f7   Thumb Code    70  gd32f4xx_usart.o(i.usart_interrupt_enable)
    usart_interrupt_flag_get                 0x0800b93d   Thumb Code    30  gd32f4xx_usart.o(i.usart_interrupt_flag_get)
    usart_parity_config                      0x0800b95b   Thumb Code    16  gd32f4xx_usart.o(i.usart_parity_config)
    usart_receive_config                     0x0800b96b   Thumb Code    16  gd32f4xx_usart.o(i.usart_receive_config)
    usart_stop_bit_set                       0x0800b97b   Thumb Code    16  gd32f4xx_usart.o(i.usart_stop_bit_set)
    usart_transmit_config                    0x0800b98b   Thumb Code    16  gd32f4xx_usart.o(i.usart_transmit_config)
    usart_word_length_set                    0x0800b99b   Thumb Code    16  gd32f4xx_usart.o(i.usart_word_length_set)
    version                                  0x0800b9ab   Thumb Code    10  cmd.o(i.version)
    op_table                                 0x0800c2f0   Data         196  finsh_ops.o(.constdata)
    __ctype_table                            0x0800c489   Data         129  ctype_o.o(.constdata)
    __fsym_pinMode_name                      0x0800c9b2   Data           8  pin.o(.rodata.name)
    __fsym_pinMode_desc                      0x0800c9ba   Data          22  pin.o(.rodata.name)
    __fsym_pinWrite_name                     0x0800c9d0   Data           9  pin.o(.rodata.name)
    __fsym_pinWrite_desc                     0x0800c9d9   Data          28  pin.o(.rodata.name)
    __fsym_pinRead_name                      0x0800c9f5   Data           8  pin.o(.rodata.name)
    __fsym_pinRead_desc                      0x0800c9fd   Data          30  pin.o(.rodata.name)
    __fsym_pinGet_name                       0x0800ca1b   Data           7  pin.o(.rodata.name)
    __fsym_pinGet_desc                       0x0800ca22   Data          33  pin.o(.rodata.name)
    __fsym_list_mem_name                     0x0800ca43   Data           9  mem.o(.rodata.name)
    __fsym_list_mem_desc                     0x0800ca4c   Data          30  mem.o(.rodata.name)
    __fsym_hello_name                        0x0800ca6a   Data           6  cmd.o(.rodata.name)
    __fsym_hello_desc                        0x0800ca70   Data          16  cmd.o(.rodata.name)
    __fsym_clear_name                        0x0800ca80   Data           6  cmd.o(.rodata.name)
    __fsym_clear_desc                        0x0800ca86   Data          26  cmd.o(.rodata.name)
    __fsym___cmd_clear_name                  0x0800caa0   Data          12  cmd.o(.rodata.name)
    __fsym___cmd_clear_desc                  0x0800caac   Data          26  cmd.o(.rodata.name)
    __fsym_version_name                      0x0800cac6   Data           8  cmd.o(.rodata.name)
    __fsym_version_desc                      0x0800cace   Data          35  cmd.o(.rodata.name)
    __fsym___cmd_version_name                0x0800caf1   Data          14  cmd.o(.rodata.name)
    __fsym___cmd_version_desc                0x0800caff   Data          35  cmd.o(.rodata.name)
    __fsym_list_thread_name                  0x0800cb22   Data          12  cmd.o(.rodata.name)
    __fsym_list_thread_desc                  0x0800cb2e   Data          12  cmd.o(.rodata.name)
    __fsym___cmd_list_thread_name            0x0800cb3a   Data          18  cmd.o(.rodata.name)
    __fsym___cmd_list_thread_desc            0x0800cb4c   Data          12  cmd.o(.rodata.name)
    __fsym_list_sem_name                     0x0800cb58   Data           9  cmd.o(.rodata.name)
    __fsym_list_sem_desc                     0x0800cb61   Data          25  cmd.o(.rodata.name)
    __fsym___cmd_list_sem_name               0x0800cb7a   Data          15  cmd.o(.rodata.name)
    __fsym___cmd_list_sem_desc               0x0800cb89   Data          25  cmd.o(.rodata.name)
    __fsym_list_event_name                   0x0800cba2   Data          11  cmd.o(.rodata.name)
    __fsym_list_event_desc                   0x0800cbad   Data          21  cmd.o(.rodata.name)
    __fsym___cmd_list_event_name             0x0800cbc2   Data          17  cmd.o(.rodata.name)
    __fsym___cmd_list_event_desc             0x0800cbd3   Data          21  cmd.o(.rodata.name)
    __fsym_list_mutex_name                   0x0800cbe8   Data          11  cmd.o(.rodata.name)
    __fsym_list_mutex_desc                   0x0800cbf3   Data          21  cmd.o(.rodata.name)
    __fsym___cmd_list_mutex_name             0x0800cc08   Data          17  cmd.o(.rodata.name)
    __fsym___cmd_list_mutex_desc             0x0800cc19   Data          21  cmd.o(.rodata.name)
    __fsym_list_mailbox_name                 0x0800cc2e   Data          13  cmd.o(.rodata.name)
    __fsym_list_mailbox_desc                 0x0800cc3b   Data          24  cmd.o(.rodata.name)
    __fsym___cmd_list_mailbox_name           0x0800cc53   Data          19  cmd.o(.rodata.name)
    __fsym___cmd_list_mailbox_desc           0x0800cc66   Data          24  cmd.o(.rodata.name)
    __fsym_list_msgqueue_name                0x0800cc7e   Data          14  cmd.o(.rodata.name)
    __fsym_list_msgqueue_desc                0x0800cc8c   Data          29  cmd.o(.rodata.name)
    __fsym___cmd_list_msgqueue_name          0x0800cca9   Data          20  cmd.o(.rodata.name)
    __fsym___cmd_list_msgqueue_desc          0x0800ccbd   Data          29  cmd.o(.rodata.name)
    __fsym_list_memheap_name                 0x0800ccda   Data          13  cmd.o(.rodata.name)
    __fsym_list_memheap_desc                 0x0800cce7   Data          27  cmd.o(.rodata.name)
    __fsym___cmd_list_memheap_name           0x0800cd02   Data          19  cmd.o(.rodata.name)
    __fsym___cmd_list_memheap_desc           0x0800cd15   Data          27  cmd.o(.rodata.name)
    __fsym_list_mempool_name                 0x0800cd30   Data          13  cmd.o(.rodata.name)
    __fsym_list_mempool_desc                 0x0800cd3d   Data          27  cmd.o(.rodata.name)
    __fsym___cmd_list_mempool_name           0x0800cd58   Data          19  cmd.o(.rodata.name)
    __fsym___cmd_list_mempool_desc           0x0800cd6b   Data          27  cmd.o(.rodata.name)
    __fsym_list_timer_name                   0x0800cd86   Data          11  cmd.o(.rodata.name)
    __fsym_list_timer_desc                   0x0800cd91   Data          21  cmd.o(.rodata.name)
    __fsym___cmd_list_timer_name             0x0800cda6   Data          17  cmd.o(.rodata.name)
    __fsym___cmd_list_timer_desc             0x0800cdb7   Data          21  cmd.o(.rodata.name)
    __fsym_list_device_name                  0x0800cdcc   Data          12  cmd.o(.rodata.name)
    __fsym_list_device_desc                  0x0800cdd8   Data          22  cmd.o(.rodata.name)
    __fsym___cmd_list_device_name            0x0800cdee   Data          18  cmd.o(.rodata.name)
    __fsym___cmd_list_device_desc            0x0800ce00   Data          22  cmd.o(.rodata.name)
    __fsym_list_name                         0x0800ce16   Data           5  cmd.o(.rodata.name)
    __fsym_list_desc                         0x0800ce1b   Data          26  cmd.o(.rodata.name)
    __vsym_dummy_name                        0x0800ce35   Data           6  cmd.o(.rodata.name)
    __vsym_dummy_desc                        0x0800ce3b   Data          25  cmd.o(.rodata.name)
    __fsym___cmd_exit_name                   0x0800ce54   Data          11  msh.o(.rodata.name)
    __fsym___cmd_exit_desc                   0x0800ce5f   Data          32  msh.o(.rodata.name)
    __fsym_msh_name                          0x0800ce7f   Data           4  msh.o(.rodata.name)
    __fsym_msh_desc                          0x0800ce83   Data          17  msh.o(.rodata.name)
    __fsym___cmd_help_name                   0x0800ce94   Data          11  msh.o(.rodata.name)
    __fsym___cmd_help_desc                   0x0800ce9f   Data          22  msh.o(.rodata.name)
    __fsym___cmd_ps_name                     0x0800ceb5   Data           9  msh.o(.rodata.name)
    __fsym___cmd_ps_desc                     0x0800cebe   Data          28  msh.o(.rodata.name)
    __fsym___cmd_free_name                   0x0800ceda   Data          11  msh.o(.rodata.name)
    __fsym___cmd_free_desc                   0x0800cee5   Data          37  msh.o(.rodata.name)
    __rt_init_rti_start                      0x0800cf0c   Data           4  components.o(.rti_fn.0)
    __rt_init_rti_board_start                0x0800cf10   Data           4  components.o(.rti_fn.0.end)
    __rt_init_gd32_hw_usart_init             0x0800cf14   Data           4  drv_usart.o(.rti_fn.1)
    __rt_init_rti_board_end                  0x0800cf18   Data           4  components.o(.rti_fn.1.end)
    __rt_init_rt_work_sys_workqueue_init     0x0800cf1c   Data           4  workqueue.o(.rti_fn.2)
    __rt_init_finsh_system_init              0x0800cf20   Data           4  shell.o(.rti_fn.6)
    __rt_init_rti_end                        0x0800cf24   Data           4  components.o(.rti_fn.6.end)
    FSymTab$$Base                            0x0800cf28   Number         0  pin.o(FSymTab)
    __fsym_pinMode                           0x0800cf28   Data          12  pin.o(FSymTab)
    __fsym_pinWrite                          0x0800cf34   Data          12  pin.o(FSymTab)
    __fsym_pinRead                           0x0800cf40   Data          12  pin.o(FSymTab)
    __fsym_pinGet                            0x0800cf4c   Data          12  pin.o(FSymTab)
    __fsym_list_mem                          0x0800cf58   Data          12  mem.o(FSymTab)
    __fsym_hello                             0x0800cf64   Data          12  cmd.o(FSymTab)
    __fsym_clear                             0x0800cf70   Data          12  cmd.o(FSymTab)
    __fsym___cmd_clear                       0x0800cf7c   Data          12  cmd.o(FSymTab)
    __fsym_version                           0x0800cf88   Data          12  cmd.o(FSymTab)
    __fsym___cmd_version                     0x0800cf94   Data          12  cmd.o(FSymTab)
    __fsym_list_thread                       0x0800cfa0   Data          12  cmd.o(FSymTab)
    __fsym___cmd_list_thread                 0x0800cfac   Data          12  cmd.o(FSymTab)
    __fsym_list_sem                          0x0800cfb8   Data          12  cmd.o(FSymTab)
    __fsym___cmd_list_sem                    0x0800cfc4   Data          12  cmd.o(FSymTab)
    __fsym_list_event                        0x0800cfd0   Data          12  cmd.o(FSymTab)
    __fsym___cmd_list_event                  0x0800cfdc   Data          12  cmd.o(FSymTab)
    __fsym_list_mutex                        0x0800cfe8   Data          12  cmd.o(FSymTab)
    __fsym___cmd_list_mutex                  0x0800cff4   Data          12  cmd.o(FSymTab)
    __fsym_list_mailbox                      0x0800d000   Data          12  cmd.o(FSymTab)
    __fsym___cmd_list_mailbox                0x0800d00c   Data          12  cmd.o(FSymTab)
    __fsym_list_msgqueue                     0x0800d018   Data          12  cmd.o(FSymTab)
    __fsym___cmd_list_msgqueue               0x0800d024   Data          12  cmd.o(FSymTab)
    __fsym_list_memheap                      0x0800d030   Data          12  cmd.o(FSymTab)
    __fsym___cmd_list_memheap                0x0800d03c   Data          12  cmd.o(FSymTab)
    __fsym_list_mempool                      0x0800d048   Data          12  cmd.o(FSymTab)
    __fsym___cmd_list_mempool                0x0800d054   Data          12  cmd.o(FSymTab)
    __fsym_list_timer                        0x0800d060   Data          12  cmd.o(FSymTab)
    __fsym___cmd_list_timer                  0x0800d06c   Data          12  cmd.o(FSymTab)
    __fsym_list_device                       0x0800d078   Data          12  cmd.o(FSymTab)
    __fsym___cmd_list_device                 0x0800d084   Data          12  cmd.o(FSymTab)
    __fsym_list                              0x0800d090   Data          12  cmd.o(FSymTab)
    __fsym___cmd_exit                        0x0800d09c   Data          12  msh.o(FSymTab)
    __fsym_msh                               0x0800d0a8   Data          12  msh.o(FSymTab)
    __fsym___cmd_help                        0x0800d0b4   Data          12  msh.o(FSymTab)
    __fsym___cmd_ps                          0x0800d0c0   Data          12  msh.o(FSymTab)
    __fsym___cmd_free                        0x0800d0cc   Data          12  msh.o(FSymTab)
    FSymTab$$Limit                           0x0800d0d8   Number         0  msh.o(FSymTab)
    Region$$Table$$Base                      0x0800d0d8   Number         0  anon$$obj.o(Region$$Table)
    Region$$Table$$Limit                     0x0800d0f8   Number         0  anon$$obj.o(Region$$Table)
    VSymTab$$Base                            0x0800d0f8   Number         0  cmd.o(VSymTab)
    __vsym_dummy                             0x0800d0f8   Data          16  cmd.o(VSymTab)
    VSymTab$$Limit                           0x0800d108   Number         0  cmd.o(VSymTab)
    rt_interrupt_from_thread                 0x20000000   Data           4  cpuport.o(.data)
    rt_interrupt_to_thread                   0x20000004   Data           4  cpuport.o(.data)
    rt_thread_switch_interrupt_flag          0x20000008   Data           4  cpuport.o(.data)
    SystemCoreClock                          0x20000010   Data           4  system_gd32f4xx.o(.data)
    rt_interrupt_nest                        0x20000028   Data           1  irq.o(.data)
    rt_assert_hook                           0x20000034   Data           4  kservice.o(.data)
    rt_object_trytake_hook                   0x20000100   Data           4  object.o(.data)
    rt_object_take_hook                      0x20000104   Data           4  object.o(.data)
    rt_object_put_hook                       0x20000108   Data           4  object.o(.data)
    rt_thread_ready_priority_group           0x2000010c   Data           4  scheduler.o(.data)
    rt_current_thread                        0x20000114   Data           4  scheduler.o(.data)
    rt_current_priority                      0x20000118   Data           1  scheduler.o(.data)
    rt_thread_defunct                        0x2000011c   Data           8  scheduler.o(.data)
    finsh_compile_sp                         0x2000014c   Data           4  finsh_compiler.o(.data)
    finsh_compile_pc                         0x20000150   Data           4  finsh_compiler.o(.data)
    global_errno                             0x20000154   Data           1  finsh_error.o(.data)
    global_sysvar_list                       0x2000019c   Data           4  finsh_var.o(.data)
    finsh_sp                                 0x200001a0   Data           4  finsh_vm.o(.data)
    finsh_pc                                 0x200001a4   Data           4  finsh_vm.o(.data)
    global_syscall_list                      0x200001a8   Data           4  finsh_vm.o(.data)
    _syscall_table_begin                     0x200001b0   Data           4  shell.o(.data)
    _syscall_table_end                       0x200001b4   Data           4  shell.o(.data)
    _sysvar_table_begin                      0x200001b8   Data           4  shell.o(.data)
    _sysvar_table_end                        0x200001bc   Data           4  shell.o(.data)
    shell                                    0x200001c0   Data           4  shell.o(.data)
    serial0                                  0x200001cc   Data          84  drv_usart.o(.bss)
    rt_thread_priority_table                 0x20000794   Data         256  scheduler.o(.bss)
    finsh_heap                               0x20000894   Data         128  finsh_heap.o(.bss)
    global_node_table                        0x20000914   Data         320  finsh_node.o(.bss)
    global_variable                          0x20000a54   Data         192  finsh_var.o(.bss)
    finsh_vm_stack                           0x20000b14   Data         256  finsh_vm.o(.bss)
    text_segment                             0x20000c14   Data         128  finsh_vm.o(.bss)
    Image$$RW_IRAM1$$ZI$$Limit               0x20001118   Number         0  anon$$obj.o ABSOLUTE
    __initial_sp                             0x20001118   Data           0  startup_gd32f4xx.o(STACK)



==============================================================================

Memory Map of the image

  Image Entry point : 0x080001a9

  Load Region LR_IROM1 (Base: 0x08000000, Size: 0x0000d2d4, Max: 0x00300000, ABSOLUTE, COMPRESSED[0x0000d1a0])

    Execution Region ER_IROM1 (Exec base: 0x08000000, Load base: 0x08000000, Size: 0x0000d108, Max: 0x00300000, ABSOLUTE)

    Exec Addr    Load Addr    Size         Type   Attr      Idx    E Section Name        Object

    0x08000000   0x08000000   0x000001a8   Data   RO            3    RESET               startup_gd32f4xx.o
    0x080001a8   0x080001a8   0x00000000   Code   RO         5111  * .ARM.Collect$$$$00000000  mc_w.l(entry.o)
    0x080001a8   0x080001a8   0x00000004   Code   RO         5136    .ARM.Collect$$$$00000001  mc_w.l(entry2.o)
    0x080001ac   0x080001ac   0x00000004   Code   RO         5139    .ARM.Collect$$$$00000004  mc_w.l(entry5.o)
    0x080001b0   0x080001b0   0x00000000   Code   RO         5141    .ARM.Collect$$$$00000008  mc_w.l(entry7b.o)
    0x080001b0   0x080001b0   0x00000000   Code   RO         5143    .ARM.Collect$$$$0000000A  mc_w.l(entry8b.o)
    0x080001b0   0x080001b0   0x00000008   Code   RO         5144    .ARM.Collect$$$$0000000B  mc_w.l(entry9a.o)
    0x080001b8   0x080001b8   0x00000004   Code   RO         5151    .ARM.Collect$$$$0000000E  mc_w.l(entry12b.o)
    0x080001bc   0x080001bc   0x00000000   Code   RO         5146    .ARM.Collect$$$$0000000F  mc_w.l(entry10a.o)
    0x080001bc   0x080001bc   0x00000000   Code   RO         5148    .ARM.Collect$$$$00000011  mc_w.l(entry11a.o)
    0x080001bc   0x080001bc   0x00000004   Code   RO         5137    .ARM.Collect$$$$00002712  mc_w.l(entry2.o)
    0x080001c0   0x080001c0   0x00000010   Code   RO           10    .emb_text           cpuport.o
    0x080001d0   0x080001d0   0x00000024   Code   RO            4    .text               startup_gd32f4xx.o
    0x080001f4   0x080001f4   0x00000134   Code   RO          143    .text               context_rvds.o
    0x08000328   0x08000328   0x00000024   Code   RO         5114    .text               mc_w.l(memcpya.o)
    0x0800034c   0x0800034c   0x00000024   Code   RO         5116    .text               mc_w.l(memseta.o)
    0x08000370   0x08000370   0x00000018   Code   RO         5118    .text               mc_w.l(strcat.o)
    0x08000388   0x08000388   0x00000018   Code   RO         5120    .text               mc_w.l(strncpy.o)
    0x080003a0   0x080003a0   0x0000000e   Code   RO         5122    .text               mc_w.l(strlen.o)
    0x080003ae   0x080003ae   0x0000001c   Code   RO         5124    .text               mc_w.l(strcmp.o)
    0x080003ca   0x080003ca   0x0000001a   Code   RO         5126    .text               mc_w.l(memcmp.o)
    0x080003e4   0x080003e4   0x00000012   Code   RO         5128    .text               mc_w.l(strcpy.o)
    0x080003f6   0x080003f6   0x0000001e   Code   RO         5130    .text               mc_w.l(strncmp.o)
    0x08000414   0x08000414   0x0000001a   Code   RO         5134    .text               mc_w.l(atoi.o)
    0x0800042e   0x0800042e   0x00000070   Code   RO         5159    .text               mc_w.l(strtol.o)
    0x0800049e   0x0800049e   0x00000002   PAD
    0x080004a0   0x080004a0   0x00000024   Code   RO         5161    .text               mc_w.l(init.o)
    0x080004c4   0x080004c4   0x00000008   Code   RO         5163    .text               mc_w.l(ctype_o.o)
    0x080004cc   0x080004cc   0x0000009e   Code   RO         5191    .text               mc_w.l(_strtoul.o)
    0x0800056a   0x0800056a   0x0000001c   Code   RO         5193    .text               mc_w.l(_chval.o)
    0x08000586   0x08000586   0x00000056   Code   RO         5203    .text               mc_w.l(__dczerorl2.o)
    0x080005dc   0x080005dc   0x0000000a   Code   RO         2520    i.$Sub$$main        components.o
    0x080005e6   0x080005e6   0x00000016   Code   RO         1626    i.NVIC_EnableIRQ    drv_usart.o
    0x080005fc   0x080005fc   0x00000028   Code   RO         1482    i.NVIC_SetPriority  board.o
    0x08000624   0x08000624   0x00000030   Code   RO         4307    i.OP_add_byte       finsh_ops.o
    0x08000654   0x08000654   0x00000030   Code   RO         4308    i.OP_add_dword      finsh_ops.o
    0x08000684   0x08000684   0x00000030   Code   RO         4309    i.OP_add_word       finsh_ops.o
    0x080006b4   0x080006b4   0x00000030   Code   RO         4310    i.OP_and_byte       finsh_ops.o
    0x080006e4   0x080006e4   0x00000030   Code   RO         4311    i.OP_and_dword      finsh_ops.o
    0x08000714   0x08000714   0x00000030   Code   RO         4312    i.OP_and_word       finsh_ops.o
    0x08000744   0x08000744   0x00000018   Code   RO         4313    i.OP_bw_byte        finsh_ops.o
    0x0800075c   0x0800075c   0x00000018   Code   RO         4314    i.OP_bw_dword       finsh_ops.o
    0x08000774   0x08000774   0x00000018   Code   RO         4315    i.OP_bw_word        finsh_ops.o
    0x0800078c   0x0800078c   0x0000038c   Code   RO         4316    i.OP_call           finsh_ops.o
    0x08000b18   0x08000b18   0x00000030   Code   RO         4317    i.OP_div_byte       finsh_ops.o
    0x08000b48   0x08000b48   0x00000030   Code   RO         4318    i.OP_div_dword      finsh_ops.o
    0x08000b78   0x08000b78   0x00000034   Code   RO         4319    i.OP_div_word       finsh_ops.o
    0x08000bac   0x08000bac   0x0000002c   Code   RO         4320    i.OP_ld_byte        finsh_ops.o
    0x08000bd8   0x08000bd8   0x00000048   Code   RO         4321    i.OP_ld_dword       finsh_ops.o
    0x08000c20   0x08000c20   0x0000004c   Code   RO         4322    i.OP_ld_value_byte  finsh_ops.o
    0x08000c6c   0x08000c6c   0x00000018   Code   RO         4323    i.OP_ld_value_byte_stack  finsh_ops.o
    0x08000c84   0x08000c84   0x0000004c   Code   RO         4324    i.OP_ld_value_dword  finsh_ops.o
    0x08000cd0   0x08000cd0   0x00000018   Code   RO         4325    i.OP_ld_value_dword_stack  finsh_ops.o
    0x08000ce8   0x08000ce8   0x0000004c   Code   RO         4326    i.OP_ld_value_word  finsh_ops.o
    0x08000d34   0x08000d34   0x00000018   Code   RO         4327    i.OP_ld_value_word_stack  finsh_ops.o
    0x08000d4c   0x08000d4c   0x00000038   Code   RO         4328    i.OP_ld_word        finsh_ops.o
    0x08000d84   0x08000d84   0x00000034   Code   RO         4329    i.OP_mod_byte       finsh_ops.o
    0x08000db8   0x08000db8   0x00000034   Code   RO         4330    i.OP_mod_dword      finsh_ops.o
    0x08000dec   0x08000dec   0x00000034   Code   RO         4331    i.OP_mod_word       finsh_ops.o
    0x08000e20   0x08000e20   0x00000030   Code   RO         4332    i.OP_mul_byte       finsh_ops.o
    0x08000e50   0x08000e50   0x00000030   Code   RO         4333    i.OP_mul_dword      finsh_ops.o
    0x08000e80   0x08000e80   0x00000034   Code   RO         4334    i.OP_mul_word       finsh_ops.o
    0x08000eb4   0x08000eb4   0x00000002   Code   RO         4335    i.OP_no_op          finsh_ops.o
    0x08000eb6   0x08000eb6   0x00000002   PAD
    0x08000eb8   0x08000eb8   0x00000030   Code   RO         4336    i.OP_or_byte        finsh_ops.o
    0x08000ee8   0x08000ee8   0x00000030   Code   RO         4337    i.OP_or_dword       finsh_ops.o
    0x08000f18   0x08000f18   0x00000030   Code   RO         4338    i.OP_or_word        finsh_ops.o
    0x08000f48   0x08000f48   0x00000010   Code   RO         4339    i.OP_pop            finsh_ops.o
    0x08000f58   0x08000f58   0x00000030   Code   RO         4340    i.OP_shl_byte       finsh_ops.o
    0x08000f88   0x08000f88   0x00000030   Code   RO         4341    i.OP_shl_dword      finsh_ops.o
    0x08000fb8   0x08000fb8   0x00000030   Code   RO         4342    i.OP_shl_word       finsh_ops.o
    0x08000fe8   0x08000fe8   0x00000030   Code   RO         4343    i.OP_shr_byte       finsh_ops.o
    0x08001018   0x08001018   0x00000030   Code   RO         4344    i.OP_shr_dword      finsh_ops.o
    0x08001048   0x08001048   0x00000030   Code   RO         4345    i.OP_shr_word       finsh_ops.o
    0x08001078   0x08001078   0x00000024   Code   RO         4346    i.OP_st_byte        finsh_ops.o
    0x0800109c   0x0800109c   0x00000024   Code   RO         4347    i.OP_st_dword       finsh_ops.o
    0x080010c0   0x080010c0   0x00000024   Code   RO         4348    i.OP_st_word        finsh_ops.o
    0x080010e4   0x080010e4   0x00000030   Code   RO         4349    i.OP_sub_byte       finsh_ops.o
    0x08001114   0x08001114   0x00000030   Code   RO         4350    i.OP_sub_dword      finsh_ops.o
    0x08001144   0x08001144   0x00000030   Code   RO         4351    i.OP_sub_word       finsh_ops.o
    0x08001174   0x08001174   0x00000030   Code   RO         4352    i.OP_xor_byte       finsh_ops.o
    0x080011a4   0x080011a4   0x00000030   Code   RO         4353    i.OP_xor_dword      finsh_ops.o
    0x080011d4   0x080011d4   0x00000030   Code   RO         4354    i.OP_xor_word       finsh_ops.o
    0x08001204   0x08001204   0x00000010   Code   RO         1483    i.SysTick_Handler   board.o
    0x08001214   0x08001214   0x00000048   Code   RO         1484    i.SystemClock_Config  board.o
    0x0800125c   0x0800125c   0x00000078   Code   RO         1565    i.SystemInit        system_gd32f4xx.o
    0x080012d4   0x080012d4   0x00000018   Code   RO         1627    i.USART0_IRQHandler  drv_usart.o
    0x080012ec   0x080012ec   0x00000008   Code   RO         5152    i.__aeabi_errno_addr  mc_w.l(errno.o)
    0x080012f4   0x080012f4   0x0000000e   Code   RO         5197    i.__scatterload_copy  mc_w.l(handlers.o)
    0x08001302   0x08001302   0x00000002   Code   RO         5198    i.__scatterload_null  mc_w.l(handlers.o)
    0x08001304   0x08001304   0x0000000e   Code   RO         5199    i.__scatterload_zeroinit  mc_w.l(handlers.o)
    0x08001312   0x08001312   0x00000002   PAD
    0x08001314   0x08001314   0x00000028   Code   RO         3542    i._get_highest_priority_thread  scheduler.o
    0x0800133c   0x0800133c   0x00000098   Code   RO         4889    i._msh_exec_cmd     msh.o
    0x080013d4   0x080013d4   0x000000c4   Code   RO         3543    i._rt_scheduler_stack_check  scheduler.o
    0x08001498   0x08001498   0x000000d0   Code   RO         3644    i._rt_thread_init   thread.o
    0x08001568   0x08001568   0x00000042   Code   RO         3798    i._rt_timer_init    timer.o
    0x080015aa   0x080015aa   0x0000001c   Code   RO         3799    i._rt_timer_remove  timer.o
    0x080015c6   0x080015c6   0x00000002   PAD
    0x080015c8   0x080015c8   0x00000048   Code   RO         2373    i._serial_check_buffer_size  serial.o
    0x08001610   0x08001610   0x00000194   Code   RO         2374    i._serial_dma_rx    serial.o
    0x080017a4   0x080017a4   0x0000005c   Code   RO         2375    i._serial_dma_tx    serial.o
    0x08001800   0x08001800   0x00000064   Code   RO         2376    i._serial_fifo_calc_recved_len  serial.o
    0x08001864   0x08001864   0x000000b8   Code   RO         2377    i._serial_int_rx    serial.o
    0x0800191c   0x0800191c   0x00000098   Code   RO         2378    i._serial_int_tx    serial.o
    0x080019b4   0x080019b4   0x00000064   Code   RO         2379    i._serial_poll_rx   serial.o
    0x08001a18   0x08001a18   0x00000054   Code   RO         2380    i._serial_poll_tx   serial.o
    0x08001a6c   0x08001a6c   0x0000001c   Code   RO         3645    i._thread_cleanup_execute  thread.o
    0x08001a88   0x08001a88   0x000000bc   Code   RO         2155    i._workqueue_thread_entry  workqueue.o
    0x08001b44   0x08001b44   0x000000fc   Code   RO           11    i.bus_fault_track   cpuport.o
    0x08001c40   0x08001c40   0x00000014   Code   RO         3934    i.clear             cmd.o
    0x08001c54   0x08001c54   0x0000000e   Code   RO         4890    i.cmd_free          msh.o
    0x08001c62   0x08001c62   0x0000000e   Code   RO         4891    i.cmd_ps            msh.o
    0x08001c70   0x08001c70   0x0000003e   Code   RO         4161    i.finsh_block_insert  finsh_heap.o
    0x08001cae   0x08001cae   0x0000007c   Code   RO         4162    i.finsh_block_merge  finsh_heap.o
    0x08001d2a   0x08001d2a   0x0000002e   Code   RO         4163    i.finsh_block_remove  finsh_heap.o
    0x08001d58   0x08001d58   0x00000018   Code   RO         4164    i.finsh_block_split  finsh_heap.o
    0x08001d70   0x08001d70   0x00001654   Code   RO         4080    i.finsh_compile     finsh_compiler.o
    0x080033c4   0x080033c4   0x00000070   Code   RO         4081    i.finsh_compiler_run  finsh_compiler.o
    0x08003434   0x08003434   0x0000000c   Code   RO         4127    i.finsh_errno       finsh_error.o
    0x08003440   0x08003440   0x0000000c   Code   RO         4128    i.finsh_error_init  finsh_error.o
    0x0800344c   0x0800344c   0x00000010   Code   RO         4129    i.finsh_error_set   finsh_error.o
    0x0800345c   0x0800345c   0x00000010   Code   RO         4130    i.finsh_error_string  finsh_error.o
    0x0800346c   0x0800346c   0x00000016   Code   RO         4214    i.finsh_flush       finsh_init.o
    0x08003482   0x08003482   0x00000002   PAD
    0x08003484   0x08003484   0x00000074   Code   RO         4981    i.finsh_get_prompt  shell.o
    0x080034f8   0x080034f8   0x0000005c   Code   RO         4983    i.finsh_getchar     shell.o
    0x08003554   0x08003554   0x00000074   Code   RO         4165    i.finsh_heap_allocate  finsh_heap.o
    0x080035c8   0x080035c8   0x0000002c   Code   RO         4166    i.finsh_heap_free   finsh_heap.o
    0x080035f4   0x080035f4   0x00000058   Code   RO         4167    i.finsh_heap_gc     finsh_heap.o
    0x0800364c   0x0800364c   0x00000030   Code   RO         4168    i.finsh_heap_init   finsh_heap.o
    0x0800367c   0x0800367c   0x0000001e   Code   RO         4215    i.finsh_init        finsh_init.o
    0x0800369a   0x0800369a   0x00000002   PAD
    0x0800369c   0x0800369c   0x0000003c   Code   RO         4250    i.finsh_node_allocate  finsh_node.o
    0x080036d8   0x080036d8   0x00000014   Code   RO         4251    i.finsh_node_init   finsh_node.o
    0x080036ec   0x080036ec   0x0000001e   Code   RO         4252    i.finsh_node_new_char  finsh_node.o
    0x0800370a   0x0800370a   0x00000076   Code   RO         4253    i.finsh_node_new_id  finsh_node.o
    0x08003780   0x08003780   0x0000001e   Code   RO         4254    i.finsh_node_new_int  finsh_node.o
    0x0800379e   0x0800379e   0x0000001e   Code   RO         4255    i.finsh_node_new_long  finsh_node.o
    0x080037bc   0x080037bc   0x0000001e   Code   RO         4256    i.finsh_node_new_ptr  finsh_node.o
    0x080037da   0x080037da   0x0000004a   Code   RO         4257    i.finsh_node_new_string  finsh_node.o
    0x08003824   0x08003824   0x00000010   Code   RO         4607    i.finsh_parser_init  finsh_parser.o
    0x08003834   0x08003834   0x000000dc   Code   RO         4608    i.finsh_parser_run  finsh_parser.o
    0x08003910   0x08003910   0x000000d4   Code   RO         4984    i.finsh_run_line    shell.o
    0x080039e4   0x080039e4   0x00000040   Code   RO         4985    i.finsh_rx_ind      shell.o
    0x08003a24   0x08003a24   0x000000dc   Code   RO         4986    i.finsh_set_device  shell.o
    0x08003b00   0x08003b00   0x00000048   Code   RO         4989    i.finsh_set_prompt_mode  shell.o
    0x08003b48   0x08003b48   0x0000000c   Code   RO         4217    i.finsh_stack_bottom  finsh_init.o
    0x08003b54   0x08003b54   0x0000005c   Code   RO         4855    i.finsh_syscall_lookup  finsh_vm.o
    0x08003bb0   0x08003bb0   0x00000014   Code   RO         4990    i.finsh_system_function_init  shell.o
    0x08003bc4   0x08003bc4   0x000000ac   Code   RO         4991    i.finsh_system_init  shell.o
    0x08003c70   0x08003c70   0x00000014   Code   RO         4992    i.finsh_system_var_init  shell.o
    0x08003c84   0x08003c84   0x0000005c   Code   RO         4802    i.finsh_sysvar_lookup  finsh_var.o
    0x08003ce0   0x08003ce0   0x00000558   Code   RO         4993    i.finsh_thread_entry  shell.o
    0x08004238   0x08004238   0x00000014   Code   RO         4719    i.finsh_token_init  finsh_token.o
    0x0800424c   0x0800424c   0x00000018   Code   RO         4720    i.finsh_token_token  finsh_token.o
    0x08004264   0x08004264   0x0000015e   Code   RO         4082    i.finsh_type_check  finsh_compiler.o
    0x080043c2   0x080043c2   0x00000002   PAD
    0x080043c4   0x080043c4   0x00000014   Code   RO         4804    i.finsh_var_init    finsh_var.o
    0x080043d8   0x080043d8   0x00000078   Code   RO         4805    i.finsh_var_insert  finsh_var.o
    0x08004450   0x08004450   0x00000040   Code   RO         4806    i.finsh_var_lookup  finsh_var.o
    0x08004490   0x08004490   0x00000054   Code   RO         4856    i.finsh_vm_run      finsh_vm.o
    0x080044e4   0x080044e4   0x000000ec   Code   RO         1628    i.gd32_configure    drv_usart.o
    0x080045d0   0x080045d0   0x0000007c   Code   RO         1629    i.gd32_control      drv_usart.o
    0x0800464c   0x0800464c   0x00000048   Code   RO         1630    i.gd32_getc         drv_usart.o
    0x08004694   0x08004694   0x00000070   Code   RO         1631    i.gd32_hw_usart_init  drv_usart.o
    0x08004704   0x08004704   0x00000048   Code   RO         1632    i.gd32_putc         drv_usart.o
    0x0800474c   0x0800474c   0x00000090   Code   RO         1633    i.gd32_uart_gpio_init  drv_usart.o
    0x080047dc   0x080047dc   0x0000005e   Code   RO          611    i.gpio_af_set       gd32f4xx_gpio.o
    0x0800483a   0x0800483a   0x0000004e   Code   RO          619    i.gpio_mode_set     gd32f4xx_gpio.o
    0x08004888   0x08004888   0x00000042   Code   RO          621    i.gpio_output_options_set  gd32f4xx_gpio.o
    0x080048ca   0x080048ca   0x00000002   PAD
    0x080048cc   0x080048cc   0x00000080   Code   RO           12    i.hard_fault_track  cpuport.o
    0x0800494c   0x0800494c   0x00000020   Code   RO         3935    i.hello             cmd.o
    0x0800496c   0x0800496c   0x000000dc   Code   RO         3936    i.list              cmd.o
    0x08004a48   0x08004a48   0x00000118   Code   RO         3937    i.list_device       cmd.o
    0x08004b60   0x08004b60   0x00000144   Code   RO         3938    i.list_event        cmd.o
    0x08004ca4   0x08004ca4   0x0000002a   Code   RO         3939    i.list_find_init    cmd.o
    0x08004cce   0x08004cce   0x00000088   Code   RO         3940    i.list_get_next     cmd.o
    0x08004d56   0x08004d56   0x00000002   PAD
    0x08004d58   0x08004d58   0x0000015c   Code   RO         3941    i.list_mailbox      cmd.o
    0x08004eb4   0x08004eb4   0x00000078   Code   RO         3249    i.list_mem          mem.o
    0x08004f2c   0x08004f2c   0x00000120   Code   RO         3942    i.list_memheap      cmd.o
    0x0800504c   0x0800504c   0x00000174   Code   RO         3943    i.list_mempool      cmd.o
    0x080051c0   0x080051c0   0x00000144   Code   RO         3944    i.list_msgqueue     cmd.o
    0x08005304   0x08005304   0x0000010c   Code   RO         3945    i.list_mutex        cmd.o
    0x08005410   0x08005410   0x00000210   Code   RO         3946    i.list_prefix       cmd.o
    0x08005620   0x08005620   0x00000138   Code   RO         3947    i.list_sem          cmd.o
    0x08005758   0x08005758   0x000001e4   Code   RO         3948    i.list_thread       cmd.o
    0x0800593c   0x0800593c   0x00000160   Code   RO         3949    i.list_timer        cmd.o
    0x08005a9c   0x08005a9c   0x0000000c   Code   RO         1539    i.main              main.o
    0x08005aa8   0x08005aa8   0x0000000e   Code   RO         2521    i.main_thread_entry  components.o
    0x08005ab6   0x08005ab6   0x00000028   Code   RO         4609    i.make_sys_node     finsh_parser.o
    0x08005ade   0x08005ade   0x00000002   PAD
    0x08005ae0   0x08005ae0   0x000000e8   Code   RO           13    i.mem_manage_fault_track  cpuport.o
    0x08005bc8   0x08005bc8   0x000000a0   Code   RO         4892    i.msh_auto_complete  msh.o
    0x08005c68   0x08005c68   0x00000010   Code   RO         4893    i.msh_enter         msh.o
    0x08005c78   0x08005c78   0x0000006c   Code   RO         4894    i.msh_exec          msh.o
    0x08005ce4   0x08005ce4   0x00000010   Code   RO         4895    i.msh_exit          msh.o
    0x08005cf4   0x08005cf4   0x0000005c   Code   RO         4896    i.msh_get_cmd       msh.o
    0x08005d50   0x08005d50   0x00000080   Code   RO         4897    i.msh_help          msh.o
    0x08005dd0   0x08005dd0   0x0000000c   Code   RO         4898    i.msh_is_used       msh.o
    0x08005ddc   0x08005ddc   0x000000f0   Code   RO         4899    i.msh_split         msh.o
    0x08005ecc   0x08005ecc   0x0000001c   Code   RO         3950    i.object_split      cmd.o
    0x08005ee8   0x08005ee8   0x0000010c   Code   RO         3250    i.plug_holes        mem.o
    0x08005ff4   0x08005ff4   0x00000198   Code   RO         3052    i.print_number      kservice.o
    0x0800618c   0x0800618c   0x00000072   Code   RO         4610    i.proc_additive_expr  finsh_parser.o
    0x080061fe   0x080061fe   0x0000004c   Code   RO         4611    i.proc_and_expr     finsh_parser.o
    0x0800624a   0x0800624a   0x00000038   Code   RO         4612    i.proc_assign_expr  finsh_parser.o
    0x08006282   0x08006282   0x0000004e   Code   RO         4613    i.proc_cast_expr    finsh_parser.o
    0x080062d0   0x080062d0   0x0000004c   Code   RO         4614    i.proc_exclusive_or_expr  finsh_parser.o
    0x0800631c   0x0800631c   0x0000000c   Code   RO         4615    i.proc_expr         finsh_parser.o
    0x08006328   0x08006328   0x00000038   Code   RO         4616    i.proc_expr_statement  finsh_parser.o
    0x08006360   0x08006360   0x0000002c   Code   RO         4617    i.proc_identifier   finsh_parser.o
    0x0800638c   0x0800638c   0x0000004c   Code   RO         4618    i.proc_inclusive_or_expr  finsh_parser.o
    0x080063d8   0x080063d8   0x0000008a   Code   RO         4619    i.proc_multiplicative_expr  finsh_parser.o
    0x08006462   0x08006462   0x0000004c   Code   RO         4620    i.proc_param_list   finsh_parser.o
    0x080064ae   0x080064ae   0x000000a2   Code   RO         4621    i.proc_postfix_expr  finsh_parser.o
    0x08006550   0x08006550   0x0000009e   Code   RO         4622    i.proc_primary_expr  finsh_parser.o
    0x080065ee   0x080065ee   0x00000074   Code   RO         4623    i.proc_shift_expr   finsh_parser.o
    0x08006662   0x08006662   0x000000fa   Code   RO         4624    i.proc_type         finsh_parser.o
    0x0800675c   0x0800675c   0x000000be   Code   RO         4625    i.proc_unary_expr   finsh_parser.o
    0x0800681a   0x0800681a   0x000001da   Code   RO         4626    i.proc_variable_decl  finsh_parser.o
    0x080069f4   0x080069f4   0x00000124   Code   RO          788    i.rcu_clock_freq_get  gd32f4xx_rcu.o
    0x08006b18   0x08006b18   0x00000024   Code   RO          807    i.rcu_periph_clock_enable  gd32f4xx_rcu.o
    0x08006b3c   0x08006b3c   0x00000050   Code   RO         2522    i.rt_application_init  components.o
    0x08006b8c   0x08006b8c   0x00000074   Code   RO         3053    i.rt_assert_handler  kservice.o
    0x08006c00   0x08006c00   0x00000022   Code   RO         3251    i.rt_calloc         mem.o
    0x08006c22   0x08006c22   0x00000002   PAD
    0x08006c24   0x08006c24   0x00000068   Code   RO         1732    i.rt_completion_done  completion.o
    0x08006c8c   0x08006c8c   0x00000048   Code   RO         1733    i.rt_completion_init  completion.o
    0x08006cd4   0x08006cd4   0x00000140   Code   RO         1734    i.rt_completion_wait  completion.o
    0x08006e14   0x08006e14   0x0000001c   Code   RO         2523    i.rt_components_board_init  components.o
    0x08006e30   0x08006e30   0x0000001c   Code   RO         2524    i.rt_components_init  components.o
    0x08006e4c   0x08006e4c   0x0000000c   Code   RO         3055    i.rt_console_get_device  kservice.o
    0x08006e58   0x08006e58   0x0000003c   Code   RO         3056    i.rt_console_set_device  kservice.o
    0x08006e94   0x08006e94   0x00000084   Code   RO         1765    i.rt_data_queue_deinit  dataqueue.o
    0x08006f18   0x08006f18   0x000000a4   Code   RO         1766    i.rt_data_queue_init  dataqueue.o
    0x08006fbc   0x08006fbc   0x000000b4   Code   RO         1767    i.rt_data_queue_len  dataqueue.o
    0x08007070   0x08007070   0x000000a4   Code   RO         1768    i.rt_data_queue_peek  dataqueue.o
    0x08007114   0x08007114   0x00000228   Code   RO         1769    i.rt_data_queue_pop  dataqueue.o
    0x0800733c   0x0800733c   0x000001c4   Code   RO         1770    i.rt_data_queue_push  dataqueue.o
    0x08007500   0x08007500   0x000000f8   Code   RO         1771    i.rt_data_queue_reset  dataqueue.o
    0x080075f8   0x080075f8   0x000000ac   Code   RO         2595    i.rt_device_close   device.o
    0x080076a4   0x080076a4   0x0000000e   Code   RO         2599    i.rt_device_find    device.o
    0x080076b2   0x080076b2   0x00000002   PAD
    0x080076b4   0x080076b4   0x00000148   Code   RO         2602    i.rt_device_open    device.o
    0x080077fc   0x080077fc   0x000000b4   Code   RO         2603    i.rt_device_read    device.o
    0x080078b0   0x080078b0   0x00000034   Code   RO         2604    i.rt_device_register  device.o
    0x080078e4   0x080078e4   0x00000080   Code   RO         2605    i.rt_device_set_rx_indicate  device.o
    0x08007964   0x08007964   0x000000b4   Code   RO         2608    i.rt_device_write   device.o
    0x08007a18   0x08007a18   0x0000000c   Code   RO         2381    i.rt_dma_calc_recved_len  serial.o
    0x08007a24   0x08007a24   0x0000009c   Code   RO         2382    i.rt_dma_recv_update_get_index  serial.o
    0x08007ac0   0x08007ac0   0x000000a8   Code   RO         2383    i.rt_dma_recv_update_put_index  serial.o
    0x08007b68   0x08007b68   0x00000020   Code   RO         3545    i.rt_enter_critical  scheduler.o
    0x08007b88   0x08007b88   0x00000044   Code   RO         3546    i.rt_exit_critical  scheduler.o
    0x08007bcc   0x08007bcc   0x00000208   Code   RO         3252    i.rt_free           mem.o
    0x08007dd4   0x08007dd4   0x00000038   Code   RO         1485    i.rt_hw_board_init  board.o
    0x08007e0c   0x08007e0c   0x00000002   Code   RO         3059    i.rt_hw_console_output  kservice.o
    0x08007e0e   0x08007e0e   0x00000002   PAD
    0x08007e10   0x08007e10   0x0000022c   Code   RO           17    i.rt_hw_hard_fault_exception  cpuport.o
    0x0800803c   0x0800803c   0x000001e0   Code   RO         2384    i.rt_hw_serial_isr  serial.o
    0x0800821c   0x0800821c   0x00000080   Code   RO         2385    i.rt_hw_serial_register  serial.o
    0x0800829c   0x0800829c   0x00000050   Code   RO           18    i.rt_hw_stack_init  cpuport.o
    0x080082ec   0x080082ec   0x00000038   Code   RO         3012    i.rt_interrupt_enter  irq.o
    0x08008324   0x08008324   0x0000001c   Code   RO         3014    i.rt_interrupt_get_nest  irq.o
    0x08008340   0x08008340   0x00000038   Code   RO         3015    i.rt_interrupt_leave  irq.o
    0x08008378   0x08008378   0x00000018   Code   RO         2741    i.rt_ipc_list_resume  ipc.o
    0x08008390   0x08008390   0x0000006e   Code   RO         2743    i.rt_ipc_list_suspend  ipc.o
    0x080083fe   0x080083fe   0x00000010   Code   RO         2744    i.rt_ipc_object_init  ipc.o
    0x0800840e   0x0800840e   0x00000002   PAD
    0x08008410   0x08008410   0x00000068   Code   RO         3060    i.rt_kprintf        kservice.o
    0x08008478   0x08008478   0x00000006   Code   RO         1772    i.rt_list_init      dataqueue.o
    0x0800847e   0x0800847e   0x00000006   Code   RO         2157    i.rt_list_init      workqueue.o
    0x08008484   0x08008484   0x00000006   Code   RO         2745    i.rt_list_init      ipc.o
    0x0800848a   0x0800848a   0x00000006   Code   RO         3547    i.rt_list_init      scheduler.o
    0x08008490   0x08008490   0x00000006   Code   RO         3800    i.rt_list_init      timer.o
    0x08008496   0x08008496   0x0000000e   Code   RO         3429    i.rt_list_insert_after  object.o
    0x080084a4   0x080084a4   0x0000000e   Code   RO         3646    i.rt_list_insert_after  thread.o
    0x080084b2   0x080084b2   0x0000000e   Code   RO         3801    i.rt_list_insert_after  timer.o
    0x080084c0   0x080084c0   0x0000000e   Code   RO         1773    i.rt_list_insert_before  dataqueue.o
    0x080084ce   0x080084ce   0x0000000e   Code   RO         2746    i.rt_list_insert_before  ipc.o
    0x080084dc   0x080084dc   0x00000010   Code   RO         1735    i.rt_list_isempty   completion.o
    0x080084ec   0x080084ec   0x00000010   Code   RO         1774    i.rt_list_isempty   dataqueue.o
    0x080084fc   0x080084fc   0x00000010   Code   RO         2747    i.rt_list_isempty   ipc.o
    0x0800850c   0x0800850c   0x00000010   Code   RO         3802    i.rt_list_isempty   timer.o
    0x0800851c   0x0800851c   0x00000010   Code   RO         3951    i.rt_list_isempty   cmd.o
    0x0800852c   0x0800852c   0x00000014   Code   RO         3952    i.rt_list_len       cmd.o
    0x08008540   0x08008540   0x00000012   Code   RO         2159    i.rt_list_remove    workqueue.o
    0x08008552   0x08008552   0x00000012   Code   RO         3430    i.rt_list_remove    object.o
    0x08008564   0x08008564   0x00000012   Code   RO         3647    i.rt_list_remove    thread.o
    0x08008576   0x08008576   0x00000012   Code   RO         3803    i.rt_list_remove    timer.o
    0x08008588   0x08008588   0x000002bc   Code   RO         3254    i.rt_malloc         mem.o
    0x08008844   0x08008844   0x0000007c   Code   RO         3064    i.rt_memcpy         kservice.o
    0x080088c0   0x080088c0   0x00000042   Code   RO         3065    i.rt_memmove        kservice.o
    0x08008902   0x08008902   0x00000048   Code   RO         3066    i.rt_memset         kservice.o
    0x0800894a   0x0800894a   0x00000002   PAD
    0x0800894c   0x0800894c   0x000000ec   Code   RO         3431    i.rt_object_allocate  object.o
    0x08008a38   0x08008a38   0x000000a0   Code   RO         3433    i.rt_object_delete  object.o
    0x08008ad8   0x08008ad8   0x0000005c   Code   RO         3434    i.rt_object_detach  object.o
    0x08008b34   0x08008b34   0x000000ac   Code   RO         3436    i.rt_object_find    object.o
    0x08008be0   0x08008be0   0x00000028   Code   RO         3437    i.rt_object_get_information  object.o
    0x08008c08   0x08008c08   0x00000034   Code   RO         3440    i.rt_object_get_type  object.o
    0x08008c3c   0x08008c3c   0x000000bc   Code   RO         3441    i.rt_object_init    object.o
    0x08008cf8   0x08008cf8   0x0000003c   Code   RO         3442    i.rt_object_is_systemobject  object.o
    0x08008d34   0x08008d34   0x00000070   Code   RO         2290    i.rt_pin_get        pin.o
    0x08008da4   0x08008da4   0x00000048   Code   RO         2292    i.rt_pin_mode       pin.o
    0x08008dec   0x08008dec   0x00000044   Code   RO         2293    i.rt_pin_read       pin.o
    0x08008e30   0x08008e30   0x00000048   Code   RO         2294    i.rt_pin_write      pin.o
    0x08008e78   0x08008e78   0x00000144   Code   RO         3548    i.rt_schedule       scheduler.o
    0x08008fbc   0x08008fbc   0x0000009c   Code   RO         3549    i.rt_schedule_insert_thread  scheduler.o
    0x08009058   0x08009058   0x00000080   Code   RO         3550    i.rt_schedule_remove_thread  scheduler.o
    0x080090d8   0x080090d8   0x0000006c   Code   RO         2776    i.rt_sem_init       ipc.o
    0x08009144   0x08009144   0x000000a8   Code   RO         2777    i.rt_sem_release    ipc.o
    0x080091ec   0x080091ec   0x000001a4   Code   RO         2778    i.rt_sem_take       ipc.o
    0x08009390   0x08009390   0x0000000e   Code   RO         2779    i.rt_sem_trytake    ipc.o
    0x0800939e   0x0800939e   0x00000002   PAD
    0x080093a0   0x080093a0   0x000001ac   Code   RO         2386    i.rt_serial_close   serial.o
    0x0800954c   0x0800954c   0x000000a4   Code   RO         2387    i.rt_serial_control  serial.o
    0x080095f0   0x080095f0   0x00000048   Code   RO         2388    i.rt_serial_init    serial.o
    0x08009638   0x08009638   0x000002ac   Code   RO         2389    i.rt_serial_open    serial.o
    0x080098e4   0x080098e4   0x0000006c   Code   RO         2390    i.rt_serial_read    serial.o
    0x08009950   0x08009950   0x0000006c   Code   RO         2391    i.rt_serial_write   serial.o
    0x080099bc   0x080099bc   0x00000028   Code   RO         3067    i.rt_set_errno      kservice.o
    0x080099e4   0x080099e4   0x000000b0   Code   RO         3068    i.rt_show_version   kservice.o
    0x08009a94   0x08009a94   0x00000022   Code   RO         3070    i.rt_sprintf        kservice.o
    0x08009ab6   0x08009ab6   0x00000012   Code   RO         3074    i.rt_strlen         kservice.o
    0x08009ac8   0x08009ac8   0x00000028   Code   RO         3075    i.rt_strncmp        kservice.o
    0x08009af0   0x08009af0   0x00000034   Code   RO         3076    i.rt_strncpy        kservice.o
    0x08009b24   0x08009b24   0x00000154   Code   RO         3258    i.rt_system_heap_init  mem.o
    0x08009c78   0x08009c78   0x00000040   Code   RO         3552    i.rt_system_scheduler_init  scheduler.o
    0x08009cb8   0x08009cb8   0x00000028   Code   RO         3553    i.rt_system_scheduler_start  scheduler.o
    0x08009ce0   0x08009ce0   0x0000001c   Code   RO         3804    i.rt_system_timer_init  timer.o
    0x08009cfc   0x08009cfc   0x00000002   Code   RO         3805    i.rt_system_timer_thread_init  timer.o
    0x08009cfe   0x08009cfe   0x00000050   Code   RO         3649    i.rt_thread_create  thread.o
    0x08009d4e   0x08009d4e   0x00000002   PAD
    0x08009d50   0x08009d50   0x00000054   Code   RO         3654    i.rt_thread_exit    thread.o
    0x08009da4   0x08009da4   0x00000028   Code   RO         2687    i.rt_thread_idle_entry  idle.o
    0x08009dcc   0x08009dcc   0x000000b8   Code   RO         2688    i.rt_thread_idle_excute  idle.o
    0x08009e84   0x08009e84   0x00000060   Code   RO         2690    i.rt_thread_idle_init  idle.o
    0x08009ee4   0x08009ee4   0x00000080   Code   RO         3656    i.rt_thread_init    thread.o
    0x08009f64   0x08009f64   0x00000014   Code   RO         3658    i.rt_thread_mdelay  thread.o
    0x08009f78   0x08009f78   0x0000009c   Code   RO         3659    i.rt_thread_resume  thread.o
    0x0800a014   0x0800a014   0x0000000c   Code   RO         3661    i.rt_thread_self    thread.o
    0x0800a020   0x0800a020   0x00000080   Code   RO         3662    i.rt_thread_sleep   thread.o
    0x0800a0a0   0x0800a0a0   0x000000c4   Code   RO         3663    i.rt_thread_startup  thread.o
    0x0800a164   0x0800a164   0x000000dc   Code   RO         3664    i.rt_thread_suspend  thread.o
    0x0800a240   0x0800a240   0x000000b4   Code   RO         3666    i.rt_thread_timeout  thread.o
    0x0800a2f4   0x0800a2f4   0x00000038   Code   RO         2482    i.rt_tick_from_millisecond  clock.o
    0x0800a32c   0x0800a32c   0x0000000c   Code   RO         2483    i.rt_tick_get       clock.o
    0x0800a338   0x0800a338   0x0000003c   Code   RO         2485    i.rt_tick_increase  clock.o
    0x0800a374   0x0800a374   0x000000e0   Code   RO         3806    i.rt_timer_check    timer.o
    0x0800a454   0x0800a454   0x000000dc   Code   RO         3807    i.rt_timer_control  timer.o
    0x0800a530   0x0800a530   0x000000dc   Code   RO         3810    i.rt_timer_detach   timer.o
    0x0800a60c   0x0800a60c   0x00000054   Code   RO         3813    i.rt_timer_init     timer.o
    0x0800a660   0x0800a660   0x000001b4   Code   RO         3816    i.rt_timer_start    timer.o
    0x0800a814   0x0800a814   0x000000c0   Code   RO         3817    i.rt_timer_stop     timer.o
    0x0800a8d4   0x0800a8d4   0x00000330   Code   RO         3079    i.rt_vsnprintf      kservice.o
    0x0800ac04   0x0800ac04   0x00000016   Code   RO         3080    i.rt_vsprintf       kservice.o
    0x0800ac1a   0x0800ac1a   0x00000002   PAD
    0x0800ac1c   0x0800ac1c   0x00000030   Code   RO         2162    i.rt_work_sys_workqueue_init  workqueue.o
    0x0800ac4c   0x0800ac4c   0x00000068   Code   RO         2166    i.rt_workqueue_create  workqueue.o
    0x0800acb4   0x0800acb4   0x00000004   Code   RO         2525    i.rti_board_end     components.o
    0x0800acb8   0x0800acb8   0x00000004   Code   RO         2526    i.rti_board_start   components.o
    0x0800acbc   0x0800acbc   0x00000004   Code   RO         2527    i.rti_end           components.o
    0x0800acc0   0x0800acc0   0x00000004   Code   RO         2528    i.rti_start         components.o
    0x0800acc4   0x0800acc4   0x0000002a   Code   RO         2529    i.rtthread_startup  components.o
    0x0800acee   0x0800acee   0x00000002   PAD
    0x0800acf0   0x0800acf0   0x00000040   Code   RO         4994    i.shell_auto_complete  shell.o
    0x0800ad30   0x0800ad30   0x00000030   Code   RO         4995    i.shell_handle_history  shell.o
    0x0800ad60   0x0800ad60   0x000000d8   Code   RO         4996    i.shell_push_history  shell.o
    0x0800ae38   0x0800ae38   0x00000030   Code   RO         3953    i.show_wait_queue   cmd.o
    0x0800ae68   0x0800ae68   0x00000026   Code   RO         3081    i.skip_atoi         kservice.o
    0x0800ae8e   0x0800ae8e   0x00000020   Code   RO         3954    i.str_common        cmd.o
    0x0800aeae   0x0800aeae   0x00000020   Code   RO         4900    i.str_common        msh.o
    0x0800aece   0x0800aece   0x00000022   Code   RO         3955    i.str_is_prefix     cmd.o
    0x0800aef0   0x0800aef0   0x000000fc   Code   RO         1566    i.system_clock_200m_8m_hxtal  system_gd32f4xx.o
    0x0800afec   0x0800afec   0x00000008   Code   RO         1567    i.system_clock_config  system_gd32f4xx.o
    0x0800aff4   0x0800aff4   0x00000078   Code   RO         4721    i.token_get_string  finsh_token.o
    0x0800b06c   0x0800b06c   0x00000034   Code   RO         4722    i.token_match_name  finsh_token.o
    0x0800b0a0   0x0800b0a0   0x0000003e   Code   RO         4723    i.token_next_char   finsh_token.o
    0x0800b0de   0x0800b0de   0x00000016   Code   RO         4724    i.token_prev_char   finsh_token.o
    0x0800b0f4   0x0800b0f4   0x000000a2   Code   RO         4725    i.token_proc_char   finsh_token.o
    0x0800b196   0x0800b196   0x000000d6   Code   RO         4726    i.token_proc_escape  finsh_token.o
    0x0800b26c   0x0800b26c   0x00000120   Code   RO         4727    i.token_proc_number  finsh_token.o
    0x0800b38c   0x0800b38c   0x00000050   Code   RO         4728    i.token_proc_string  finsh_token.o
    0x0800b3dc   0x0800b3dc   0x0000019e   Code   RO         4729    i.token_run         finsh_token.o
    0x0800b57a   0x0800b57a   0x00000098   Code   RO         4730    i.token_spec_number  finsh_token.o
    0x0800b612   0x0800b612   0x00000022   Code   RO         4731    i.token_trim_space  finsh_token.o
    0x0800b634   0x0800b634   0x00000050   Code   RO         1634    i.uart_isr          drv_usart.o
    0x0800b684   0x0800b684   0x000000e8   Code   RO           19    i.usage_fault_track  cpuport.o
    0x0800b76c   0x0800b76c   0x000000f0   Code   RO         1140    i.usart_baudrate_set  gd32f4xx_usart.o
    0x0800b85c   0x0800b85c   0x0000000a   Code   RO         1144    i.usart_data_receive  gd32f4xx_usart.o
    0x0800b866   0x0800b866   0x00000008   Code   RO         1145    i.usart_data_transmit  gd32f4xx_usart.o
    0x0800b86e   0x0800b86e   0x0000000a   Code   RO         1150    i.usart_enable      gd32f4xx_usart.o
    0x0800b878   0x0800b878   0x0000001a   Code   RO         1151    i.usart_flag_clear  gd32f4xx_usart.o
    0x0800b892   0x0800b892   0x0000001e   Code   RO         1152    i.usart_flag_get    gd32f4xx_usart.o
    0x0800b8b0   0x0800b8b0   0x00000046   Code   RO         1159    i.usart_interrupt_disable  gd32f4xx_usart.o
    0x0800b8f6   0x0800b8f6   0x00000046   Code   RO         1160    i.usart_interrupt_enable  gd32f4xx_usart.o
    0x0800b93c   0x0800b93c   0x0000001e   Code   RO         1161    i.usart_interrupt_flag_get  gd32f4xx_usart.o
    0x0800b95a   0x0800b95a   0x00000010   Code   RO         1174    i.usart_parity_config  gd32f4xx_usart.o
    0x0800b96a   0x0800b96a   0x00000010   Code   RO         1176    i.usart_receive_config  gd32f4xx_usart.o
    0x0800b97a   0x0800b97a   0x00000010   Code   RO         1187    i.usart_stop_bit_set  gd32f4xx_usart.o
    0x0800b98a   0x0800b98a   0x00000010   Code   RO         1191    i.usart_transmit_config  gd32f4xx_usart.o
    0x0800b99a   0x0800b99a   0x00000010   Code   RO         1192    i.usart_word_length_set  gd32f4xx_usart.o
    0x0800b9aa   0x0800b9aa   0x0000000a   Code   RO         3956    i.version           cmd.o
    0x0800b9b4   0x0800b9b4   0x0000007c   Data   RO         1636    .constdata          drv_usart.o
    0x0800ba30   0x0800ba30   0x00000039   Data   RO         1736    .constdata          completion.o
    0x0800ba69   0x0800ba69   0x00000086   Data   RO         1775    .constdata          dataqueue.o
    0x0800baef   0x0800baef   0x000000c9   Data   RO         2171    .constdata          workqueue.o
    0x0800bbb8   0x0800bbb8   0x00000088   Data   RO         2296    .constdata          pin.o
    0x0800bc40   0x0800bc40   0x0000012a   Data   RO         2392    .constdata          serial.o
    0x0800bd6a   0x0800bd6a   0x00000014   Data   RO         2530    .constdata          components.o
    0x0800bd7e   0x0800bd7e   0x000000ba   Data   RO         2609    .constdata          device.o
    0x0800be38   0x0800be38   0x00000016   Data   RO         2693    .constdata          idle.o
    0x0800be4e   0x0800be4e   0x000001fc   Data   RO         2780    .constdata          ipc.o
    0x0800c04a   0x0800c04a   0x00000022   Data   RO         3083    .constdata          kservice.o
    0x0800c06c   0x0800c06c   0x0000003c   Data   RO         3260    .constdata          mem.o
    0x0800c0a8   0x0800c0a8   0x00000080   Data   RO         3446    .constdata          object.o
    0x0800c128   0x0800c128   0x0000004e   Data   RO         3555    .constdata          scheduler.o
    0x0800c176   0x0800c176   0x000000c0   Data   RO         3668    .constdata          thread.o
    0x0800c236   0x0800c236   0x0000005c   Data   RO         3818    .constdata          timer.o
    0x0800c292   0x0800c292   0x00000002   PAD
    0x0800c294   0x0800c294   0x0000005c   Data   RO         3957    .constdata          cmd.o
    0x0800c2f0   0x0800c2f0   0x000000c4   Data   RO         4355    .constdata          finsh_ops.o
    0x0800c3b4   0x0800c3b4   0x00000040   Data   RO         4732    .constdata          finsh_token.o
    0x0800c3f4   0x0800c3f4   0x0000000e   Data   RO         4901    .constdata          msh.o
    0x0800c402   0x0800c402   0x00000087   Data   RO         4998    .constdata          shell.o
    0x0800c489   0x0800c489   0x00000081   Data   RO         5164    .constdata          mc_w.l(ctype_o.o)
    0x0800c50a   0x0800c50a   0x00000002   PAD
    0x0800c50c   0x0800c50c   0x00000004   Data   RO         5165    .constdata          mc_w.l(ctype_o.o)
    0x0800c510   0x0800c510   0x00000006   Data   RO         1637    .conststring        drv_usart.o
    0x0800c516   0x0800c516   0x00000002   PAD
    0x0800c518   0x0800c518   0x00000063   Data   RO         2393    .conststring        serial.o
    0x0800c57b   0x0800c57b   0x00000001   PAD
    0x0800c57c   0x0800c57c   0x00000045   Data   RO         2781    .conststring        ipc.o
    0x0800c5c1   0x0800c5c1   0x00000003   PAD
    0x0800c5c4   0x0800c5c4   0x000000eb   Data   RO         3261    .conststring        mem.o
    0x0800c6af   0x0800c6af   0x00000001   PAD
    0x0800c6b0   0x0800c6b0   0x00000042   Data   RO         3669    .conststring        thread.o
    0x0800c6f2   0x0800c6f2   0x00000002   PAD
    0x0800c6f4   0x0800c6f4   0x00000189   Data   RO         3958    .conststring        cmd.o
    0x0800c87d   0x0800c87d   0x00000003   PAD
    0x0800c880   0x0800c880   0x000000f3   Data   RO         4131    .conststring        finsh_error.o
    0x0800c973   0x0800c973   0x00000001   PAD
    0x0800c974   0x0800c974   0x0000003e   Data   RO         4733    .conststring        finsh_token.o
    0x0800c9b2   0x0800c9b2   0x00000091   Data   RO         2297    .rodata.name        pin.o
    0x0800ca43   0x0800ca43   0x00000027   Data   RO         3263    .rodata.name        mem.o
    0x0800ca6a   0x0800ca6a   0x000003ea   Data   RO         3960    .rodata.name        cmd.o
    0x0800ce54   0x0800ce54   0x000000b6   Data   RO         4903    .rodata.name        msh.o
    0x0800cf0a   0x0800cf0a   0x00000002   PAD
    0x0800cf0c   0x0800cf0c   0x00000004   Data   RO         2531    .rti_fn.0           components.o
    0x0800cf10   0x0800cf10   0x00000004   Data   RO         2532    .rti_fn.0.end       components.o
    0x0800cf14   0x0800cf14   0x00000004   Data   RO         1638    .rti_fn.1           drv_usart.o
    0x0800cf18   0x0800cf18   0x00000004   Data   RO         2533    .rti_fn.1.end       components.o
    0x0800cf1c   0x0800cf1c   0x00000004   Data   RO         2173    .rti_fn.2           workqueue.o
    0x0800cf20   0x0800cf20   0x00000004   Data   RO         5000    .rti_fn.6           shell.o
    0x0800cf24   0x0800cf24   0x00000004   Data   RO         2534    .rti_fn.6.end       components.o
    0x0800cf28   0x0800cf28   0x00000030   Data   RO         2298    FSymTab             pin.o
    0x0800cf58   0x0800cf58   0x0000000c   Data   RO         3264    FSymTab             mem.o
    0x0800cf64   0x0800cf64   0x00000138   Data   RO         3961    FSymTab             cmd.o
    0x0800d09c   0x0800d09c   0x0000003c   Data   RO         4904    FSymTab             msh.o
    0x0800d0d8   0x0800d0d8   0x00000020   Data   RO         5195    Region$$Table       anon$$obj.o
    0x0800d0f8   0x0800d0f8   0x00000010   Data   RO         3962    VSymTab             cmd.o


    Execution Region RW_IRAM1 (Exec base: 0x20000000, Load base: 0x0800d108, Size: 0x00001118, Max: 0x00030000, ABSOLUTE, COMPRESSED[0x00000098])

    Exec Addr    Load Addr    Size         Type   Attr      Idx    E Section Name        Object

    0x20000000   COMPRESSED   0x00000010   Data   RW           21    .data               cpuport.o
    0x20000010   COMPRESSED   0x00000004   Data   RW         1568    .data               system_gd32f4xx.o
    0x20000014   COMPRESSED   0x00000004   Data   RW         2172    .data               workqueue.o
    0x20000018   COMPRESSED   0x00000004   Data   RW         2394    .data               serial.o
    0x2000001c   COMPRESSED   0x00000004   Data   RW         2487    .data               clock.o
    0x20000020   COMPRESSED   0x00000009   Data   RW         3017    .data               irq.o
    0x20000029   COMPRESSED   0x00000003   PAD
    0x2000002c   COMPRESSED   0x0000000c   Data   RW         3084    .data               kservice.o
    0x20000038   COMPRESSED   0x00000020   Data   RW         3262    .data               mem.o
    0x20000058   COMPRESSED   0x000000b4   Data   RW         3447    .data               object.o
    0x2000010c   COMPRESSED   0x0000001c   Data   RW         3556    .data               scheduler.o
    0x20000128   COMPRESSED   0x0000000c   Data   RW         3670    .data               thread.o
    0x20000134   COMPRESSED   0x00000014   Data   RW         3819    .data               timer.o
    0x20000148   COMPRESSED   0x00000004   Data   RW         3959    .data               cmd.o
    0x2000014c   COMPRESSED   0x00000008   Data   RW         4083    .data               finsh_compiler.o
    0x20000154   COMPRESSED   0x00000040   Data   RW         4132    .data               finsh_error.o
    0x20000194   COMPRESSED   0x00000008   Data   RW         4170    .data               finsh_heap.o
    0x2000019c   COMPRESSED   0x00000004   Data   RW         4808    .data               finsh_var.o
    0x200001a0   COMPRESSED   0x0000000c   Data   RW         4858    .data               finsh_vm.o
    0x200001ac   COMPRESSED   0x00000004   Data   RW         4902    .data               msh.o
    0x200001b0   COMPRESSED   0x00000018   Data   RW         4999    .data               shell.o
    0x200001c8   COMPRESSED   0x00000004   Data   RW         5155    .data               mc_w.l(errno.o)
    0x200001cc        -       0x00000054   Zero   RW         1635    .bss                drv_usart.o
    0x20000220        -       0x00000044   Zero   RW         2295    .bss                pin.o
    0x20000264        -       0x00000490   Zero   RW         2692    .bss                idle.o
    0x200006f4        -       0x00000080   Zero   RW         3082    .bss                kservice.o
    0x20000774        -       0x00000020   Zero   RW         3259    .bss                mem.o
    0x20000794        -       0x00000100   Zero   RW         3554    .bss                scheduler.o
    0x20000894        -       0x00000080   Zero   RW         4169    .bss                finsh_heap.o
    0x20000914        -       0x00000140   Zero   RW         4258    .bss                finsh_node.o
    0x20000a54        -       0x000000c0   Zero   RW         4807    .bss                finsh_var.o
    0x20000b14        -       0x00000180   Zero   RW         4857    .bss                finsh_vm.o
    0x20000c94        -       0x00000081   Zero   RW         4997    .bss                shell.o
    0x20000d15   COMPRESSED   0x00000003   PAD
    0x20000d18        -       0x00000400   Zero   RW            1    STACK               startup_gd32f4xx.o


==============================================================================

Image component sizes


      Code (inc. data)   RO Data    RW Data    ZI Data      Debug   Object Name

       184         36          0          0          0      28661   board.o
       128         12          0          4          0       1912   clock.o
      4518       1508       1815          4          0      28102   cmd.o
       512        180         57          0          0       6247   completion.o
       218         50         36          0          0       6324   components.o
       308         28          0          0          0        848   context_rvds.o
      1496        738          0         16          0      24620   cpuport.o
      1928        532        134          0          0      12096   dataqueue.o
      1054        482        186          0          0       8380   device.o
       886        170        134          0         84      39013   drv_usart.o
      6178        158          0          8          0      10854   finsh_compiler.o
        56         22        243         64          0       2975   finsh_error.o
       552         42          0          8        128       6371   finsh_heap.o
        64          6          0          0          0       2284   finsh_init.o
       392          8          0          0        320       6426   finsh_node.o
      3038        294        196          0          0      28234   finsh_ops.o
      2428         32          0          0          0      17607   finsh_parser.o
      1644         16        126          0          0      11114   finsh_token.o
       296         32          0          4        192       7138   finsh_var.o
       176         36          0         12        384       5685   finsh_vm.o
         0          0          0          0          0      36984   gd32f4xx_crc.o
       238          0          0          0          0       2700   gd32f4xx_gpio.o
       328         32          0          0          0       2507   gd32f4xx_rcu.o
       574          8          0          0          0      10559   gd32f4xx_usart.o
       320         78         22          0       1168       5590   idle.o
       896        202        577          0          0      32753   ipc.o
       140         26          0          9          0       2386   irq.o
      2200        236         34         12        128      15687   kservice.o
        12          0          0          0          0        483   main.o
      1982        750        346         32         32       7156   mem.o
       984        198        256          4          0      10375   msh.o
      1032        332        128        180          0      11110   object.o
       324        152        329          0         68      11369   pin.o
      1054        250         78         28        256       7918   scheduler.o
      3696        794        397          4          0      17619   serial.o
      2684        382        139         24        129      17717   shell.o
        36          8        424          0       1024        984   startup_gd32f4xx.o
       380         30          0          4          0       1935   system_gd32f4xx.o
      1472        410        258         12          0      16266   thread.o
      1554        490         92         20          0      23443   timer.o
         0          0          0          0          0       2568   waitqueue.o
       364         52        205          4          0      12301   workqueue.o

    ----------------------------------------------------------------------
     46360       8812       6261        456       3916     505301   Object Totals
         0          0         32          0          0          0   (incl. Generated)
        34          0         17          3          3          0   (incl. Padding)

    ----------------------------------------------------------------------

      Code (inc. data)   RO Data    RW Data    ZI Data      Debug   Library Member Name

        86          0          0          0          0          0   __dczerorl2.o
        28          0          0          0          0         68   _chval.o
       158          0          0          0          0         92   _strtoul.o
        26          0          0          0          0         80   atoi.o
         8          4        133          0          0         68   ctype_o.o
         0          0          0          0          0          0   entry.o
         0          0          0          0          0          0   entry10a.o
         0          0          0          0          0          0   entry11a.o
         4          0          0          0          0          0   entry12b.o
         8          4          0          0          0          0   entry2.o
         4          0          0          0          0          0   entry5.o
         0          0          0          0          0          0   entry7b.o
         0          0          0          0          0          0   entry8b.o
         8          4          0          0          0          0   entry9a.o
         8          4          0          4          0         68   errno.o
        30          0          0          0          0          0   handlers.o
        36          8          0          0          0         68   init.o
        26          0          0          0          0         80   memcmp.o
        36          0          0          0          0         68   memcpya.o
        36          0          0          0          0        108   memseta.o
        24          0          0          0          0         68   strcat.o
        28          0          0          0          0         76   strcmp.o
        18          0          0          0          0         68   strcpy.o
        14          0          0          0          0         68   strlen.o
        30          0          0          0          0         80   strncmp.o
        24          0          0          0          0         76   strncpy.o
       112          0          0          0          0         88   strtol.o

    ----------------------------------------------------------------------
       756         24        135          4          0       1224   Library Totals
         4          0          2          0          0          0   (incl. Padding)

    ----------------------------------------------------------------------

      Code (inc. data)   RO Data    RW Data    ZI Data      Debug   Library Name

       752         24        133          4          0       1224   mc_w.l

    ----------------------------------------------------------------------
       756         24        135          4          0       1224   Library Totals

    ----------------------------------------------------------------------

==============================================================================


      Code (inc. data)   RO Data    RW Data    ZI Data      Debug   

     47116       8836       6396        460       3916     471337   Grand Totals
     47116       8836       6396        152       3916     471337   ELF Image Totals (compressed)
     47116       8836       6396        152          0          0   ROM Totals

==============================================================================

    Total RO  Size (Code + RO Data)                53512 (  52.26kB)
    Total RW  Size (RW Data + ZI Data)              4376 (   4.27kB)
    Total ROM Size (Code + RO Data + RW Data)      53664 (  52.41kB)

==============================================================================

