<html>
<body>
<pre>
<h1>µVision Build Log</h1>
<h2>Tool Versions:</h2>
IDE-Version: ¦ÌVision V5.37.0.0
Copyright (C) 2022 ARM Ltd and ARM Germany GmbH. All rights reserved.
License Information: 1 1, 1, LIC=KIVNB-2TVWT-8YDVV-PGCT9-AINFR-Y25X4
 
Tool Versions:
Toolchain:       MDK-ARM Professional  Version: 5.37.0.0
Toolchain Path:  D:\Keil_v5\ARM\ARMCC\Bin
C Compiler:      Armcc.exe V5.06 update 7 (build 960)
Assembler:       Armasm.exe V5.06 update 7 (build 960)
Linker/Locator:  ArmLink.exe V5.06 update 7 (build 960)
Library Manager: ArmAr.exe V5.06 update 7 (build 960)
Hex Converter:   FromElf.exe V5.06 update 7 (build 960)
CPU DLL:         SARMCM3.DLL V5.37.0.0
Dialog DLL:      DCM.DLL V1.17.5.0
Target DLL:      STLink\ST-LINKIII-KEIL_SWO.dll V3.0.9.0
Dialog DLL:      TCM.DLL V1.56.1.0
 
<h2>Project:</h2>
E:\workspace\RT-Thread\bsp\stm32\stm32f429ig-dt-p60\project\RT-Thread.uvprojx
Project File Date:  06/02/2022

<h2>Output:</h2>
*** Using Compiler 'V5.06 update 7 (build 960)', folder: 'D:\Keil_v5\ARM\ARMCC\Bin'
Rebuild target 'rt-thread'
assembling startup_stm32f429xx.s...
compiling backtrace.c...
compiling div0.c...
compiling showmem.c...
assembling context_rvds.S...
compiling cpuport.c...
compiling system_stm32f4xx.c...
compiling stm32f4xx_hal.c...
compiling stm32f4xx_hal_msp.c...
compiling stm32f4xx_hal_cortex.c...
compiling stm32f4xx_hal_dma.c...
compiling stm32f4xx_hal_dma_ex.c...
compiling stm32f4xx_hal_dsi.c...
compiling stm32f4xx_hal_eth.c...
compiling stm32f4xx_hal_exti.c...
compiling stm32f4xx_hal_flash.c...
compiling stm32f4xx_hal_flash_ramfunc.c...
compiling stm32f4xx_hal_flash_ex.c...
compiling stm32f4xx_hal_gpio.c...
compiling stm32f4xx_hal_ltdc_ex.c...
compiling stm32f4xx_hal_ltdc.c...
compiling stm32f4xx_hal_pwr.c...
compiling stm32f4xx_hal_pwr_ex.c...
compiling stm32f4xx_hal_rcc.c...
compiling stm32f4xx_hal_rcc_ex.c...
compiling stm32f4xx_hal_rtc.c...
compiling stm32f4xx_hal_rtc_ex.c...
compiling stm32f4xx_hal_sd.c...
compiling stm32f4xx_hal_sdram.c...
compiling stm32f4xx_hal_spi.c...
compiling stm32f4xx_hal_tim.c...
compiling stm32f4xx_hal_tim_ex.c...
compiling stm32f4xx_hal_uart.c...
compiling stm32f4xx_ll_fmc.c...
compiling stm32f4xx_ll_sdmmc.c...
compiling board.c...
compiling main.c...
compiling drv_common.c...
compiling drv_gpio.c...
compiling drv_usart.c...
compiling drv_sdram.c...
compiling drv_soft_i2c.c...
compiling drv_spi.c...
compiling drv_flash_f4.c...
compiling drv_sdio.c...
compiling drv_rtc.c...
compiling drv_lcd.c...
compiling drv_eth.c...
compiling fal_flash_sfud_port.c...
compiling mount_table.c...
compiling phy_reset.c...
compiling lv_port_disp.c...
compiling lv_port_fs.c...
..\ports\lvgl\lv_port_fs.c(138): warning:  #550-D: variable "res"  was set but never used
      lv_fs_res_t res = LV_FS_RES_NOT_IMP;
..\ports\lvgl\lv_port_fs.c(337): warning:  #550-D: variable "res"  was set but never used
      lv_fs_res_t res = LV_FS_RES_NOT_IMP;
..\ports\lvgl\lv_port_fs.c(383): warning:  #550-D: parameter "fn"  was set but never used
  static lv_fs_res_t fs_dir_read(lv_fs_drv_t * drv, void * rddir_p, char *fn)
..\ports\lvgl\lv_port_fs.c(37): warning:  #177-D: function "fs_size"  was declared but never referenced
  static lv_fs_res_t fs_size(lv_fs_drv_t * drv, void * file_p, uint32_t * size_p);
..\ports\lvgl\lv_port_fs.c: 4 warnings, 0 errors
compiling spi_flash_init.c...
compiling lv_rt_thread_port.c...
compiling completion.c...
compiling dataqueue.c...
compiling pipe.c...
compiling ringblk_buf.c...
compiling touch_init.c...
compiling ringbuffer.c...
compiling waitqueue.c...
compiling workqueue.c...
compiling pin.c...
compiling serial.c...
compiling spi_core.c...
compiling spi_dev.c...
compiling spi_flash_sfud.c...
compiling sfud.c...
compiling sfud_sfdp.c...
compiling mmc.c...
compiling block_dev.c...
compiling mmcsd_core.c...
compiling sd.c...
compiling rtc.c...
compiling sdio.c...
compiling i2c_core.c...
compiling i2c_dev.c...
compiling i2c-bit-ops.c...
compiling touch.c...
compiling gt917s.c...
..\..\..\..\components\drivers\touch\gt917s\src\gt917s.c(287): warning:  #223-D: function "time" declared implicitly
      read_data[id].timestamp = rt_touch_get_ts();
..\..\..\..\components\drivers\touch\gt917s\src\gt917s.c(313): warning:  #223-D: function "time" declared implicitly
      read_data[id].timestamp = rt_touch_get_ts();
..\..\..\..\components\drivers\touch\gt917s\src\gt917s.c: 2 warnings, 0 errors
compiling pcf8574.c...
compiling components.c...
compiling clock.c...
compiling cpu.c...
compiling device.c...
compiling idle.c...
compiling ipc.c...
compiling irq.c...
compiling mem.c...
compiling kservice.c...
compiling lv_port_indev.c...
..\ports\lvgl\lv_port_indev.c(204): warning:  #177-D: function "touchpad_init"  was declared but never referenced
  static void touchpad_init(void)
..\ports\lvgl\lv_port_indev.c(210): warning:  #177-D: function "touchpad_read"  was declared but never referenced
  static void touchpad_read(lv_indev_drv_t * indev_drv, lv_indev_data_t * data)
..\ports\lvgl\lv_port_indev.c(274): warning:  #177-D: function "mouse_init"  was declared but never referenced
  static void mouse_init(void)
..\ports\lvgl\lv_port_indev.c(280): warning:  #177-D: function "mouse_read"  was declared but never referenced
  static void mouse_read(lv_indev_drv_t * indev_drv, lv_indev_data_t * data)
..\ports\lvgl\lv_port_indev.c(315): warning:  #177-D: function "keypad_init"  was declared but never referenced
  static void keypad_init(void)
..\ports\lvgl\lv_port_indev.c(321): warning:  #177-D: function "keypad_read"  was declared but never referenced
  static void keypad_read(lv_indev_drv_t * indev_drv, lv_indev_data_t * data)
..\ports\lvgl\lv_port_indev.c(373): warning:  #177-D: function "encoder_init"  was declared but never referenced
  static void encoder_init(void)
..\ports\lvgl\lv_port_indev.c(379): warning:  #177-D: function "encoder_read"  was declared but never referenced
  static void encoder_read(lv_indev_drv_t * indev_drv, lv_indev_data_t * data)
..\ports\lvgl\lv_port_indev.c(387): warning:  #177-D: function "encoder_handler"  was declared but never referenced
  static void encoder_handler(void)
..\ports\lvgl\lv_port_indev.c: 9 warnings, 0 errors
compiling memheap.c...
compiling mempool.c...
compiling object.c...
compiling scheduler.c...
compiling signal.c...
compiling slab.c...
compiling thread.c...
compiling timer.c...
compiling stdlib.c...
compiling syscall_mem.c...
compiling time.c...
compiling syscalls.c...
compiling select.c...
compiling poll.c...
compiling libc.c...
compiling fal.c...
compiling fal_partition.c...
compiling fal_flash.c...
compiling cmd.c...
compiling msh.c...
compiling shell.c...
compiling msh_file.c...
compiling dfs.c...
compiling dfs_file.c...
compiling dfs_fs.c...
compiling dfs_posix.c...
compiling devfs.c...
compiling dfs_elm.c...
compiling ffunicode.c...
compiling ff.c...
compiling ethernetif.c...
compiling sys_arch.c...
compiling ethernet.c...
compiling lowpan6.c...
compiling def.c...
compiling dns.c...
compiling inet_chksum.c...
compiling init.c...
compiling ip.c...
compiling netif.c...
compiling memp.c...
compiling raw.c...
compiling pbuf.c...
compiling stats.c...
compiling sys.c...
compiling tcp.c...
compiling tcp_in.c...
compiling tcp_out.c...
compiling timeouts.c...
compiling autoip.c...
compiling udp.c...
compiling dhcp.c...
compiling etharp.c...
compiling fal_rtt.c...
compiling icmp.c...
compiling igmp.c...
compiling ip4.c...
compiling ip4_addr.c...
compiling ip4_frag.c...
compiling err.c...
compiling api_lib.c...
compiling api_msg.c...
compiling netbuf.c...
compiling netdb.c...
compiling netifapi.c...
compiling tcpip.c...
compiling ping.c...
compiling sockets.c...
compiling netdev.c...
compiling netdev_ipaddr.c...
compiling sal_socket.c...
compiling net_netdb.c...
compiling net_sockets.c...
compiling proto_mbedtls.c...
compiling af_inet_lwip.c...
compiling dfs_net.c...
compiling lv_disp.c...
compiling lv_event.c...
..\..\..\..\components\lvgl\src\core\lv_event.c(120): warning:  #188-D: enumerated type mixed with another type
      return e->code & ~LV_EVENT_PREPROCESS;
..\..\..\..\components\lvgl\src\core\lv_event.c: 1 warning, 0 errors
compiling lv_group.c...
compiling lv_indev.c...
compiling lv_indev_scroll.c...
compiling lv_obj.c...
compiling lv_obj_class.c...
compiling lv_obj_draw.c...
compiling lv_obj_pos.c...
compiling lv_obj_scroll.c...
compiling lv_obj_style.c...
compiling lv_obj_style_gen.c...
compiling lv_obj_tree.c...
compiling lv_refr.c...
compiling lv_draw.c...
compiling lv_theme.c...
compiling lv_draw_arc.c...
compiling lv_draw_img.c...
compiling lv_draw_label.c...
compiling lv_draw_line.c...
compiling lv_draw_rect.c...
compiling lv_draw_triangle.c...
compiling lv_draw_mask.c...
compiling lv_img_cache.c...
compiling lv_img_buf.c...
compiling lv_img_decoder.c...
compiling lv_draw_sw.c...
compiling lv_draw_sw_arc.c...
compiling lv_draw_sw_dither.c...
compiling lv_draw_sw_blend.c...
compiling lv_draw_sw_gradient.c...
compiling lv_draw_sw_img.c...
compiling lv_draw_sw_letter.c...
compiling lv_draw_sw_line.c...
compiling lv_draw_sw_polygon.c...
compiling lv_extra.c...
compiling lv_draw_sw_rect.c...
..\..\..\..\components\lvgl\src\draw\sw\lv_draw_sw_rect.c(239): warning:  #546-D: transfer of control bypasses initialization of:
            variable "mask_any_center"  (declared at line 286)
          goto bg_clean_up;
          ^
..\..\..\..\components\lvgl\src\draw\sw\lv_draw_sw_rect.c: 1 warning, 0 errors
compiling lv_flex.c...
..\..\..\..\components\lvgl\src\extra\layouts\flex\lv_flex.c(97): warning:  #188-D: enumerated type mixed with another type
      LV_STYLE_FLEX_MAIN_PLACE = lv_style_register_prop() | LV_STYLE_PROP_LAYOUT_REFR;
..\..\..\..\components\lvgl\src\extra\layouts\flex\lv_flex.c(98): warning:  #188-D: enumerated type mixed with another type
      LV_STYLE_FLEX_CROSS_PLACE = lv_style_register_prop() | LV_STYLE_PROP_LAYOUT_REFR;
..\..\..\..\components\lvgl\src\extra\layouts\flex\lv_flex.c(99): warning:  #188-D: enumerated type mixed with another type
      LV_STYLE_FLEX_TRACK_PLACE = lv_style_register_prop() | LV_STYLE_PROP_LAYOUT_REFR;
..\..\..\..\components\lvgl\src\extra\layouts\flex\lv_flex.c: 3 warnings, 0 errors
compiling lv_gridnav.c...
compiling lv_grid.c...
..\..\..\..\components\lvgl\src\extra\layouts\grid\lv_grid.c(134): warning:  #188-D: enumerated type mixed with another type
      LV_STYLE_GRID_COLUMN_DSC_ARRAY = lv_style_register_prop() | LV_STYLE_PROP_LAYOUT_REFR;
..\..\..\..\components\lvgl\src\extra\layouts\grid\lv_grid.c(135): warning:  #188-D: enumerated type mixed with another type
      LV_STYLE_GRID_ROW_DSC_ARRAY = lv_style_register_prop() | LV_STYLE_PROP_LAYOUT_REFR;
..\..\..\..\components\lvgl\src\extra\layouts\grid\lv_grid.c(136): warning:  #188-D: enumerated type mixed with another type
      LV_STYLE_GRID_COLUMN_ALIGN = lv_style_register_prop() | LV_STYLE_PROP_LAYOUT_REFR;
..\..\..\..\components\lvgl\src\extra\layouts\grid\lv_grid.c(137): warning:  #188-D: enumerated type mixed with another type
      LV_STYLE_GRID_ROW_ALIGN = lv_style_register_prop() | LV_STYLE_PROP_LAYOUT_REFR;
..\..\..\..\components\lvgl\src\extra\layouts\grid\lv_grid.c(139): warning:  #188-D: enumerated type mixed with another type
      LV_STYLE_GRID_CELL_ROW_SPAN = lv_style_register_prop() | LV_STYLE_PROP_LAYOUT_REFR;
..\..\..\..\components\lvgl\src\extra\layouts\grid\lv_grid.c(140): warning:  #188-D: enumerated type mixed with another type
      LV_STYLE_GRID_CELL_ROW_POS = lv_style_register_prop() | LV_STYLE_PROP_LAYOUT_REFR;
..\..\..\..\components\lvgl\src\extra\layouts\grid\lv_grid.c(141): warning:  #188-D: enumerated type mixed with another type
      LV_STYLE_GRID_CELL_COLUMN_SPAN = lv_style_register_prop() | LV_STYLE_PROP_LAYOUT_REFR;
..\..\..\..\components\lvgl\src\extra\layouts\grid\lv_grid.c(142): warning:  #188-D: enumerated type mixed with another type
      LV_STYLE_GRID_CELL_COLUMN_POS = lv_style_register_prop() | LV_STYLE_PROP_LAYOUT_REFR;
..\..\..\..\components\lvgl\src\extra\layouts\grid\lv_grid.c(143): warning:  #188-D: enumerated type mixed with another type
      LV_STYLE_GRID_CELL_X_ALIGN = lv_style_register_prop() | LV_STYLE_PROP_LAYOUT_REFR;
..\..\..\..\components\lvgl\src\extra\layouts\grid\lv_grid.c(144): warning:  #188-D: enumerated type mixed with another type
      LV_STYLE_GRID_CELL_Y_ALIGN = lv_style_register_prop() | LV_STYLE_PROP_LAYOUT_REFR;
..\..\..\..\components\lvgl\src\extra\layouts\grid\lv_grid.c(589): warning:  #188-D: enumerated type mixed with another type
      lv_grid_align_t col_align = get_cell_col_align(item);
..\..\..\..\components\lvgl\src\extra\layouts\grid\lv_grid.c(590): warning:  #188-D: enumerated type mixed with another type
      lv_grid_align_t row_align = get_cell_row_align(item);
..\..\..\..\components\lvgl\src\extra\layouts\grid\lv_grid.c: 12 warnings, 0 errors
compiling lv_monkey.c...
compiling lv_snapshot.c...
compiling lv_theme_basic.c...
compiling lv_theme_mono.c...
compiling lv_theme_default.c...
..\..\..\..\components\lvgl\src\extra\themes\default\lv_theme_default.c(213): warning:  #188-D: enumerated type mixed with another type
..\..\..\..\components\lvgl\src\extra\themes\default\lv_theme_default.c: 1 warning, 0 errors
compiling lv_animimg.c...
compiling lv_calendar_header_arrow.c...
compiling lv_calendar.c...
compiling lv_calendar_header_dropdown.c...
compiling lv_imgbtn.c...
compiling lv_colorwheel.c...
compiling lv_chart.c...
compiling lv_keyboard.c...
compiling lv_led.c...
compiling lv_list.c...
compiling lv_menu.c...
compiling lv_msgbox.c...
compiling lv_meter.c...
compiling lv_span.c...
..\..\..\..\components\lvgl\src\extra\widgets\span\lv_span.c(881): warning:  #546-D: transfer of control bypasses initialization of:
            variable "align"  (declared at line 885)
              goto Next_line_init;
              ^
..\..\..\..\components\lvgl\src\extra\widgets\span\lv_span.c: 1 warning, 0 errors
compiling lv_spinbox.c...
compiling lv_spinner.c...
compiling lv_tileview.c...
compiling lv_tabview.c...
compiling lv_win.c...
compiling lv_font.c...
compiling lv_font_fmt_txt.c...
..\..\..\..\components\lvgl\src\font\lv_font_fmt_txt.c(137): warning:  #111-D: statement is unreachable
      return NULL;
..\..\..\..\components\lvgl\src\font\lv_font_fmt_txt.c: 1 warning, 0 errors
compiling lv_font_dejavu_16_persian_hebrew.c...
compiling lv_font_loader.c...
compiling lv_font_montserrat_8.c...
compiling lv_font_montserrat_10.c...
compiling lv_font_montserrat_12.c...
compiling lv_font_montserrat_12_subpx.c...
compiling lv_font_montserrat_14.c...
compiling lv_font_montserrat_16.c...
compiling lv_font_montserrat_18.c...
compiling lv_font_montserrat_20.c...
compiling lv_font_montserrat_22.c...
compiling lv_font_montserrat_24.c...
compiling lv_font_montserrat_26.c...
compiling lv_font_montserrat_28.c...
compiling lv_font_montserrat_28_compressed.c...
compiling lv_font_montserrat_30.c...
compiling lv_font_montserrat_32.c...
compiling lv_font_montserrat_34.c...
compiling lv_font_montserrat_36.c...
compiling lv_font_montserrat_38.c...
compiling lv_font_montserrat_40.c...
compiling lv_font_montserrat_42.c...
compiling lv_font_montserrat_44.c...
compiling lv_font_montserrat_46.c...
compiling lv_font_montserrat_48.c...
compiling lv_font_unscii_8.c...
compiling lv_font_simsun_16_cjk.c...
compiling lv_font_unscii_16.c...
compiling lv_hal_tick.c...
compiling lv_hal_indev.c...
compiling lv_hal_disp.c...
..\..\..\..\components\lvgl\src\hal\lv_hal_disp.c(573): warning:  #188-D: enumerated type mixed with another type
      return disp->driver->rotated;
..\..\..\..\components\lvgl\src\hal\lv_hal_disp.c: 1 warning, 0 errors
compiling lv_anim_timeline.c...
compiling lv_anim.c...
compiling lv_area.c...
compiling lv_async.c...
compiling lv_bidi.c...
compiling lv_color.c...
compiling lv_fs.c...
compiling lv_gc.c...
compiling lv_ll.c...
compiling lv_log.c...
compiling lv_lru.c...
..\..\..\..\components\lvgl\src\misc\lv_lru.c(313): warning:  #68-D: integer conversion resulted in a change of sign
      uint32_t i = 0, min_index = -1;
..\..\..\..\components\lvgl\src\misc\lv_lru.c(314): warning:  #68-D: integer conversion resulted in a change of sign
      uint64_t min_access_count = -1;
..\..\..\..\components\lvgl\src\misc\lv_lru.c: 2 warnings, 0 errors
compiling lv_math.c...
compiling lv_mem.c...
..\..\..\..\components\lvgl\src\misc\lv_mem.c(311): warning:  #111-D: statement is unreachable
      return NULL;
..\..\..\..\components\lvgl\src\misc\lv_mem.c: 1 warning, 0 errors
compiling lv_printf.c...
compiling lv_style.c...
..\..\..\..\components\lvgl\src\misc\lv_style.c(74): warning:  #188-D: enumerated type mixed with another type
      return act_id;
..\..\..\..\components\lvgl\src\misc\lv_style.c: 1 warning, 0 errors
compiling lv_templ.c...
compiling lv_style_gen.c...
compiling lv_timer.c...
compiling lv_tlsf.c...
..\..\..\..\components\lvgl\src\misc\lv_tlsf.c(898): warning:  #68-D: integer conversion resulted in a change of sign
          offset_to_block(pool, -(int)block_header_overhead);
..\..\..\..\components\lvgl\src\misc\lv_tlsf.c(1000): warning:  #68-D: integer conversion resulted in a change of sign
      block = offset_to_block(mem, -(tlsfptr_t)block_header_overhead);
..\..\..\..\components\lvgl\src\misc\lv_tlsf.c(1018): warning:  #68-D: integer conversion resulted in a change of sign
      block_header_t * block = offset_to_block(pool, -(int)block_header_overhead);
..\..\..\..\components\lvgl\src\misc\lv_tlsf.c: 3 warnings, 0 errors
compiling lv_txt.c...
compiling lv_txt_ap.c...
compiling lv_utils.c...
compiling lv_arc.c...
compiling lv_btn.c...
compiling lv_bar.c...
compiling lv_checkbox.c...
compiling lv_btnmatrix.c...
compiling lv_canvas.c...
compiling lv_dropdown.c...
compiling lv_img.c...
compiling lv_label.c...
compiling lv_objx_templ.c...
compiling lv_line.c...
compiling lv_roller.c...
compiling lv_slider.c...
compiling lv_switch.c...
compiling lv_table.c...
compiling lv_textarea.c...
compiling gt917s_sample.c...
linking...
Program Size: Code=423324 RO-data=35744 RW-data=2148 ZI-data=108844  
FromELF: creating hex file...
".\Objects\RT-Thread.axf" - 0 Error(s), 43 Warning(s).

<h2>Software Packages used:</h2>

Package Vendor: Keil
                http://www.keil.com/pack/Keil.STM32F4xx_DFP.2.15.0.pack
                Keil.STM32F4xx_DFP.2.15.0
                STMicroelectronics STM32F4 Series Device Support, Drivers and Examples

<h2>Collection of Component include folders:</h2>
  D:/Keil_v5/ARM/Packs/Keil/STM32F4xx_DFP/2.15.0/Drivers/CMSIS/Device/ST/STM32F4xx/Include

<h2>Collection of Component Files used:</h2>
Build Time Elapsed:  00:03:29
</pre>
</body>
</html>
