<html>
<body>
<pre>
<h1>µVision Build Log</h1>
<h2>Tool Versions:</h2>
IDE-Version: ¦ÌVision V5.33.0.0
Copyright (C) 2020 ARM Ltd and ARM Germany GmbH. All rights reserved.
License Information: 1 1, 1, LIC=KIVNB-2TVWT-8YDVV-PGCT9-AINFR-Y25X4
 
Tool Versions:
Toolchain:       MDK-ARM Professional  Version: 5.33.0.0
Toolchain Path:  D:\Keil_v5\ARM\ARMCC\Bin
C Compiler:      Armcc.exe V5.06 update 7 (build 960)
Assembler:       Armasm.exe V5.06 update 7 (build 960)
Linker/Locator:  ArmLink.exe V5.06 update 7 (build 960)
Library Manager: ArmAr.exe V5.06 update 7 (build 960)
Hex Converter:   FromElf.exe V5.06 update 7 (build 960)
CPU DLL:         SARMCM3.DLL V5.33.0.0
Dialog DLL:      DCM.DLL V1.17.3.0
Target DLL:      STLink\ST-LINKIII-KEIL_SWO.dll V3.0.8.0
Dialog DLL:      TCM.DLL V1.48.0.0
 
<h2>Project:</h2>
E:\workspace\RT-Thread\bsp\stm32\stm32f407zg-core-board\project\RT-Thread.uvprojx
Project File Date:  03/15/2022

<h2>Output:</h2>
*** Using Compiler 'V5.06 update 7 (build 960)', folder: 'D:\Keil_v5\ARM\ARMCC\Bin'
Rebuild target 'rt-thread'
Note: source file '..\..\..\..\components\mbedtls\mbedtls\library\net_sockets.c' - object file renamed from '.\Objects\net_sockets.o' to '.\Objects\net_sockets_1.o'.
Note: source file '..\..\..\..\components\net\sal_socket\socket\net_sockets.c' - object file renamed from '.\Objects\net_sockets.o' to '.\Objects\net_sockets_1.o'.
assembling startup_stm32f407xx.s...
compiling backtrace.c...
compiling div0.c...
compiling showmem.c...
assembling context_rvds.S...
compiling cpuport.c...
compiling system_stm32f4xx.c...
compiling stm32f4xx_hal.c...
compiling stm32f4xx_hal_msp.c...
compiling stm32f4xx_hal_cortex.c...
compiling stm32f4xx_hal_crc.c...
compiling stm32f4xx_hal_dma.c...
compiling stm32f4xx_hal_dma_ex.c...
compiling stm32f4xx_hal_exti.c...
compiling stm32f4xx_hal_flash.c...
compiling stm32f4xx_hal_flash_ex.c...
compiling stm32f4xx_hal_flash_ramfunc.c...
compiling stm32f4xx_hal_gpio.c...
compiling stm32f4xx_hal_pwr.c...
compiling stm32f4xx_hal_pwr_ex.c...
compiling stm32f4xx_hal_rcc.c...
compiling stm32f4xx_hal_rcc_ex.c...
compiling stm32f4xx_hal_rtc.c...
compiling stm32f4xx_hal_rtc_ex.c...
compiling stm32f4xx_hal_sd.c...
compiling stm32f4xx_hal_sram.c...
compiling stm32f4xx_hal_spi.c...
compiling stm32f4xx_hal_tim.c...
compiling stm32f4xx_hal_tim_ex.c...
compiling stm32f4xx_hal_uart.c...
compiling stm32f4xx_ll_fsmc.c...
compiling stm32f4xx_ll_sdmmc.c...
compiling board.c...
compiling main.c...
compiling drv_common.c...
compiling drv_gpio.c...
compiling drv_spi.c...
compiling drv_usart.c...
compiling drv_flash_f4.c...
compiling drv_lcd.c...
compiling drv_sram.c...
compiling drv_soft_i2c.c...
compiling drv_sdio.c...
compiling drv_rtc.c...
compiling enc28j60_init.c...
compiling fal_flash_sfud_port.c...
compiling mount_table.c...
compiling agile_ftp_init.c...
compiling completion.c...
compiling dataqueue.c...
compiling pipe.c...
compiling ringblk_buf.c...
compiling ringbuffer.c...
compiling waitqueue.c...
compiling workqueue.c...
compiling spi_flash_init.c...
compiling pin.c...
compiling serial.c...
compiling spi_core.c...
compiling spi_dev.c...
compiling touch_init.c...
compiling spi_flash_sfud.c...
compiling sfud.c...
compiling sfud_sfdp.c...
compiling i2c_core.c...
compiling enc28j60.c...
compiling i2c_dev.c...
compiling i2c-bit-ops.c...
compiling touch.c...
compiling gt917s.c...
compiling block_dev.c...
compiling mmc.c...
compiling mmcsd_core.c...
compiling sd.c...
compiling rtc.c...
compiling sdio.c...
compiling clock.c...
compiling components.c...
compiling cpu.c...
compiling idle.c...
compiling device.c...
compiling ipc.c...
compiling irq.c...
compiling kservice.c...
compiling mem.c...
compiling memheap.c...
compiling mempool.c...
compiling object.c...
compiling scheduler.c...
compiling signal.c...
compiling slab.c...
compiling thread.c...
compiling timer.c...
compiling time.c...
compiling unistd.c...
compiling libc.c...
compiling mem_std.c...
compiling stdio.c...
compiling stubs.c...
compiling posix_termios.c...
compiling posix_getline.c...
compiling agile_console.c...
compiling agile_console_serial_be.c...
compiling fal_flash.c...
compiling fal.c...
compiling fal_partition.c...
compiling cmd.c...
compiling finsh_compiler.c...
compiling finsh_error.c...
compiling finsh_heap.c...
compiling finsh_init.c...
compiling finsh_node.c...
compiling finsh_ops.c...
compiling finsh_parser.c...
compiling finsh_token.c...
compiling finsh_var.c...
compiling finsh_vm.c...
compiling msh.c...
compiling msh_file.c...
compiling shell.c...
compiling symbol.c...
compiling i2c_tools.cpp...
compiling i2c_utils.cpp...
compiling SoftwareI2C.cpp...
compiling vt100.c...
compiling dfs.c...
compiling dfs_file.c...
compiling dfs_posix.c...
compiling dfs_fs.c...
compiling select.c...
compiling poll.c...
compiling devfs.c...
compiling dfs_elm.c...
compiling ffunicode.c...
compiling ff.c...
compiling mem_sandbox.c...
compiling optparse.c...
compiling vi_utils.c...
compiling vi.c...
..\..\..\..\components\vi\vi.c(4147): warning:  #546-D: transfer of control bypasses initialization of:
            variable "yf"  (declared at line 4424)
            variable "savereg"  (declared at line 4428)
              goto dc6; // end of file
              ^
..\..\..\..\components\vi\vi.c(4176): warning:  #546-D: transfer of control bypasses initialization of:
            variable "yf"  (declared at line 4424)
            variable "savereg"  (declared at line 4428)
              goto dc6;
              ^
..\..\..\..\components\vi\vi.c(4496): warning:  #546-D: transfer of control bypasses initialization of:
            variable "yf"  (declared at line 4424)
            variable "savereg"  (declared at line 4428)
                  goto dc6;
                  ^
..\..\..\..\components\vi\vi.c: 3 warnings, 0 errors
compiling ki.c...
compiling fal_rtt.c...
compiling sys_arch.c...
compiling ethernet.c...
compiling lowpan6.c...
compiling ethernetif.c...
compiling def.c...
compiling inet_chksum.c...
compiling dns.c...
compiling init.c...
compiling ip.c...
compiling memp.c...
compiling netif.c...
compiling pbuf.c...
compiling stats.c...
compiling raw.c...
compiling sys.c...
compiling tcp.c...
..\..\..\..\components\net\lwip-2.0.2\src\core\tcp.c(361): warning:  #111-D: statement is unreachable
      break;
..\..\..\..\components\net\lwip-2.0.2\src\core\tcp.c: 1 warning, 0 errors
compiling tcp_in.c...
compiling tcp_out.c...
compiling timeouts.c...
compiling autoip.c...
compiling udp.c...
compiling icmp.c...
compiling etharp.c...
compiling dhcp.c...
compiling igmp.c...
compiling ip4_addr.c...
compiling ip4.c...
compiling ip4_frag.c...
compiling api_lib.c...
compiling err.c...
compiling api_msg.c...
compiling netbuf.c...
compiling netdb.c...
compiling netifapi.c...
compiling sockets.c...
compiling tcpip.c...
compiling ping.c...
compiling at_device.c...
compiling at_socket_esp8266.c...
compiling at_device_esp8266.c...
compiling at_sample_esp8266.c...
compiling at_cli.c...
compiling at_client.c...
compiling at_utils.c...
compiling netdev_ipaddr.c...
compiling at_socket.c...
compiling netdev.c...
compiling aesni.c...
compiling arc4.c...
compiling aes.c...
compiling asn1parse.c...
compiling asn1write.c...
compiling base64.c...
compiling blowfish.c...
compiling camellia.c...
compiling bignum.c...
compiling ccm.c...
compiling certs.c...
compiling cipher.c...
compiling cipher_wrap.c...
compiling cmac.c...
compiling debug.c...
compiling ctr_drbg.c...
compiling des.c...
compiling dhm.c...
compiling ecdh.c...
compiling ecdsa.c...
compiling ecjpake.c...
compiling ecp_curves.c...
compiling ecp.c...
compiling entropy.c...
compiling entropy_poll.c...
compiling gcm.c...
compiling error.c...
compiling havege.c...
compiling hmac_drbg.c...
compiling md.c...
compiling md_wrap.c...
compiling md2.c...
compiling md4.c...
compiling memory_buffer_alloc.c...
compiling md5.c...
compiling net_sockets.c...
compiling padlock.c...
compiling oid.c...
compiling pem.c...
compiling pk.c...
compiling pk_wrap.c...
compiling pkcs5.c...
compiling pkcs11.c...
compiling pkcs12.c...
compiling pkwrite.c...
compiling pkparse.c...
compiling platform.c...
compiling rsa_internal.c...
compiling ripemd160.c...
compiling rsa.c...
compiling sha1.c...
compiling sha256.c...
compiling sha512.c...
compiling ssl_cache.c...
compiling ssl_ciphersuites.c...
compiling ssl_cookie.c...
compiling ssl_cli.c...
compiling ssl_ticket.c...
compiling ssl_srv.c...
compiling threading.c...
compiling timing.c...
compiling version.c...
compiling version_features.c...
compiling ssl_tls.c...
compiling x509_create.c...
compiling x509.c...
compiling x509_crl.c...
compiling x509_csr.c...
compiling x509_crt.c...
..\..\..\..\components\mbedtls\mbedtls\library\x509_crt.c(1205): warning:  #223-D: function "stat" declared implicitly
          else if( stat( entry_name, &sb ) == -1 )
..\..\..\..\components\mbedtls\mbedtls\library\x509_crt.c: 1 warning, 0 errors
compiling x509write_crt.c...
compiling x509write_csr.c...
compiling xtea.c...
compiling aes_alt.c...
compiling arc4_alt.c...
compiling des_alt.c...
compiling md5_alt.c...
compiling rsa_alt.c...
compiling sha1_alt.c...
compiling sha256_alt.c...
compiling sha512_alt.c...
compiling tls_certificate.c...
compiling timing_alt.c...
compiling tls_client.c...
compiling tls_hardware.c...
compiling tls_net.c...
..\..\..\..\components\mbedtls\ports\src\tls_net.c(298): warning:  #223-D: function "fcntl" declared implicitly
      if( ( fcntl( ctx->fd, F_GETFL) & O_NONBLOCK ) != O_NONBLOCK )
..\..\..\..\components\mbedtls\ports\src\tls_net.c: 1 warning, 0 errors
compiling net_netdb.c...
compiling sal_socket.c...
compiling net_sockets.c...
compiling af_inet_at.c...
compiling af_inet_lwip.c...
compiling dfs_net.c...
compiling proto_mbedtls.c...
compiling ntp.c...
compiling telnet.c...
compiling tftp_client.c...
compiling tftp_port.c...
compiling tftp_server.c...
compiling tftp_xfer.c...
compiling iperf.c...
compiling netio.c...
compiling tcpdump.c...
compiling agile_telnet.c...
compiling ftp.c...
compiling ftp_session.c...
compiling ftp_session_cmd.c...
compiling webclient_file.c...
compiling webclient.c...
..\..\..\..\components\webclient\src\webclient.c(1140): warning:  #167-D: argument of type "int *" is incompatible with parameter of type "size_t *"
          data_len = webclient_response(session, (void **)&buffer, &resp_len);
..\..\..\..\components\webclient\src\webclient.c: 1 warning, 0 errors
compiling cJSON_port.c...
compiling cJSON.c...
compiling cJSON_Utils.c...
compiling lv_bmp.c...
compiling lv_png.c...
..\..\..\..\components\lv_lib_png\lv_png.c(87): warning:  #68-D: integer conversion resulted in a change of sign
               if(res != LV_FS_RES_OK) return -1;
..\..\..\..\components\lv_lib_png\lv_png.c: 1 warning, 0 errors
compiling tjpgd.c...
compiling lv_sjpg.c...
compiling lv_disp.c...
compiling lv_group.c...
compiling lodepng.c...
..\..\..\..\components\lv_lib_png\lodepng.c(5504): warning:  #186-D: pointless comparison of unsigned integer with zero
    if(strategy >= LFS_ZERO && strategy <= LFS_FOUR) {
..\..\..\..\components\lv_lib_png\lodepng.c: 1 warning, 0 errors
compiling lv_indev.c...
compiling lv_refr.c...
compiling lv_style.c...
compiling lv_draw_arc.c...
compiling lv_obj.c...
..\..\..\..\components\LittlevGL2RTT\lvgl\lv_core\lv_obj.c(4624): warning:  #111-D: statement is unreachable
              break;
..\..\..\..\components\LittlevGL2RTT\lvgl\lv_core\lv_obj.c: 1 warning, 0 errors
compiling lv_draw_blend.c...
compiling lv_draw_img.c...
compiling lv_draw_label.c...
compiling lv_draw_line.c...
compiling lv_draw_mask.c...
..\..\..\..\components\LittlevGL2RTT\lvgl\lv_draw\lv_draw_mask.c(345): warning:  #111-D: statement is unreachable
          return;
..\..\..\..\components\LittlevGL2RTT\lvgl\lv_draw\lv_draw_mask.c(356): warning:  #111-D: statement is unreachable
          return;
..\..\..\..\components\LittlevGL2RTT\lvgl\lv_draw\lv_draw_mask.c: 2 warnings, 0 errors
compiling lv_draw_triangle.c...
compiling lv_draw_rect.c...
compiling lv_img_cache.c...
compiling lv_img_buf.c...
compiling lv_font.c...
compiling lv_img_decoder.c...
compiling lv_font_dejavu_16_persian_hebrew.c...
compiling lv_font_fmt_txt.c...
compiling lv_font_loader.c...
compiling lv_font_montserrat_8.c...
compiling lv_font_montserrat_10.c...
compiling lv_font_montserrat_12.c...
compiling lv_font_montserrat_12_subpx.c...
compiling lv_font_montserrat_14.c...
compiling lv_font_montserrat_16.c...
compiling lv_font_montserrat_18.c...
compiling lv_font_montserrat_20.c...
compiling lv_font_montserrat_22.c...
compiling lv_font_montserrat_24.c...
compiling lv_font_montserrat_26.c...
compiling lv_font_montserrat_28.c...
compiling lv_font_montserrat_28_compressed.c...
compiling lv_font_montserrat_32.c...
compiling lv_font_montserrat_30.c...
compiling lv_font_montserrat_34.c...
compiling lv_font_montserrat_36.c...
compiling lv_font_montserrat_38.c...
compiling lv_font_montserrat_42.c...
compiling lv_font_montserrat_40.c...
compiling lv_font_montserrat_44.c...
compiling lv_font_montserrat_48.c...
compiling lv_font_montserrat_46.c...
compiling lv_font_simsun_16_cjk.c...
compiling lv_hal_disp.c...
compiling lv_hal_indev.c...
compiling lv_font_unscii_8.c...
compiling lv_hal_tick.c...
compiling lv_anim.c...
compiling lv_area.c...
compiling lv_async.c...
compiling lv_bidi.c...
compiling lv_color.c...
compiling lv_debug.c...
compiling lv_gc.c...
compiling lv_fs.c...
compiling lv_ll.c...
compiling lv_log.c...
compiling lv_math.c...
compiling lv_mem.c...
..\..\..\..\components\LittlevGL2RTT\lvgl\lv_misc\lv_mem.c(540): warning:  #111-D: statement is unreachable
      return NULL;
..\..\..\..\components\LittlevGL2RTT\lvgl\lv_misc\lv_mem.c: 1 warning, 0 errors
compiling lv_printf.c...
compiling lv_task.c...
compiling lv_templ.c...
compiling lv_txt_ap.c...
compiling lv_txt.c...
compiling lv_utils.c...
compiling lv_theme.c...
compiling lv_theme_empty.c...
compiling lv_theme_material.c...
compiling lv_theme_mono.c...
compiling lv_theme_template.c...
compiling lv_btn.c...
compiling lv_arc.c...
compiling lv_bar.c...
compiling lv_btnmatrix.c...
compiling lv_calendar.c...
..\..\..\..\components\LittlevGL2RTT\lvgl\lv_widgets\lv_calendar.c(428): warning:  #111-D: statement is unreachable
          return LV_RES_OK;
..\..\..\..\components\LittlevGL2RTT\lvgl\lv_widgets\lv_calendar.c: 1 warning, 0 errors
compiling lv_canvas.c...
compiling lv_checkbox.c...
compiling lv_cont.c...
compiling lv_chart.c...
compiling lv_cpicker.c...
compiling lv_dropdown.c...
compiling lv_gauge.c...
compiling lv_img.c...
compiling lv_imgbtn.c...
compiling lv_keyboard.c...
compiling lv_led.c...
compiling lv_line.c...
compiling lv_label.c...
compiling lv_linemeter.c...
compiling lv_list.c...
compiling lv_msgbox.c...
compiling lv_objmask.c...
compiling lv_roller.c...
compiling lv_page.c...
compiling lv_slider.c...
compiling lv_spinbox.c...
compiling lv_spinner.c...
compiling lv_switch.c...
compiling lv_table.c...
compiling lv_tabview.c...
compiling lv_textarea.c...
compiling lv_tileview.c...
compiling lv_win.c...
compiling 2048.c...
compiling lv_port_fs.c...
..\ports\lvgl\lv_port_fs.c(629): warning:  #550-D: parameter "fn"  was set but never used
  static lv_fs_res_t fs_dir_read (lv_fs_drv_t * drv, void * rddir_p, char *fn)
..\ports\lvgl\lv_port_fs.c: 1 warning, 0 errors
compiling littlevgl2rtt.c...
..\ports\lvgl\littlevgl2rtt.c(178): warning:  #177-D: variable "x"  was declared but never referenced
      uint32_t x;
..\ports\lvgl\littlevgl2rtt.c(10): warning:  #177-D: variable "input_mq"  was declared but never referenced
  static struct rt_messagequeue *input_mq;
..\ports\lvgl\littlevgl2rtt.c: 2 warnings, 0 errors
compiling vt_monitor.c...
compiling vt_sl.c...
compiling gt917s_sample.c...
compiling littlevgl2rtt_demo.c...
compiling lv_img_test.c...
compiling lv_test_theme.c...
..\..\..\..\applications\lv-samples\lv_test_theme.c(637): warning:  #177-D: function "color_chg_event_cb"  was declared but never referenced
  static void color_chg_event_cb(lv_obj_t * sw, lv_event_t e)
..\..\..\..\applications\lv-samples\lv_test_theme.c: 1 warning, 0 errors
compiling tls_app_test.c...
compiling olympic_sample.c...
compiling epidemic_sample.c...
linking...
.\Objects\RT-Thread.axf: Warning: L6304W: Duplicate input file .\objects\net_sockets_1.o ignored.
Program Size: Code=755884 RO-data=117900 RW-data=5264 ZI-data=75144  
Finished: 0 information, 1 warning and 0 error messages.
FromELF: creating hex file...
".\Objects\RT-Thread.axf" - 0 Error(s), 19 Warning(s).

<h2>Software Packages used:</h2>

Package Vendor: Keil
                http://www.keil.com/pack/Keil.STM32F4xx_DFP.2.15.0.pack
                Keil.STM32F4xx_DFP.2.15.0
                STMicroelectronics STM32F4 Series Device Support, Drivers and Examples

<h2>Collection of Component include folders:</h2>
  D:\Keil_v5\ARM\Packs\Keil\STM32F4xx_DFP\2.15.0\Drivers\CMSIS\Device\ST\STM32F4xx\Include

<h2>Collection of Component Files used:</h2>
Build Time Elapsed:  00:03:14
</pre>
</body>
</html>
