Component: ARM Compiler 5.06 update 7 (build 960) Tool: armlink [4d3601]

==============================================================================

Section Cross References

    startup_stm32f429xx.o(RESET) refers to startup_stm32f429xx.o(STACK) for __initial_sp
    startup_stm32f429xx.o(RESET) refers to startup_stm32f429xx.o(.text) for Reset_Handler
    startup_stm32f429xx.o(RESET) refers to context_rvds.o(.text) for HardFault_Handler
    startup_stm32f429xx.o(RESET) refers to drv_common.o(i.SysTick_Handler) for SysTick_Handler
    startup_stm32f429xx.o(RESET) refers to drv_gpio.o(i.EXTI0_IRQHandler) for EXTI0_IRQHandler
    startup_stm32f429xx.o(RESET) refers to drv_gpio.o(i.EXTI1_IRQHandler) for EXTI1_IRQHandler
    startup_stm32f429xx.o(RESET) refers to drv_gpio.o(i.EXTI2_IRQHandler) for EXTI2_IRQHandler
    startup_stm32f429xx.o(RESET) refers to drv_gpio.o(i.EXTI3_IRQHandler) for EXTI3_IRQHandler
    startup_stm32f429xx.o(RESET) refers to drv_gpio.o(i.EXTI4_IRQHandler) for EXTI4_IRQHandler
    startup_stm32f429xx.o(RESET) refers to drv_gpio.o(i.EXTI9_5_IRQHandler) for EXTI9_5_IRQHandler
    startup_stm32f429xx.o(RESET) refers to drv_usart.o(i.USART1_IRQHandler) for USART1_IRQHandler
    startup_stm32f429xx.o(RESET) refers to drv_gpio.o(i.EXTI15_10_IRQHandler) for EXTI15_10_IRQHandler
    startup_stm32f429xx.o(.text) refers to system_stm32f4xx.o(i.SystemInit) for SystemInit
    startup_stm32f429xx.o(.text) refers to entry.o(.ARM.Collect$$$$00000000) for __main
    stm32f4xx_hal_msp.o(i.HAL_FMC_MspDeInit) refers to stm32f4xx_hal_gpio.o(i.HAL_GPIO_DeInit) for HAL_GPIO_DeInit
    stm32f4xx_hal_msp.o(i.HAL_FMC_MspDeInit) refers to stm32f4xx_hal_msp.o(.data) for FMC_DeInitialized
    stm32f4xx_hal_msp.o(i.HAL_FMC_MspInit) refers to memseta.o(.text) for __aeabi_memclr4
    stm32f4xx_hal_msp.o(i.HAL_FMC_MspInit) refers to stm32f4xx_hal_gpio.o(i.HAL_GPIO_Init) for HAL_GPIO_Init
    stm32f4xx_hal_msp.o(i.HAL_FMC_MspInit) refers to stm32f4xx_hal_msp.o(.data) for FMC_Initialized
    stm32f4xx_hal_msp.o(i.HAL_SDRAM_MspDeInit) refers to stm32f4xx_hal_msp.o(i.HAL_FMC_MspDeInit) for HAL_FMC_MspDeInit
    stm32f4xx_hal_msp.o(i.HAL_SDRAM_MspInit) refers to stm32f4xx_hal_msp.o(i.HAL_FMC_MspInit) for HAL_FMC_MspInit
    stm32f4xx_hal_msp.o(i.HAL_UART_MspDeInit) refers to stm32f4xx_hal_gpio.o(i.HAL_GPIO_DeInit) for HAL_GPIO_DeInit
    stm32f4xx_hal_msp.o(i.HAL_UART_MspDeInit) refers to stm32f4xx_hal_cortex.o(i.HAL_NVIC_DisableIRQ) for HAL_NVIC_DisableIRQ
    stm32f4xx_hal_msp.o(i.HAL_UART_MspInit) refers to memseta.o(.text) for __aeabi_memclr4
    stm32f4xx_hal_msp.o(i.HAL_UART_MspInit) refers to stm32f4xx_hal_gpio.o(i.HAL_GPIO_Init) for HAL_GPIO_Init
    stm32f4xx_hal_msp.o(i.HAL_UART_MspInit) refers to stm32f4xx_hal_cortex.o(i.HAL_NVIC_SetPriority) for HAL_NVIC_SetPriority
    stm32f4xx_hal_msp.o(i.HAL_UART_MspInit) refers to stm32f4xx_hal_cortex.o(i.HAL_NVIC_EnableIRQ) for HAL_NVIC_EnableIRQ
    system_stm32f4xx.o(i.SystemCoreClockUpdate) refers to system_stm32f4xx.o(.data) for SystemCoreClock
    system_stm32f4xx.o(i.SystemCoreClockUpdate) refers to system_stm32f4xx.o(.constdata) for AHBPrescTable
    showmem.o(i.rt_hw_show_memory) refers to kservice.o(i.rt_assert_handler) for rt_assert_handler
    showmem.o(i.rt_hw_show_memory) refers to kservice.o(i.rt_kprintf) for rt_kprintf
    showmem.o(i.rt_hw_show_memory) refers to showmem.o(.constdata) for __FUNCTION__
    context_rvds.o(.text) refers to cpuport.o(i.rt_hw_hard_fault_exception) for rt_hw_hard_fault_exception
    context_rvds.o(.text) refers to cpuport.o(.data) for rt_thread_switch_interrupt_flag
    cpuport.o(i.bus_fault_track) refers to kservice.o(i.rt_kprintf) for rt_kprintf
    cpuport.o(i.hard_fault_track) refers to kservice.o(i.rt_kprintf) for rt_kprintf
    cpuport.o(i.hard_fault_track) refers to cpuport.o(i.bus_fault_track) for bus_fault_track
    cpuport.o(i.hard_fault_track) refers to cpuport.o(i.mem_manage_fault_track) for mem_manage_fault_track
    cpuport.o(i.hard_fault_track) refers to cpuport.o(i.usage_fault_track) for usage_fault_track
    cpuport.o(i.mem_manage_fault_track) refers to kservice.o(i.rt_kprintf) for rt_kprintf
    cpuport.o(i.rt_hw_cpu_shutdown) refers to kservice.o(i.rt_kprintf) for rt_kprintf
    cpuport.o(i.rt_hw_cpu_shutdown) refers to kservice.o(i.rt_assert_handler) for rt_assert_handler
    cpuport.o(i.rt_hw_cpu_shutdown) refers to cpuport.o(.constdata) for __FUNCTION__
    cpuport.o(i.rt_hw_exception_install) refers to cpuport.o(.data) for rt_exception_hook
    cpuport.o(i.rt_hw_hard_fault_exception) refers to kservice.o(i.rt_kprintf) for rt_kprintf
    cpuport.o(i.rt_hw_hard_fault_exception) refers to thread.o(i.rt_thread_self) for rt_thread_self
    cpuport.o(i.rt_hw_hard_fault_exception) refers to cmd.o(i.list_thread) for list_thread
    cpuport.o(i.rt_hw_hard_fault_exception) refers to cpuport.o(i.hard_fault_track) for hard_fault_track
[...]
    rt_application_init                      0x08008dd5   Thumb Code    46  components.o(i.rt_application_init)
    rt_assert_handler                        0x08008e25   Thumb Code    56  kservice.o(i.rt_assert_handler)
    rt_calloc                                0x08008e99   Thumb Code    38  memheap.o(i.rt_calloc)
    rt_completion_done                       0x08008ec1   Thumb Code    76  completion.o(i.rt_completion_done)
    rt_completion_init                       0x08008f29   Thumb Code    42  completion.o(i.rt_completion_init)
    rt_completion_wait                       0x08008f71   Thumb Code   198  completion.o(i.rt_completion_wait)
    rt_components_board_init                 0x080090b1   Thumb Code    20  components.o(i.rt_components_board_init)
    rt_components_init                       0x080090cd   Thumb Code    20  components.o(i.rt_components_init)
    rt_console_get_device                    0x080090e9   Thumb Code     6  kservice.o(i.rt_console_get_device)
    rt_console_set_device                    0x080090f5   Thumb Code    56  kservice.o(i.rt_console_set_device)
    rt_data_queue_deinit                     0x08009131   Thumb Code    70  dataqueue.o(i.rt_data_queue_deinit)
    rt_data_queue_init                       0x080091b5   Thumb Code   124  dataqueue.o(i.rt_data_queue_init)
    rt_data_queue_len                        0x08009259   Thumb Code   118  dataqueue.o(i.rt_data_queue_len)
    rt_data_queue_peek                       0x0800930d   Thumb Code   104  dataqueue.o(i.rt_data_queue_peek)
    rt_data_queue_pop                        0x080093b1   Thumb Code   410  dataqueue.o(i.rt_data_queue_pop)
    rt_data_queue_push                       0x080095d9   Thumb Code   346  dataqueue.o(i.rt_data_queue_push)
    rt_data_queue_reset                      0x0800979d   Thumb Code   188  dataqueue.o(i.rt_data_queue_reset)
    rt_device_close                          0x08009895   Thumb Code    92  device.o(i.rt_device_close)
    rt_device_find                           0x08009941   Thumb Code    14  device.o(i.rt_device_find)
    rt_device_open                           0x08009951   Thumb Code   170  device.o(i.rt_device_open)
    rt_device_pin_register                   0x08009a99   Thumb Code    56  pin.o(i.rt_device_pin_register)
    rt_device_read                           0x08009ae1   Thumb Code    98  device.o(i.rt_device_read)
    rt_device_register                       0x08009b95   Thumb Code    52  device.o(i.rt_device_register)
    rt_device_set_rx_indicate                0x08009bc9   Thumb Code    48  device.o(i.rt_device_set_rx_indicate)
    rt_device_write                          0x08009c49   Thumb Code    98  device.o(i.rt_device_write)
    rt_enter_critical                        0x08009e4d   Thumb Code    28  scheduler.o(i.rt_enter_critical)
    rt_exit_critical                         0x08009e6d   Thumb Code    60  scheduler.o(i.rt_exit_critical)
    rt_free                                  0x08009eb1   Thumb Code    12  memheap.o(i.rt_free)
    rt_hw_board_init                         0x08009ebd   Thumb Code    58  drv_common.o(i.rt_hw_board_init)
    rt_hw_console_output                     0x08009f09   Thumb Code     2  kservice.o(i.rt_hw_console_output)
    rt_hw_cpu_reset                          0x08009f0d   Thumb Code     8  cpuport.o(i.rt_hw_cpu_reset)
    rt_hw_hard_fault_exception               0x08009f1d   Thumb Code   220  cpuport.o(i.rt_hw_hard_fault_exception)
    rt_hw_pin_init                           0x0800a149   Thumb Code   346  drv_gpio.o(i.rt_hw_pin_init)
    rt_hw_serial_isr                         0x0800a2b1   Thumb Code   394  serial.o(i.rt_hw_serial_isr)
    rt_hw_serial_register                    0x0800a491   Thumb Code    80  serial.o(i.rt_hw_serial_register)
    rt_hw_stack_init                         0x0800a511   Thumb Code    74  cpuport.o(i.rt_hw_stack_init)
    rt_hw_systick_init                       0x0800a561   Thumb Code    64  drv_common.o(i.rt_hw_systick_init)
    rt_hw_usart_init                         0x0800a5a9   Thumb Code   164  drv_usart.o(i.rt_hw_usart_init)
    rt_interrupt_enter                       0x0800a675   Thumb Code    46  irq.o(i.rt_interrupt_enter)
    rt_interrupt_get_nest                    0x0800a6ad   Thumb Code    22  irq.o(i.rt_interrupt_get_nest)
    rt_interrupt_leave                       0x0800a6c9   Thumb Code    46  irq.o(i.rt_interrupt_leave)
    rt_kprintf                               0x0800a799   Thumb Code    96  kservice.o(i.rt_kprintf)
    rt_malloc                                0x0800a8f9   Thumb Code   130  memheap.o(i.rt_malloc)
    rt_memcpy                                0x0800a9e5   Thumb Code   124  kservice.o(i.rt_memcpy)
    rt_memheap_alloc                         0x0800aa61   Thumb Code   328  memheap.o(i.rt_memheap_alloc)
    rt_memheap_free                          0x0800ac01   Thumb Code   304  memheap.o(i.rt_memheap_free)
    rt_memheap_init                          0x0800ae21   Thumb Code   174  memheap.o(i.rt_memheap_init)
    rt_memmove                               0x0800aeed   Thumb Code    66  kservice.o(i.rt_memmove)
    rt_memset                                0x0800af2f   Thumb Code    72  kservice.o(i.rt_memset)
    rt_object_allocate                       0x0800af79   Thumb Code   158  object.o(i.rt_object_allocate)
    rt_object_delete                         0x0800b065   Thumb Code    88  object.o(i.rt_object_delete)
    rt_object_detach                         0x0800b105   Thumb Code    62  object.o(i.rt_object_detach)
    rt_object_find                           0x0800b161   Thumb Code   124  object.o(i.rt_object_find)
    rt_object_get_information                0x0800b20d   Thumb Code    36  object.o(i.rt_object_get_information)
    rt_object_get_type                       0x0800b235   Thumb Code    26  object.o(i.rt_object_get_type)
    rt_object_init                           0x0800b269   Thumb Code   140  object.o(i.rt_object_init)
    rt_object_is_systemobject                0x0800b325   Thumb Code    34  object.o(i.rt_object_is_systemobject)
    rt_pin_get                               0x0800b361   Thumb Code    62  pin.o(i.rt_pin_get)
    rt_pin_mode                              0x0800b3d1   Thumb Code    38  pin.o(i.rt_pin_mode)
    rt_pin_read                              0x0800b419   Thumb Code    34  pin.o(i.rt_pin_read)
    rt_pin_write                             0x0800b45d   Thumb Code    38  pin.o(i.rt_pin_write)
    rt_schedule                              0x0800b4a5   Thumb Code   300  scheduler.o(i.rt_schedule)
    rt_schedule_insert_thread                0x0800b5e9   Thumb Code   118  scheduler.o(i.rt_schedule_insert_thread)
    rt_schedule_remove_thread                0x0800b685   Thumb Code    94  scheduler.o(i.rt_schedule_remove_thread)
    rt_sem_init                              0x0800b705   Thumb Code    66  ipc.o(i.rt_sem_init)
    rt_sem_release                           0x0800b771   Thumb Code   140  ipc.o(i.rt_sem_release)
    rt_sem_take                              0x0800b819   Thumb Code   288  ipc.o(i.rt_sem_take)
    rt_set_errno                             0x0800bfd9   Thumb Code    36  kservice.o(i.rt_set_errno)
    rt_show_version                          0x0800c001   Thumb Code    38  kservice.o(i.rt_show_version)
    rt_sprintf                               0x0800c0b1   Thumb Code    34  kservice.o(i.rt_sprintf)
    rt_strlen                                0x0800c0d3   Thumb Code    18  kservice.o(i.rt_strlen)
    rt_strncmp                               0x0800c0e5   Thumb Code    40  kservice.o(i.rt_strncmp)
    rt_strncpy                               0x0800c10d   Thumb Code    52  kservice.o(i.rt_strncpy)
    rt_system_heap_init                      0x0800c141   Thumb Code    20  memheap.o(i.rt_system_heap_init)
    rt_system_scheduler_init                 0x0800c161   Thumb Code    46  scheduler.o(i.rt_system_scheduler_init)
    rt_system_scheduler_start                0x0800c1a1   Thumb Code    36  scheduler.o(i.rt_system_scheduler_start)
    rt_system_timer_init                     0x0800c1c9   Thumb Code    24  timer.o(i.rt_system_timer_init)
    rt_system_timer_thread_init              0x0800c1e5   Thumb Code     2  timer.o(i.rt_system_timer_thread_init)
    rt_thread_create                         0x0800c1e7   Thumb Code    80  thread.o(i.rt_thread_create)
    rt_thread_exit                           0x0800c239   Thumb Code    80  thread.o(i.rt_thread_exit)
    rt_thread_idle_excute                    0x0800c2b5   Thumb Code   132  idle.o(i.rt_thread_idle_excute)
    rt_thread_idle_init                      0x0800c36d   Thumb Code    74  idle.o(i.rt_thread_idle_init)
    rt_thread_init                           0x0800c3cd   Thumb Code    78  thread.o(i.rt_thread_init)
    rt_thread_mdelay                         0x0800c44d   Thumb Code    20  thread.o(i.rt_thread_mdelay)
    rt_thread_resume                         0x0800c461   Thumb Code   122  thread.o(i.rt_thread_resume)
    rt_thread_self                           0x0800c4fd   Thumb Code     6  thread.o(i.rt_thread_self)
    rt_thread_sleep                          0x0800c509   Thumb Code   100  thread.o(i.rt_thread_sleep)
    rt_thread_startup                        0x0800c589   Thumb Code   110  thread.o(i.rt_thread_startup)
    rt_thread_suspend                        0x0800c64d   Thumb Code   158  thread.o(i.rt_thread_suspend)
    rt_thread_timeout                        0x0800c729   Thumb Code    92  thread.o(i.rt_thread_timeout)
    rt_tick_from_millisecond                 0x0800c7dd   Thumb Code    56  clock.o(i.rt_tick_from_millisecond)
    rt_tick_get                              0x0800c815   Thumb Code     6  clock.o(i.rt_tick_get)
    rt_tick_get_millisecond                  0x0800c821   Thumb Code     8  clock.o(i.rt_tick_get_millisecond)
    rt_tick_increase                         0x0800c829   Thumb Code    54  clock.o(i.rt_tick_increase)
    rt_timer_check                           0x0800c865   Thumb Code   210  timer.o(i.rt_timer_check)
    rt_timer_control                         0x0800c945   Thumb Code   134  timer.o(i.rt_timer_control)
    rt_timer_detach                          0x0800ca21   Thumb Code    90  timer.o(i.rt_timer_detach)
    rt_timer_init                            0x0800cafd   Thumb Code    58  timer.o(i.rt_timer_init)
    rt_timer_start                           0x0800cb51   Thumb Code   302  timer.o(i.rt_timer_start)
    rt_timer_stop                            0x0800cd05   Thumb Code   102  timer.o(i.rt_timer_stop)
    rt_vsnprintf                             0x0800cdc5   Thumb Code   808  kservice.o(i.rt_vsnprintf)
    rt_vsprintf                              0x0800d0f5   Thumb Code    22  kservice.o(i.rt_vsprintf)
    rtthread_startup                         0x0800d11b   Thumb Code    42  components.o(i.rtthread_startup)
    sdram_test                               0x0800d145   Thumb Code   250  drv_sdram.o(i.sdram_test)
    token_get_string                         0x0800de93   Thumb Code   120  finsh_token.o(i.token_get_string)
    version                                  0x0800e779   Thumb Code    10  cmd.o(i.version)
    AHBPrescTable                            0x0800e782   Data          16  system_stm32f4xx.o(.constdata)
    APBPrescTable                            0x0800e792   Data           8  system_stm32f4xx.o(.constdata)
    op_table                                 0x0800f128   Data         196  finsh_ops.o(.constdata)
    __ctype_table                            0x0800f2c1   Data         129  ctype_o.o(.constdata)
    __fsym___cmd_reboot_name                 0x0800f746   Data          13  drv_common.o(.rodata.name)
    __fsym___cmd_reboot_desc                 0x0800f753   Data          14  drv_common.o(.rodata.name)
    __fsym___cmd_sdram_test_name             0x0800f761   Data          17  drv_sdram.o(.rodata.name)
    __fsym___cmd_sdram_test_desc             0x0800f772   Data          11  drv_sdram.o(.rodata.name)
    __fsym_pinMode_name                      0x0800f77d   Data           8  pin.o(.rodata.name)
    __fsym_pinMode_desc                      0x0800f785   Data          22  pin.o(.rodata.name)
    __fsym_pinWrite_name                     0x0800f79b   Data           9  pin.o(.rodata.name)
    __fsym_pinWrite_desc                     0x0800f7a4   Data          28  pin.o(.rodata.name)
    __fsym_pinRead_name                      0x0800f7c0   Data           8  pin.o(.rodata.name)
    __fsym_pinRead_desc                      0x0800f7c8   Data          30  pin.o(.rodata.name)
    __fsym_pinGet_name                       0x0800f7e6   Data           7  pin.o(.rodata.name)
    __fsym_pinGet_desc                       0x0800f7ed   Data          33  pin.o(.rodata.name)
    __fsym_hello_name                        0x0800f80e   Data           6  cmd.o(.rodata.name)
    __fsym_hello_desc                        0x0800f814   Data          16  cmd.o(.rodata.name)
    __fsym_clear_name                        0x0800f824   Data           6  cmd.o(.rodata.name)
    __fsym_clear_desc                        0x0800f82a   Data          26  cmd.o(.rodata.name)
    __fsym___cmd_clear_name                  0x0800f844   Data          12  cmd.o(.rodata.name)
    __fsym___cmd_clear_desc                  0x0800f850   Data          26  cmd.o(.rodata.name)
    __fsym_version_name                      0x0800f86a   Data           8  cmd.o(.rodata.name)
    __fsym_version_desc                      0x0800f872   Data          35  cmd.o(.rodata.name)
    __fsym___cmd_version_name                0x0800f895   Data          14  cmd.o(.rodata.name)
    __fsym___cmd_version_desc                0x0800f8a3   Data          35  cmd.o(.rodata.name)
    __fsym_list_thread_name                  0x0800f8c6   Data          12  cmd.o(.rodata.name)
    __fsym_list_thread_desc                  0x0800f8d2   Data          12  cmd.o(.rodata.name)
    __fsym___cmd_list_thread_name            0x0800f8de   Data          18  cmd.o(.rodata.name)
    __fsym___cmd_list_thread_desc            0x0800f8f0   Data          12  cmd.o(.rodata.name)
    __fsym_list_sem_name                     0x0800f8fc   Data           9  cmd.o(.rodata.name)
    __fsym_list_sem_desc                     0x0800f905   Data          25  cmd.o(.rodata.name)
    __fsym___cmd_list_sem_name               0x0800f91e   Data          15  cmd.o(.rodata.name)
    __fsym___cmd_list_sem_desc               0x0800f92d   Data          25  cmd.o(.rodata.name)
    __fsym_list_event_name                   0x0800f946   Data          11  cmd.o(.rodata.name)
    __fsym_list_event_desc                   0x0800f951   Data          21  cmd.o(.rodata.name)
    __fsym___cmd_list_event_name             0x0800f966   Data          17  cmd.o(.rodata.name)
    __fsym___cmd_list_event_desc             0x0800f977   Data          21  cmd.o(.rodata.name)
    __fsym_list_mutex_name                   0x0800f98c   Data          11  cmd.o(.rodata.name)
    __fsym_list_mutex_desc                   0x0800f997   Data          21  cmd.o(.rodata.name)
    __fsym___cmd_list_mutex_name             0x0800f9ac   Data          17  cmd.o(.rodata.name)
    __fsym___cmd_list_mutex_desc             0x0800f9bd   Data          21  cmd.o(.rodata.name)
    __fsym_list_mailbox_name                 0x0800f9d2   Data          13  cmd.o(.rodata.name)
    __fsym_list_mailbox_desc                 0x0800f9df   Data          24  cmd.o(.rodata.name)
    __fsym___cmd_list_mailbox_name           0x0800f9f7   Data          19  cmd.o(.rodata.name)
    __fsym___cmd_list_mailbox_desc           0x0800fa0a   Data          24  cmd.o(.rodata.name)
    __fsym_list_msgqueue_name                0x0800fa22   Data          14  cmd.o(.rodata.name)
    __fsym_list_msgqueue_desc                0x0800fa30   Data          29  cmd.o(.rodata.name)
    __fsym___cmd_list_msgqueue_name          0x0800fa4d   Data          20  cmd.o(.rodata.name)
    __fsym___cmd_list_msgqueue_desc          0x0800fa61   Data          29  cmd.o(.rodata.name)
    __fsym_list_memheap_name                 0x0800fa7e   Data          13  cmd.o(.rodata.name)
    __fsym_list_memheap_desc                 0x0800fa8b   Data          27  cmd.o(.rodata.name)
    __fsym___cmd_list_memheap_name           0x0800faa6   Data          19  cmd.o(.rodata.name)
    __fsym___cmd_list_memheap_desc           0x0800fab9   Data          27  cmd.o(.rodata.name)
    __fsym_list_mempool_name                 0x0800fad4   Data          13  cmd.o(.rodata.name)
    __fsym_list_mempool_desc                 0x0800fae1   Data          27  cmd.o(.rodata.name)
    __fsym___cmd_list_mempool_name           0x0800fafc   Data          19  cmd.o(.rodata.name)
    __fsym___cmd_list_mempool_desc           0x0800fb0f   Data          27  cmd.o(.rodata.name)
    __fsym_list_timer_name                   0x0800fb2a   Data          11  cmd.o(.rodata.name)
    __fsym_list_timer_desc                   0x0800fb35   Data          21  cmd.o(.rodata.name)
    __fsym___cmd_list_timer_name             0x0800fb4a   Data          17  cmd.o(.rodata.name)
    __fsym___cmd_list_timer_desc             0x0800fb5b   Data          21  cmd.o(.rodata.name)
    __fsym_list_device_name                  0x0800fb70   Data          12  cmd.o(.rodata.name)
    __fsym_list_device_desc                  0x0800fb7c   Data          22  cmd.o(.rodata.name)
    __fsym___cmd_list_device_name            0x0800fb92   Data          18  cmd.o(.rodata.name)
    __fsym___cmd_list_device_desc            0x0800fba4   Data          22  cmd.o(.rodata.name)
    __fsym_list_name                         0x0800fbba   Data           5  cmd.o(.rodata.name)
    __fsym_list_desc                         0x0800fbbf   Data          26  cmd.o(.rodata.name)
    __vsym_dummy_name                        0x0800fbd9   Data           6  cmd.o(.rodata.name)
    __vsym_dummy_desc                        0x0800fbdf   Data          25  cmd.o(.rodata.name)
    __fsym___cmd_exit_name                   0x0800fbf8   Data          11  msh.o(.rodata.name)
    __fsym___cmd_exit_desc                   0x0800fc03   Data          32  msh.o(.rodata.name)
    __fsym_msh_name                          0x0800fc23   Data           4  msh.o(.rodata.name)
    __fsym_msh_desc                          0x0800fc27   Data          17  msh.o(.rodata.name)
    __fsym___cmd_help_name                   0x0800fc38   Data          11  msh.o(.rodata.name)
    __fsym___cmd_help_desc                   0x0800fc43   Data          22  msh.o(.rodata.name)
    __fsym___cmd_ps_name                     0x0800fc59   Data           9  msh.o(.rodata.name)
    __fsym___cmd_ps_desc                     0x0800fc62   Data          28  msh.o(.rodata.name)
    __fsym___cmd_free_name                   0x0800fc7e   Data          11  msh.o(.rodata.name)
    __fsym___cmd_free_desc                   0x0800fc89   Data          37  msh.o(.rodata.name)
    __rt_init_rti_start                      0x0800fcb0   Data           4  components.o(.rti_fn.0)
    __rt_init_rti_board_start                0x0800fcb4   Data           4  components.o(.rti_fn.0.end)
    __rt_init_SDRAM_Init                     0x0800fcb8   Data           4  drv_sdram.o(.rti_fn.1)
    __rt_init_rti_board_end                  0x0800fcbc   Data           4  components.o(.rti_fn.1.end)
    __rt_init_finsh_system_init              0x0800fcc0   Data           4  shell.o(.rti_fn.6)
    __rt_init_rti_end                        0x0800fcc4   Data           4  components.o(.rti_fn.6.end)
    FSymTab$$Base                            0x0800fcc8   Number         0  drv_common.o(FSymTab)
    __fsym___cmd_reboot                      0x0800fcc8   Data          12  drv_common.o(FSymTab)
    __fsym___cmd_sdram_test                  0x0800fcd4   Data          12  drv_sdram.o(FSymTab)
    __fsym_pinMode                           0x0800fce0   Data          12  pin.o(FSymTab)
    __fsym_pinWrite                          0x0800fcec   Data          12  pin.o(FSymTab)
    __fsym_pinRead                           0x0800fcf8   Data          12  pin.o(FSymTab)
    __fsym_pinGet                            0x0800fd04   Data          12  pin.o(FSymTab)
    __fsym_hello                             0x0800fd10   Data          12  cmd.o(FSymTab)
    __fsym_clear                             0x0800fd1c   Data          12  cmd.o(FSymTab)
    __fsym___cmd_clear                       0x0800fd28   Data          12  cmd.o(FSymTab)
    __fsym_version                           0x0800fd34   Data          12  cmd.o(FSymTab)
    __fsym___cmd_version                     0x0800fd40   Data          12  cmd.o(FSymTab)
    __fsym_list_thread                       0x0800fd4c   Data          12  cmd.o(FSymTab)
    __fsym___cmd_list_thread                 0x0800fd58   Data          12  cmd.o(FSymTab)
    __fsym_list_sem                          0x0800fd64   Data          12  cmd.o(FSymTab)
    __fsym___cmd_list_sem                    0x0800fd70   Data          12  cmd.o(FSymTab)
    __fsym_list_event                        0x0800fd7c   Data          12  cmd.o(FSymTab)
    __fsym___cmd_list_event                  0x0800fd88   Data          12  cmd.o(FSymTab)
    __fsym_list_mutex                        0x0800fd94   Data          12  cmd.o(FSymTab)
    __fsym___cmd_list_mutex                  0x0800fda0   Data          12  cmd.o(FSymTab)
    __fsym_list_mailbox                      0x0800fdac   Data          12  cmd.o(FSymTab)
    __fsym___cmd_list_mailbox                0x0800fdb8   Data          12  cmd.o(FSymTab)
    __fsym_list_msgqueue                     0x0800fdc4   Data          12  cmd.o(FSymTab)
    __fsym___cmd_list_msgqueue               0x0800fdd0   Data          12  cmd.o(FSymTab)
    __fsym_list_memheap                      0x0800fddc   Data          12  cmd.o(FSymTab)
    __fsym___cmd_list_memheap                0x0800fde8   Data          12  cmd.o(FSymTab)
    __fsym_list_mempool                      0x0800fdf4   Data          12  cmd.o(FSymTab)
    __fsym___cmd_list_mempool                0x0800fe00   Data          12  cmd.o(FSymTab)
    __fsym_list_timer                        0x0800fe0c   Data          12  cmd.o(FSymTab)
    __fsym___cmd_list_timer                  0x0800fe18   Data          12  cmd.o(FSymTab)
    __fsym_list_device                       0x0800fe24   Data          12  cmd.o(FSymTab)
    __fsym___cmd_list_device                 0x0800fe30   Data          12  cmd.o(FSymTab)
    __fsym_list                              0x0800fe3c   Data          12  cmd.o(FSymTab)
    __fsym___cmd_exit                        0x0800fe48   Data          12  msh.o(FSymTab)
    __fsym_msh                               0x0800fe54   Data          12  msh.o(FSymTab)
    __fsym___cmd_help                        0x0800fe60   Data          12  msh.o(FSymTab)
    __fsym___cmd_ps                          0x0800fe6c   Data          12  msh.o(FSymTab)
    __fsym___cmd_free                        0x0800fe78   Data          12  msh.o(FSymTab)
    FSymTab$$Limit                           0x0800fe84   Number         0  msh.o(FSymTab)
    Region$$Table$$Base                      0x0800fe84   Number         0  anon$$obj.o(Region$$Table)
    Region$$Table$$Limit                     0x0800fea4   Number         0  anon$$obj.o(Region$$Table)
    VSymTab$$Base                            0x0800fea4   Number         0  cmd.o(VSymTab)
    __vsym_dummy                             0x0800fea4   Data          16  cmd.o(VSymTab)
    VSymTab$$Limit                           0x0800feb4   Number         0  cmd.o(VSymTab)
    SystemCoreClock                          0x20000008   Data           4  system_stm32f4xx.o(.data)
    rt_interrupt_from_thread                 0x2000000c   Data           4  cpuport.o(.data)
    rt_interrupt_to_thread                   0x20000010   Data           4  cpuport.o(.data)
    rt_thread_switch_interrupt_flag          0x20000014   Data           4  cpuport.o(.data)
    uwTick                                   0x2000001c   Data           4  stm32f4xx_hal.o(.data)
    uwTickPrio                               0x20000020   Data           4  stm32f4xx_hal.o(.data)
    uwTickFreq                               0x20000024   Data           1  stm32f4xx_hal.o(.data)
    rt_interrupt_nest                        0x20000110   Data           1  irq.o(.data)
    rt_assert_hook                           0x2000011c   Data           4  kservice.o(.data)
    rt_object_trytake_hook                   0x200001c8   Data           4  object.o(.data)
    rt_object_take_hook                      0x200001cc   Data           4  object.o(.data)
    rt_object_put_hook                       0x200001d0   Data           4  object.o(.data)
    rt_thread_ready_priority_group           0x200001d4   Data           4  scheduler.o(.data)
    rt_current_thread                        0x200001dc   Data           4  scheduler.o(.data)
    rt_current_priority                      0x200001e0   Data           1  scheduler.o(.data)
    rt_thread_defunct                        0x200001e4   Data           8  scheduler.o(.data)
    finsh_compile_sp                         0x20000214   Data           4  finsh_compiler.o(.data)
    finsh_compile_pc                         0x20000218   Data           4  finsh_compiler.o(.data)
    global_errno                             0x2000021c   Data           1  finsh_error.o(.data)
    global_sysvar_list                       0x20000264   Data           4  finsh_var.o(.data)
    finsh_sp                                 0x20000268   Data           4  finsh_vm.o(.data)
    finsh_pc                                 0x2000026c   Data           4  finsh_vm.o(.data)
    global_syscall_list                      0x20000270   Data           4  finsh_vm.o(.data)
    _syscall_table_begin                     0x20000278   Data           4  shell.o(.data)
    _syscall_table_end                       0x2000027c   Data           4  shell.o(.data)
    _sysvar_table_begin                      0x20000280   Data           4  shell.o(.data)
    _sysvar_table_end                        0x20000284   Data           4  shell.o(.data)
    shell                                    0x20000288   Data           4  shell.o(.data)
    rt_thread_priority_table                 0x20000a58   Data         256  scheduler.o(.bss)
    finsh_heap                               0x20000b58   Data         128  finsh_heap.o(.bss)
    global_node_table                        0x20000bd8   Data         320  finsh_node.o(.bss)
    global_variable                          0x20000d18   Data         192  finsh_var.o(.bss)
    finsh_vm_stack                           0x20000dd8   Data         256  finsh_vm.o(.bss)
    text_segment                             0x20000ed8   Data         128  finsh_vm.o(.bss)
    Image$$RW_IRAM1$$ZI$$Limit               0x200013e0   Number         0  anon$$obj.o ABSOLUTE
    __initial_sp                             0x200013e0   Data           0  startup_stm32f429xx.o(STACK)



==============================================================================

Memory Map of the image

  Image Entry point : 0x080001ad

  Load Region LR_IROM1 (Base: 0x08000000, Size: 0x00010148, Max: 0x00100000, ABSOLUTE, COMPRESSED[0x0000ff60])

    Execution Region ER_IROM1 (Exec base: 0x08000000, Load base: 0x08000000, Size: 0x0000feb4, Max: 0x00100000, ABSOLUTE)

    Exec Addr    Load Addr    Size         Type   Attr      Idx    E Section Name        Object

    0x08000000   0x08000000   0x000001ac   Data   RO            3    RESET               startup_stm32f429xx.o
    0x080001ac   0x080001ac   0x00000000   Code   RO         6239  * .ARM.Collect$$$$00000000  mc_w.l(entry.o)
    0x080001ac   0x080001ac   0x00000004   Code   RO         6266    .ARM.Collect$$$$00000001  mc_w.l(entry2.o)
    0x080001b0   0x080001b0   0x00000004   Code   RO         6269    .ARM.Collect$$$$00000004  mc_w.l(entry5.o)
    0x080001b4   0x080001b4   0x00000000   Code   RO         6271    .ARM.Collect$$$$00000008  mc_w.l(entry7b.o)
    0x080001b4   0x080001b4   0x00000000   Code   RO         6273    .ARM.Collect$$$$0000000A  mc_w.l(entry8b.o)
    0x080001b4   0x080001b4   0x00000008   Code   RO         6274    .ARM.Collect$$$$0000000B  mc_w.l(entry9a.o)
    0x080001bc   0x080001bc   0x00000004   Code   RO         6281    .ARM.Collect$$$$0000000E  mc_w.l(entry12b.o)
    0x080001c0   0x080001c0   0x00000000   Code   RO         6276    .ARM.Collect$$$$0000000F  mc_w.l(entry10a.o)
    0x080001c0   0x080001c0   0x00000000   Code   RO         6278    .ARM.Collect$$$$00000011  mc_w.l(entry11a.o)
    0x080001c0   0x080001c0   0x00000004   Code   RO         6267    .ARM.Collect$$$$00002712  mc_w.l(entry2.o)
    0x080001c4   0x080001c4   0x00000010   Code   RO          307    .emb_text           cpuport.o
    0x080001d4   0x080001d4   0x00000024   Code   RO            4    .text               startup_stm32f429xx.o
    0x080001f8   0x080001f8   0x00000134   Code   RO          303    .text               context_rvds.o
    0x0800032c   0x0800032c   0x00000062   Code   RO         6242    .text               mc_w.l(uldiv.o)
    0x0800038e   0x0800038e   0x00000024   Code   RO         6244    .text               mc_w.l(memcpya.o)
    0x080003b2   0x080003b2   0x00000024   Code   RO         6246    .text               mc_w.l(memseta.o)
    0x080003d6   0x080003d6   0x00000018   Code   RO         6248    .text               mc_w.l(strcat.o)
    0x080003ee   0x080003ee   0x00000018   Code   RO         6250    .text               mc_w.l(strncpy.o)
    0x08000406   0x08000406   0x0000000e   Code   RO         6252    .text               mc_w.l(strlen.o)
    0x08000414   0x08000414   0x0000001c   Code   RO         6254    .text               mc_w.l(strcmp.o)
    0x08000430   0x08000430   0x0000001a   Code   RO         6256    .text               mc_w.l(memcmp.o)
    0x0800044a   0x0800044a   0x00000012   Code   RO         6258    .text               mc_w.l(strcpy.o)
    0x0800045c   0x0800045c   0x0000001e   Code   RO         6260    .text               mc_w.l(strncmp.o)
    0x0800047a   0x0800047a   0x0000001a   Code   RO         6264    .text               mc_w.l(atoi.o)
    0x08000494   0x08000494   0x0000001e   Code   RO         6282    .text               mc_w.l(llshl.o)
    0x080004b2   0x080004b2   0x00000020   Code   RO         6284    .text               mc_w.l(llushr.o)
    0x080004d2   0x080004d2   0x00000070   Code   RO         6293    .text               mc_w.l(strtol.o)
    0x08000542   0x08000542   0x00000002   PAD
    0x08000544   0x08000544   0x00000024   Code   RO         6295    .text               mc_w.l(init.o)
    0x08000568   0x08000568   0x00000008   Code   RO         6297    .text               mc_w.l(ctype_o.o)
    0x08000570   0x08000570   0x0000009e   Code   RO         6325    .text               mc_w.l(_strtoul.o)
    0x0800060e   0x0800060e   0x0000001c   Code   RO         6327    .text               mc_w.l(_chval.o)
    0x0800062a   0x0800062a   0x00000056   Code   RO         6337    .text               mc_w.l(__dczerorl2.o)
    0x08000680   0x08000680   0x0000000a   Code   RO         3677    i.$Sub$$main        components.o
    0x0800068a   0x0800068a   0x00000002   PAD
    0x0800068c   0x0800068c   0x00000034   Code   RO          712    i.DMA_CalcBaseAndBitshift  stm32f4xx_hal_dma.o
    0x080006c0   0x080006c0   0x000000aa   Code   RO          713    i.DMA_CheckFifoParam  stm32f4xx_hal_dma.o
    0x0800076a   0x0800076a   0x0000002c   Code   RO          714    i.DMA_SetConfig     stm32f4xx_hal_dma.o
    0x08000796   0x08000796   0x00000012   Code   RO         2611    i.EXTI0_IRQHandler  drv_gpio.o
    0x080007a8   0x080007a8   0x0000003c   Code   RO         2612    i.EXTI15_10_IRQHandler  drv_gpio.o
    0x080007e4   0x080007e4   0x00000012   Code   RO         2613    i.EXTI1_IRQHandler  drv_gpio.o
    0x080007f6   0x080007f6   0x00000012   Code   RO         2614    i.EXTI2_IRQHandler  drv_gpio.o
    0x08000808   0x08000808   0x00000012   Code   RO         2615    i.EXTI3_IRQHandler  drv_gpio.o
    0x0800081a   0x0800081a   0x00000012   Code   RO         2616    i.EXTI4_IRQHandler  drv_gpio.o
    0x0800082c   0x0800082c   0x0000002e   Code   RO         2617    i.EXTI9_5_IRQHandler  drv_gpio.o
    0x0800085a   0x0800085a   0x0000006c   Code   RO         2237    i.FMC_SDRAM_Init    stm32f4xx_ll_fmc.o
    0x080008c6   0x080008c6   0x00000014   Code   RO         2238    i.FMC_SDRAM_ProgramRefreshRate  stm32f4xx_ll_fmc.o
    0x080008da   0x080008da   0x00000056   Code   RO         2239    i.FMC_SDRAM_SendCommand  stm32f4xx_ll_fmc.o
    0x08000930   0x08000930   0x00000094   Code   RO         2241    i.FMC_SDRAM_Timing_Init  stm32f4xx_ll_fmc.o
    0x080009c4   0x080009c4   0x000000ac   Code   RO          715    i.HAL_DMA_Abort     stm32f4xx_hal_dma.o
    0x08000a70   0x08000a70   0x00000028   Code   RO          716    i.HAL_DMA_Abort_IT  stm32f4xx_hal_dma.o
    0x08000a98   0x08000a98   0x00000070   Code   RO          717    i.HAL_DMA_DeInit    stm32f4xx_hal_dma.o
    0x08000b08   0x08000b08   0x000000ec   Code   RO          721    i.HAL_DMA_Init      stm32f4xx_hal_dma.o
    0x08000bf4   0x08000bf4   0x00000092   Code   RO          725    i.HAL_DMA_Start_IT  stm32f4xx_hal_dma.o
    0x08000c86   0x08000c86   0x00000002   PAD
    0x08000c88   0x08000c88   0x000000f0   Code   RO           14    i.HAL_FMC_MspInit   stm32f4xx_hal_msp.o
    0x08000d78   0x08000d78   0x00000184   Code   RO         1217    i.HAL_GPIO_DeInit   stm32f4xx_hal_gpio.o
    0x08000efc   0x08000efc   0x0000003c   Code   RO         2618    i.HAL_GPIO_EXTI_Callback  drv_gpio.o
    0x08000f38   0x08000f38   0x0000001c   Code   RO         1219    i.HAL_GPIO_EXTI_IRQHandler  stm32f4xx_hal_gpio.o
    0x08000f54   0x08000f54   0x00000210   Code   RO         1220    i.HAL_GPIO_Init     stm32f4xx_hal_gpio.o
    0x08001164   0x08001164   0x00000010   Code   RO         1222    i.HAL_GPIO_ReadPin  stm32f4xx_hal_gpio.o
    0x08001174   0x08001174   0x0000000c   Code   RO         1224    i.HAL_GPIO_WritePin  stm32f4xx_hal_gpio.o
    0x08001180   0x08001180   0x00000008   Code   RO         2495    i.HAL_GetTick       drv_common.o
    0x08001188   0x08001188   0x00000018   Code   RO          395    i.HAL_IncTick       stm32f4xx_hal.o
    0x080011a0   0x080011a0   0x0000003c   Code   RO          396    i.HAL_Init          stm32f4xx_hal.o
    0x080011dc   0x080011dc   0x00000006   Code   RO         2496    i.HAL_InitTick      drv_common.o
    0x080011e2   0x080011e2   0x00000002   PAD
    0x080011e4   0x080011e4   0x00000048   Code   RO           15    i.HAL_MspInit       stm32f4xx_hal_msp.o
    0x0800122c   0x0800122c   0x00000044   Code   RO          576    i.HAL_NVIC_DisableIRQ  stm32f4xx_hal_cortex.o
    0x08001270   0x08001270   0x00000020   Code   RO          577    i.HAL_NVIC_EnableIRQ  stm32f4xx_hal_cortex.o
    0x08001290   0x08001290   0x0000007c   Code   RO          583    i.HAL_NVIC_SetPriority  stm32f4xx_hal_cortex.o
    0x0800130c   0x0800130c   0x00000028   Code   RO          584    i.HAL_NVIC_SetPriorityGrouping  stm32f4xx_hal_cortex.o
    0x08001334   0x08001334   0x0000008c   Code   RO         1409    i.HAL_PWREx_EnableOverDrive  stm32f4xx_hal_pwr_ex.o
    0x080013c0   0x080013c0   0x00000304   Code   RO         1583    i.HAL_RCCEx_PeriphCLKConfig  stm32f4xx_hal_rcc_ex.o
    0x080016c4   0x080016c4   0x00000184   Code   RO         1476    i.HAL_RCC_ClockConfig  stm32f4xx_hal_rcc.o
    0x08001848   0x08001848   0x0000000c   Code   RO         1481    i.HAL_RCC_GetHCLKFreq  stm32f4xx_hal_rcc.o
    0x08001854   0x08001854   0x00000020   Code   RO         1483    i.HAL_RCC_GetPCLK1Freq  stm32f4xx_hal_rcc.o
    0x08001874   0x08001874   0x00000020   Code   RO         1484    i.HAL_RCC_GetPCLK2Freq  stm32f4xx_hal_rcc.o
    0x08001894   0x08001894   0x000000b0   Code   RO         1485    i.HAL_RCC_GetSysClockFreq  stm32f4xx_hal_rcc.o
    0x08001944   0x08001944   0x0000049c   Code   RO         1488    i.HAL_RCC_OscConfig  stm32f4xx_hal_rcc.o
    0x08001de0   0x08001de0   0x00000040   Code   RO         1649    i.HAL_SDRAM_Init    stm32f4xx_hal_sdram.o
    0x08001e20   0x08001e20   0x0000000a   Code   RO           17    i.HAL_SDRAM_MspInit  stm32f4xx_hal_msp.o
    0x08001e2a   0x08001e2a   0x00000036   Code   RO         1652    i.HAL_SDRAM_ProgramRefreshRate  stm32f4xx_hal_sdram.o
    0x08001e60   0x08001e60   0x0000004e   Code   RO         1658    i.HAL_SDRAM_SendCommand  stm32f4xx_hal_sdram.o
    0x08001eae   0x08001eae   0x00000028   Code   RO          586    i.HAL_SYSTICK_CLKSourceConfig  stm32f4xx_hal_cortex.o
    0x08001ed6   0x08001ed6   0x00000034   Code   RO          588    i.HAL_SYSTICK_Config  stm32f4xx_hal_cortex.o
    0x08001f0a   0x08001f0a   0x00000002   Code   RO         1861    i.HAL_UARTEx_RxEventCallback  stm32f4xx_hal_uart.o
    0x08001f0c   0x08001f0c   0x0000003c   Code   RO         1874    i.HAL_UART_DeInit   stm32f4xx_hal_uart.o
    0x08001f48   0x08001f48   0x0000002c   Code   RO         2726    i.HAL_UART_ErrorCallback  drv_usart.o
    0x08001f74   0x08001f74   0x000002e0   Code   RO         1878    i.HAL_UART_IRQHandler  stm32f4xx_hal_uart.o
    0x08002254   0x08002254   0x00000072   Code   RO         1879    i.HAL_UART_Init     stm32f4xx_hal_uart.o
    0x080022c6   0x080022c6   0x00000002   PAD
    0x080022c8   0x080022c8   0x00000038   Code   RO           18    i.HAL_UART_MspDeInit  stm32f4xx_hal_msp.o
    0x08002300   0x08002300   0x00000098   Code   RO           19    i.HAL_UART_MspInit  stm32f4xx_hal_msp.o
    0x08002398   0x08002398   0x00000042   Code   RO         1883    i.HAL_UART_Receive_DMA  stm32f4xx_hal_uart.o
    0x080023da   0x080023da   0x00000002   PAD
    0x080023dc   0x080023dc   0x00000034   Code   RO         2727    i.HAL_UART_RxCpltCallback  drv_usart.o
    0x08002410   0x08002410   0x00000034   Code   RO         2728    i.HAL_UART_RxHalfCpltCallback  drv_usart.o
    0x08002444   0x08002444   0x000000ac   Code   RO         1888    i.HAL_UART_Transmit_DMA  stm32f4xx_hal_uart.o
    0x080024f0   0x080024f0   0x00000034   Code   RO         2729    i.HAL_UART_TxCpltCallback  drv_usart.o
    0x08002524   0x08002524   0x00000002   Code   RO         1891    i.HAL_UART_TxHalfCpltCallback  stm32f4xx_hal_uart.o
    0x08002526   0x08002526   0x00000002   PAD
    0x08002528   0x08002528   0x00000030   Code   RO         5435    i.OP_add_byte       finsh_ops.o
    0x08002558   0x08002558   0x00000030   Code   RO         5436    i.OP_add_dword      finsh_ops.o
    0x08002588   0x08002588   0x00000030   Code   RO         5437    i.OP_add_word       finsh_ops.o
    0x080025b8   0x080025b8   0x00000030   Code   RO         5438    i.OP_and_byte       finsh_ops.o
    0x080025e8   0x080025e8   0x00000030   Code   RO         5439    i.OP_and_dword      finsh_ops.o
    0x08002618   0x08002618   0x00000030   Code   RO         5440    i.OP_and_word       finsh_ops.o
    0x08002648   0x08002648   0x00000018   Code   RO         5441    i.OP_bw_byte        finsh_ops.o
    0x08002660   0x08002660   0x00000018   Code   RO         5442    i.OP_bw_dword       finsh_ops.o
    0x08002678   0x08002678   0x00000018   Code   RO         5443    i.OP_bw_word        finsh_ops.o
    0x08002690   0x08002690   0x0000038c   Code   RO         5444    i.OP_call           finsh_ops.o
    0x08002a1c   0x08002a1c   0x00000030   Code   RO         5445    i.OP_div_byte       finsh_ops.o
    0x08002a4c   0x08002a4c   0x00000030   Code   RO         5446    i.OP_div_dword      finsh_ops.o
    0x08002a7c   0x08002a7c   0x00000034   Code   RO         5447    i.OP_div_word       finsh_ops.o
    0x08002ab0   0x08002ab0   0x0000002c   Code   RO         5448    i.OP_ld_byte        finsh_ops.o
    0x08002adc   0x08002adc   0x00000048   Code   RO         5449    i.OP_ld_dword       finsh_ops.o
    0x08002b24   0x08002b24   0x0000004c   Code   RO         5450    i.OP_ld_value_byte  finsh_ops.o
    0x08002b70   0x08002b70   0x00000018   Code   RO         5451    i.OP_ld_value_byte_stack  finsh_ops.o
    0x08002b88   0x08002b88   0x0000004c   Code   RO         5452    i.OP_ld_value_dword  finsh_ops.o
    0x08002bd4   0x08002bd4   0x00000018   Code   RO         5453    i.OP_ld_value_dword_stack  finsh_ops.o
    0x08002bec   0x08002bec   0x0000004c   Code   RO         5454    i.OP_ld_value_word  finsh_ops.o
    0x08002c38   0x08002c38   0x00000018   Code   RO         5455    i.OP_ld_value_word_stack  finsh_ops.o
    0x08002c50   0x08002c50   0x00000038   Code   RO         5456    i.OP_ld_word        finsh_ops.o
    0x08002c88   0x08002c88   0x00000034   Code   RO         5457    i.OP_mod_byte       finsh_ops.o
    0x08002cbc   0x08002cbc   0x00000034   Code   RO         5458    i.OP_mod_dword      finsh_ops.o
    0x08002cf0   0x08002cf0   0x00000034   Code   RO         5459    i.OP_mod_word       finsh_ops.o
    0x08002d24   0x08002d24   0x00000030   Code   RO         5460    i.OP_mul_byte       finsh_ops.o
    0x08002d54   0x08002d54   0x00000030   Code   RO         5461    i.OP_mul_dword      finsh_ops.o
    0x08002d84   0x08002d84   0x00000034   Code   RO         5462    i.OP_mul_word       finsh_ops.o
    0x08002db8   0x08002db8   0x00000002   Code   RO         5463    i.OP_no_op          finsh_ops.o
    0x08002dba   0x08002dba   0x00000002   PAD
    0x08002dbc   0x08002dbc   0x00000030   Code   RO         5464    i.OP_or_byte        finsh_ops.o
    0x08002dec   0x08002dec   0x00000030   Code   RO         5465    i.OP_or_dword       finsh_ops.o
    0x08002e1c   0x08002e1c   0x00000030   Code   RO         5466    i.OP_or_word        finsh_ops.o
    0x08002e4c   0x08002e4c   0x00000010   Code   RO         5467    i.OP_pop            finsh_ops.o
    0x08002e5c   0x08002e5c   0x00000030   Code   RO         5468    i.OP_shl_byte       finsh_ops.o
    0x08002e8c   0x08002e8c   0x00000030   Code   RO         5469    i.OP_shl_dword      finsh_ops.o
    0x08002ebc   0x08002ebc   0x00000030   Code   RO         5470    i.OP_shl_word       finsh_ops.o
    0x08002eec   0x08002eec   0x00000030   Code   RO         5471    i.OP_shr_byte       finsh_ops.o
    0x08002f1c   0x08002f1c   0x00000030   Code   RO         5472    i.OP_shr_dword      finsh_ops.o
    0x08002f4c   0x08002f4c   0x00000030   Code   RO         5473    i.OP_shr_word       finsh_ops.o
    0x08002f7c   0x08002f7c   0x00000024   Code   RO         5474    i.OP_st_byte        finsh_ops.o
    0x08002fa0   0x08002fa0   0x00000024   Code   RO         5475    i.OP_st_dword       finsh_ops.o
    0x08002fc4   0x08002fc4   0x00000024   Code   RO         5476    i.OP_st_word        finsh_ops.o
    0x08002fe8   0x08002fe8   0x00000030   Code   RO         5477    i.OP_sub_byte       finsh_ops.o
    0x08003018   0x08003018   0x00000030   Code   RO         5478    i.OP_sub_dword      finsh_ops.o
    0x08003048   0x08003048   0x00000030   Code   RO         5479    i.OP_sub_word       finsh_ops.o
    0x08003078   0x08003078   0x00000030   Code   RO         5480    i.OP_xor_byte       finsh_ops.o
    0x080030a8   0x080030a8   0x00000030   Code   RO         5481    i.OP_xor_dword      finsh_ops.o
    0x080030d8   0x080030d8   0x00000030   Code   RO         5482    i.OP_xor_word       finsh_ops.o
    0x08003108   0x08003108   0x00000110   Code   RO         2881    i.SDRAM_Init        drv_sdram.o
    0x08003218   0x08003218   0x0000009a   Code   RO         2882    i.SDRAM_Initialization_Sequence  drv_sdram.o
    0x080032b2   0x080032b2   0x00000014   Code   RO         2499    i.SysTick_Handler   drv_common.o
    0x080032c6   0x080032c6   0x00000002   PAD
    0x080032c8   0x080032c8   0x00000104   Code   RO         2397    i.SystemClock_Config  board.o
    0x080033cc   0x080033cc   0x00000014   Code   RO          171    i.SystemInit        system_stm32f4xx.o
    0x080033e0   0x080033e0   0x00000014   Code   RO         1892    i.UART_DMAAbortOnError  stm32f4xx_hal_uart.o
    0x080033f4   0x080033f4   0x00000050   Code   RO         1893    i.UART_DMAError     stm32f4xx_hal_uart.o
    0x08003444   0x08003444   0x000000b0   Code   RO         1894    i.UART_DMAReceiveCplt  stm32f4xx_hal_uart.o
    0x080034f4   0x080034f4   0x00000020   Code   RO         1896    i.UART_DMARxHalfCplt  stm32f4xx_hal_uart.o
    0x08003514   0x08003514   0x00000058   Code   RO         1898    i.UART_DMATransmitCplt  stm32f4xx_hal_uart.o
    0x0800356c   0x0800356c   0x0000000e   Code   RO         1900    i.UART_DMATxHalfCplt  stm32f4xx_hal_uart.o
    0x0800357a   0x0800357a   0x0000006c   Code   RO         1902    i.UART_EndRxTransfer  stm32f4xx_hal_uart.o
    0x080035e6   0x080035e6   0x00000020   Code   RO         1903    i.UART_EndTransmit_IT  stm32f4xx_hal_uart.o
    0x08003606   0x08003606   0x00000026   Code   RO         1904    i.UART_EndTxTransfer  stm32f4xx_hal_uart.o
    0x0800362c   0x0800362c   0x000000f8   Code   RO         1905    i.UART_Receive_IT   stm32f4xx_hal_uart.o
    0x08003724   0x08003724   0x0000022c   Code   RO         1906    i.UART_SetConfig    stm32f4xx_hal_uart.o
    0x08003950   0x08003950   0x000000d0   Code   RO         1907    i.UART_Start_Receive_DMA  stm32f4xx_hal_uart.o
    0x08003a20   0x08003a20   0x00000060   Code   RO         1909    i.UART_Transmit_IT  stm32f4xx_hal_uart.o
    0x08003a80   0x08003a80   0x00000018   Code   RO         2730    i.USART1_IRQHandler  drv_usart.o
    0x08003a98   0x08003a98   0x00000004   Code   RO         2500    i._Error_Handler    drv_common.o
    0x08003a9c   0x08003a9c   0x00000010   Code   RO          590    i.__NVIC_GetPriorityGrouping  stm32f4xx_hal_cortex.o
    0x08003aac   0x08003aac   0x00000028   Code   RO          591    i.__NVIC_SetPriority  stm32f4xx_hal_cortex.o
    0x08003ad4   0x08003ad4   0x00000008   Code   RO         6286    i.__aeabi_errno_addr  mc_w.l(errno.o)
    0x08003adc   0x08003adc   0x0000000e   Code   RO         6331    i.__scatterload_copy  mc_w.l(handlers.o)
    0x08003aea   0x08003aea   0x00000002   Code   RO         6332    i.__scatterload_null  mc_w.l(handlers.o)
    0x08003aec   0x08003aec   0x0000000e   Code   RO         6333    i.__scatterload_zeroinit  mc_w.l(handlers.o)
    0x08003afa   0x08003afa   0x00000002   PAD
    0x08003afc   0x08003afc   0x00000050   Code   RO         2731    i._dma_tx_complete  drv_usart.o
    0x08003b4c   0x08003b4c   0x00000028   Code   RO         4670    i._get_highest_priority_thread  scheduler.o
    0x08003b74   0x08003b74   0x00000098   Code   RO         6017    i._msh_exec_cmd     msh.o
    0x08003c0c   0x08003c0c   0x00000048   Code   RO         3455    i._pin_control      pin.o
    0x08003c54   0x08003c54   0x00000054   Code   RO         3456    i._pin_read         pin.o
    0x08003ca8   0x08003ca8   0x00000054   Code   RO         3457    i._pin_write        pin.o
    0x08003cfc   0x08003cfc   0x000000c4   Code   RO         4671    i._rt_scheduler_stack_check  scheduler.o
    0x08003dc0   0x08003dc0   0x000000d0   Code   RO         4772    i._rt_thread_init   thread.o
    0x08003e90   0x08003e90   0x00000042   Code   RO         4926    i._rt_timer_init    timer.o
    0x08003ed2   0x08003ed2   0x0000001c   Code   RO         4927    i._rt_timer_remove  timer.o
    0x08003eee   0x08003eee   0x00000002   PAD
    0x08003ef0   0x08003ef0   0x00000048   Code   RO         3533    i._serial_check_buffer_size  serial.o
    0x08003f38   0x08003f38   0x00000194   Code   RO         3534    i._serial_dma_rx    serial.o
    0x080040cc   0x080040cc   0x0000005c   Code   RO         3535    i._serial_dma_tx    serial.o
    0x08004128   0x08004128   0x00000064   Code   RO         3536    i._serial_fifo_calc_recved_len  serial.o
    0x0800418c   0x0800418c   0x000000b8   Code   RO         3537    i._serial_int_rx    serial.o
    0x08004244   0x08004244   0x00000098   Code   RO         3538    i._serial_int_tx    serial.o
    0x080042dc   0x080042dc   0x00000064   Code   RO         3539    i._serial_poll_rx   serial.o
    0x08004340   0x08004340   0x00000054   Code   RO         3540    i._serial_poll_tx   serial.o
    0x08004394   0x08004394   0x0000001c   Code   RO         4773    i._thread_cleanup_execute  thread.o
    0x080043b0   0x080043b0   0x0000001e   Code   RO         2619    i.bit2bitno         drv_gpio.o
    0x080043ce   0x080043ce   0x00000002   PAD
    0x080043d0   0x080043d0   0x000000fc   Code   RO          308    i.bus_fault_track   cpuport.o
    0x080044cc   0x080044cc   0x00000014   Code   RO         5062    i.clear             cmd.o
    0x080044e0   0x080044e0   0x0000000e   Code   RO         6018    i.cmd_free          msh.o
    0x080044ee   0x080044ee   0x0000000e   Code   RO         6019    i.cmd_ps            msh.o
    0x080044fc   0x080044fc   0x00000088   Code   RO         2732    i.dma_isr           drv_usart.o
    0x08004584   0x08004584   0x0000003e   Code   RO         5289    i.finsh_block_insert  finsh_heap.o
    0x080045c2   0x080045c2   0x0000007c   Code   RO         5290    i.finsh_block_merge  finsh_heap.o
    0x0800463e   0x0800463e   0x0000002e   Code   RO         5291    i.finsh_block_remove  finsh_heap.o
    0x0800466c   0x0800466c   0x00000018   Code   RO         5292    i.finsh_block_split  finsh_heap.o
    0x08004684   0x08004684   0x00001654   Code   RO         5208    i.finsh_compile     finsh_compiler.o
    0x08005cd8   0x08005cd8   0x00000070   Code   RO         5209    i.finsh_compiler_run  finsh_compiler.o
    0x08005d48   0x08005d48   0x0000000c   Code   RO         5255    i.finsh_errno       finsh_error.o
    0x08005d54   0x08005d54   0x0000000c   Code   RO         5256    i.finsh_error_init  finsh_error.o
    0x08005d60   0x08005d60   0x00000010   Code   RO         5257    i.finsh_error_set   finsh_error.o
    0x08005d70   0x08005d70   0x00000010   Code   RO         5258    i.finsh_error_string  finsh_error.o
    0x08005d80   0x08005d80   0x00000016   Code   RO         5342    i.finsh_flush       finsh_init.o
    0x08005d96   0x08005d96   0x00000002   PAD
    0x08005d98   0x08005d98   0x00000074   Code   RO         6109    i.finsh_get_prompt  shell.o
    0x08005e0c   0x08005e0c   0x0000005c   Code   RO         6111    i.finsh_getchar     shell.o
    0x08005e68   0x08005e68   0x00000074   Code   RO         5293    i.finsh_heap_allocate  finsh_heap.o
    0x08005edc   0x08005edc   0x0000002c   Code   RO         5294    i.finsh_heap_free   finsh_heap.o
    0x08005f08   0x08005f08   0x00000058   Code   RO         5295    i.finsh_heap_gc     finsh_heap.o
    0x08005f60   0x08005f60   0x00000030   Code   RO         5296    i.finsh_heap_init   finsh_heap.o
    0x08005f90   0x08005f90   0x0000001e   Code   RO         5343    i.finsh_init        finsh_init.o
    0x08005fae   0x08005fae   0x00000002   PAD
    0x08005fb0   0x08005fb0   0x0000003c   Code   RO         5378    i.finsh_node_allocate  finsh_node.o
    0x08005fec   0x08005fec   0x00000014   Code   RO         5379    i.finsh_node_init   finsh_node.o
    0x08006000   0x08006000   0x0000001e   Code   RO         5380    i.finsh_node_new_char  finsh_node.o
    0x0800601e   0x0800601e   0x00000076   Code   RO         5381    i.finsh_node_new_id  finsh_node.o
    0x08006094   0x08006094   0x0000001e   Code   RO         5382    i.finsh_node_new_int  finsh_node.o
    0x080060b2   0x080060b2   0x0000001e   Code   RO         5383    i.finsh_node_new_long  finsh_node.o
    0x080060d0   0x080060d0   0x0000001e   Code   RO         5384    i.finsh_node_new_ptr  finsh_node.o
    0x080060ee   0x080060ee   0x0000004a   Code   RO         5385    i.finsh_node_new_string  finsh_node.o
    0x08006138   0x08006138   0x00000010   Code   RO         5735    i.finsh_parser_init  finsh_parser.o
    0x08006148   0x08006148   0x000000dc   Code   RO         5736    i.finsh_parser_run  finsh_parser.o
    0x08006224   0x08006224   0x000000d4   Code   RO         6112    i.finsh_run_line    shell.o
    0x080062f8   0x080062f8   0x00000040   Code   RO         6113    i.finsh_rx_ind      shell.o
    0x08006338   0x08006338   0x000000dc   Code   RO         6114    i.finsh_set_device  shell.o
    0x08006414   0x08006414   0x00000048   Code   RO         6117    i.finsh_set_prompt_mode  shell.o
    0x0800645c   0x0800645c   0x0000000c   Code   RO         5345    i.finsh_stack_bottom  finsh_init.o
    0x08006468   0x08006468   0x0000005c   Code   RO         5983    i.finsh_syscall_lookup  finsh_vm.o
    0x080064c4   0x080064c4   0x00000014   Code   RO         6118    i.finsh_system_function_init  shell.o
    0x080064d8   0x080064d8   0x000000ac   Code   RO         6119    i.finsh_system_init  shell.o
    0x08006584   0x08006584   0x00000014   Code   RO         6120    i.finsh_system_var_init  shell.o
    0x08006598   0x08006598   0x0000005c   Code   RO         5930    i.finsh_sysvar_lookup  finsh_var.o
    0x080065f4   0x080065f4   0x00000558   Code   RO         6121    i.finsh_thread_entry  shell.o
    0x08006b4c   0x08006b4c   0x00000014   Code   RO         5847    i.finsh_token_init  finsh_token.o
    0x08006b60   0x08006b60   0x00000018   Code   RO         5848    i.finsh_token_token  finsh_token.o
    0x08006b78   0x08006b78   0x0000015e   Code   RO         5210    i.finsh_type_check  finsh_compiler.o
    0x08006cd6   0x08006cd6   0x00000002   PAD
    0x08006cd8   0x08006cd8   0x00000014   Code   RO         5932    i.finsh_var_init    finsh_var.o
    0x08006cec   0x08006cec   0x00000078   Code   RO         5933    i.finsh_var_insert  finsh_var.o
    0x08006d64   0x08006d64   0x00000040   Code   RO         5934    i.finsh_var_lookup  finsh_var.o
    0x08006da4   0x08006da4   0x00000054   Code   RO         5984    i.finsh_vm_run      finsh_vm.o
    0x08006df8   0x08006df8   0x00000080   Code   RO          309    i.hard_fault_track  cpuport.o
    0x08006e78   0x08006e78   0x00000020   Code   RO         5063    i.hello             cmd.o
    0x08006e98   0x08006e98   0x000000dc   Code   RO         5064    i.list              cmd.o
    0x08006f74   0x08006f74   0x00000118   Code   RO         5065    i.list_device       cmd.o
    0x0800708c   0x0800708c   0x00000144   Code   RO         5066    i.list_event        cmd.o
    0x080071d0   0x080071d0   0x0000002a   Code   RO         5067    i.list_find_init    cmd.o
    0x080071fa   0x080071fa   0x00000088   Code   RO         5068    i.list_get_next     cmd.o
    0x08007282   0x08007282   0x00000002   PAD
    0x08007284   0x08007284   0x0000015c   Code   RO         5069    i.list_mailbox      cmd.o
    0x080073e0   0x080073e0   0x00000120   Code   RO         5070    i.list_memheap      cmd.o
    0x08007500   0x08007500   0x00000174   Code   RO         5071    i.list_mempool      cmd.o
    0x08007674   0x08007674   0x00000144   Code   RO         5072    i.list_msgqueue     cmd.o
    0x080077b8   0x080077b8   0x0000010c   Code   RO         5073    i.list_mutex        cmd.o
    0x080078c4   0x080078c4   0x00000210   Code   RO         5074    i.list_prefix       cmd.o
    0x08007ad4   0x08007ad4   0x00000138   Code   RO         5075    i.list_sem          cmd.o
    0x08007c0c   0x08007c0c   0x000001e4   Code   RO         5076    i.list_thread       cmd.o
    0x08007df0   0x08007df0   0x00000160   Code   RO         5077    i.list_timer        cmd.o
    0x08007f50   0x08007f50   0x00000038   Code   RO         2470    i.main              main.o
    0x08007f88   0x08007f88   0x0000000e   Code   RO         3678    i.main_thread_entry  components.o
    0x08007f96   0x08007f96   0x00000028   Code   RO         5737    i.make_sys_node     finsh_parser.o
    0x08007fbe   0x08007fbe   0x00000002   PAD
    0x08007fc0   0x08007fc0   0x000000e8   Code   RO          310    i.mem_manage_fault_track  cpuport.o
    0x080080a8   0x080080a8   0x000000a0   Code   RO         6020    i.msh_auto_complete  msh.o
    0x08008148   0x08008148   0x00000010   Code   RO         6021    i.msh_enter         msh.o
    0x08008158   0x08008158   0x0000006c   Code   RO         6022    i.msh_exec          msh.o
    0x080081c4   0x080081c4   0x00000010   Code   RO         6023    i.msh_exit          msh.o
    0x080081d4   0x080081d4   0x0000005c   Code   RO         6024    i.msh_get_cmd       msh.o
    0x08008230   0x08008230   0x00000080   Code   RO         6025    i.msh_help          msh.o
    0x080082b0   0x080082b0   0x0000000c   Code   RO         6026    i.msh_is_used       msh.o
    0x080082bc   0x080082bc   0x000000f0   Code   RO         6027    i.msh_split         msh.o
    0x080083ac   0x080083ac   0x0000001c   Code   RO         5078    i.object_split      cmd.o
    0x080083c8   0x080083c8   0x00000198   Code   RO         4209    i.print_number      kservice.o
    0x08008560   0x08008560   0x00000072   Code   RO         5738    i.proc_additive_expr  finsh_parser.o
    0x080085d2   0x080085d2   0x0000004c   Code   RO         5739    i.proc_and_expr     finsh_parser.o
    0x0800861e   0x0800861e   0x00000038   Code   RO         5740    i.proc_assign_expr  finsh_parser.o
    0x08008656   0x08008656   0x0000004e   Code   RO         5741    i.proc_cast_expr    finsh_parser.o
    0x080086a4   0x080086a4   0x0000004c   Code   RO         5742    i.proc_exclusive_or_expr  finsh_parser.o
    0x080086f0   0x080086f0   0x0000000c   Code   RO         5743    i.proc_expr         finsh_parser.o
    0x080086fc   0x080086fc   0x00000038   Code   RO         5744    i.proc_expr_statement  finsh_parser.o
    0x08008734   0x08008734   0x0000002c   Code   RO         5745    i.proc_identifier   finsh_parser.o
    0x08008760   0x08008760   0x0000004c   Code   RO         5746    i.proc_inclusive_or_expr  finsh_parser.o
    0x080087ac   0x080087ac   0x0000008a   Code   RO         5747    i.proc_multiplicative_expr  finsh_parser.o
    0x08008836   0x08008836   0x0000004c   Code   RO         5748    i.proc_param_list   finsh_parser.o
    0x08008882   0x08008882   0x000000a2   Code   RO         5749    i.proc_postfix_expr  finsh_parser.o
    0x08008924   0x08008924   0x0000009e   Code   RO         5750    i.proc_primary_expr  finsh_parser.o
    0x080089c2   0x080089c2   0x00000074   Code   RO         5751    i.proc_shift_expr   finsh_parser.o
    0x08008a36   0x08008a36   0x000000fa   Code   RO         5752    i.proc_type         finsh_parser.o
    0x08008b30   0x08008b30   0x000000be   Code   RO         5753    i.proc_unary_expr   finsh_parser.o
    0x08008bee   0x08008bee   0x000001da   Code   RO         5754    i.proc_variable_decl  finsh_parser.o
    0x08008dc8   0x08008dc8   0x0000000c   Code   RO         2501    i.reboot            drv_common.o
    0x08008dd4   0x08008dd4   0x00000050   Code   RO         3679    i.rt_application_init  components.o
    0x08008e24   0x08008e24   0x00000074   Code   RO         4210    i.rt_assert_handler  kservice.o
    0x08008e98   0x08008e98   0x00000026   Code   RO         4412    i.rt_calloc         memheap.o
    0x08008ebe   0x08008ebe   0x00000002   PAD
    0x08008ec0   0x08008ec0   0x00000068   Code   RO         2928    i.rt_completion_done  completion.o
    0x08008f28   0x08008f28   0x00000048   Code   RO         2929    i.rt_completion_init  completion.o
    0x08008f70   0x08008f70   0x00000140   Code   RO         2930    i.rt_completion_wait  completion.o
    0x080090b0   0x080090b0   0x0000001c   Code   RO         3680    i.rt_components_board_init  components.o
    0x080090cc   0x080090cc   0x0000001c   Code   RO         3681    i.rt_components_init  components.o
    0x080090e8   0x080090e8   0x0000000c   Code   RO         4212    i.rt_console_get_device  kservice.o
    0x080090f4   0x080090f4   0x0000003c   Code   RO         4213    i.rt_console_set_device  kservice.o
    0x08009130   0x08009130   0x00000084   Code   RO         2961    i.rt_data_queue_deinit  dataqueue.o
    0x080091b4   0x080091b4   0x000000a4   Code   RO         2962    i.rt_data_queue_init  dataqueue.o
    0x08009258   0x08009258   0x000000b4   Code   RO         2963    i.rt_data_queue_len  dataqueue.o
    0x0800930c   0x0800930c   0x000000a4   Code   RO         2964    i.rt_data_queue_peek  dataqueue.o
    0x080093b0   0x080093b0   0x00000228   Code   RO         2965    i.rt_data_queue_pop  dataqueue.o
    0x080095d8   0x080095d8   0x000001c4   Code   RO         2966    i.rt_data_queue_push  dataqueue.o
    0x0800979c   0x0800979c   0x000000f8   Code   RO         2967    i.rt_data_queue_reset  dataqueue.o
    0x08009894   0x08009894   0x000000ac   Code   RO         3752    i.rt_device_close   device.o
    0x08009940   0x08009940   0x0000000e   Code   RO         3756    i.rt_device_find    device.o
    0x0800994e   0x0800994e   0x00000002   PAD
    0x08009950   0x08009950   0x00000148   Code   RO         3759    i.rt_device_open    device.o
    0x08009a98   0x08009a98   0x00000048   Code   RO         3458    i.rt_device_pin_register  pin.o
    0x08009ae0   0x08009ae0   0x000000b4   Code   RO         3760    i.rt_device_read    device.o
    0x08009b94   0x08009b94   0x00000034   Code   RO         3761    i.rt_device_register  device.o
    0x08009bc8   0x08009bc8   0x00000080   Code   RO         3762    i.rt_device_set_rx_indicate  device.o
    0x08009c48   0x08009c48   0x000000b4   Code   RO         3765    i.rt_device_write   device.o
    0x08009cfc   0x08009cfc   0x0000000c   Code   RO         3541    i.rt_dma_calc_recved_len  serial.o
    0x08009d08   0x08009d08   0x0000009c   Code   RO         3542    i.rt_dma_recv_update_get_index  serial.o
    0x08009da4   0x08009da4   0x000000a8   Code   RO         3543    i.rt_dma_recv_update_put_index  serial.o
    0x08009e4c   0x08009e4c   0x00000020   Code   RO         4673    i.rt_enter_critical  scheduler.o
    0x08009e6c   0x08009e6c   0x00000044   Code   RO         4674    i.rt_exit_critical  scheduler.o
    0x08009eb0   0x08009eb0   0x0000000c   Code   RO         4413    i.rt_free           memheap.o
    0x08009ebc   0x08009ebc   0x0000004c   Code   RO         2502    i.rt_hw_board_init  drv_common.o
    0x08009f08   0x08009f08   0x00000002   Code   RO         4216    i.rt_hw_console_output  kservice.o
    0x08009f0a   0x08009f0a   0x00000002   PAD
    0x08009f0c   0x08009f0c   0x00000010   Code   RO          311    i.rt_hw_cpu_reset   cpuport.o
    0x08009f1c   0x08009f1c   0x0000022c   Code   RO          314    i.rt_hw_hard_fault_exception  cpuport.o
    0x0800a148   0x0800a148   0x00000168   Code   RO         2620    i.rt_hw_pin_init    drv_gpio.o
    0x0800a2b0   0x0800a2b0   0x000001e0   Code   RO         3544    i.rt_hw_serial_isr  serial.o
    0x0800a490   0x0800a490   0x00000080   Code   RO         3545    i.rt_hw_serial_register  serial.o
    0x0800a510   0x0800a510   0x00000050   Code   RO          315    i.rt_hw_stack_init  cpuport.o
    0x0800a560   0x0800a560   0x00000048   Code   RO         2503    i.rt_hw_systick_init  drv_common.o
    0x0800a5a8   0x0800a5a8   0x000000cc   Code   RO         2733    i.rt_hw_usart_init  drv_usart.o
    0x0800a674   0x0800a674   0x00000038   Code   RO         4169    i.rt_interrupt_enter  irq.o
    0x0800a6ac   0x0800a6ac   0x0000001c   Code   RO         4171    i.rt_interrupt_get_nest  irq.o
    0x0800a6c8   0x0800a6c8   0x00000038   Code   RO         4172    i.rt_interrupt_leave  irq.o
    0x0800a700   0x0800a700   0x00000018   Code   RO         3898    i.rt_ipc_list_resume  ipc.o
    0x0800a718   0x0800a718   0x0000006e   Code   RO         3900    i.rt_ipc_list_suspend  ipc.o
    0x0800a786   0x0800a786   0x00000010   Code   RO         3901    i.rt_ipc_object_init  ipc.o
    0x0800a796   0x0800a796   0x00000002   PAD
    0x0800a798   0x0800a798   0x00000068   Code   RO         4217    i.rt_kprintf        kservice.o
    0x0800a800   0x0800a800   0x00000006   Code   RO         2968    i.rt_list_init      dataqueue.o
    0x0800a806   0x0800a806   0x00000006   Code   RO         3902    i.rt_list_init      ipc.o
    0x0800a80c   0x0800a80c   0x00000006   Code   RO         4675    i.rt_list_init      scheduler.o
    0x0800a812   0x0800a812   0x00000006   Code   RO         4928    i.rt_list_init      timer.o
    0x0800a818   0x0800a818   0x0000000e   Code   RO         4557    i.rt_list_insert_after  object.o
    0x0800a826   0x0800a826   0x0000000e   Code   RO         4774    i.rt_list_insert_after  thread.o
    0x0800a834   0x0800a834   0x0000000e   Code   RO         4929    i.rt_list_insert_after  timer.o
    0x0800a842   0x0800a842   0x0000000e   Code   RO         2969    i.rt_list_insert_before  dataqueue.o
    0x0800a850   0x0800a850   0x0000000e   Code   RO         3903    i.rt_list_insert_before  ipc.o
    0x0800a85e   0x0800a85e   0x00000010   Code   RO         2931    i.rt_list_isempty   completion.o
    0x0800a86e   0x0800a86e   0x00000010   Code   RO         2970    i.rt_list_isempty   dataqueue.o
    0x0800a87e   0x0800a87e   0x00000010   Code   RO         3904    i.rt_list_isempty   ipc.o
    0x0800a88e   0x0800a88e   0x00000010   Code   RO         4930    i.rt_list_isempty   timer.o
    0x0800a89e   0x0800a89e   0x00000010   Code   RO         5079    i.rt_list_isempty   cmd.o
    0x0800a8ae   0x0800a8ae   0x00000014   Code   RO         5080    i.rt_list_len       cmd.o
    0x0800a8c2   0x0800a8c2   0x00000012   Code   RO         4558    i.rt_list_remove    object.o
    0x0800a8d4   0x0800a8d4   0x00000012   Code   RO         4775    i.rt_list_remove    thread.o
    0x0800a8e6   0x0800a8e6   0x00000012   Code   RO         4931    i.rt_list_remove    timer.o
    0x0800a8f8   0x0800a8f8   0x000000ec   Code   RO         4414    i.rt_malloc         memheap.o
    0x0800a9e4   0x0800a9e4   0x0000007c   Code   RO         4221    i.rt_memcpy         kservice.o
    0x0800aa60   0x0800aa60   0x000001a0   Code   RO         4415    i.rt_memheap_alloc  memheap.o
    0x0800ac00   0x0800ac00   0x00000220   Code   RO         4417    i.rt_memheap_free   memheap.o
    0x0800ae20   0x0800ae20   0x000000cc   Code   RO         4418    i.rt_memheap_init   memheap.o
    0x0800aeec   0x0800aeec   0x00000042   Code   RO         4222    i.rt_memmove        kservice.o
    0x0800af2e   0x0800af2e   0x00000048   Code   RO         4223    i.rt_memset         kservice.o
    0x0800af76   0x0800af76   0x00000002   PAD
    0x0800af78   0x0800af78   0x000000ec   Code   RO         4559    i.rt_object_allocate  object.o
    0x0800b064   0x0800b064   0x000000a0   Code   RO         4561    i.rt_object_delete  object.o
    0x0800b104   0x0800b104   0x0000005c   Code   RO         4562    i.rt_object_detach  object.o
    0x0800b160   0x0800b160   0x000000ac   Code   RO         4564    i.rt_object_find    object.o
    0x0800b20c   0x0800b20c   0x00000028   Code   RO         4565    i.rt_object_get_information  object.o
    0x0800b234   0x0800b234   0x00000034   Code   RO         4568    i.rt_object_get_type  object.o
    0x0800b268   0x0800b268   0x000000bc   Code   RO         4569    i.rt_object_init    object.o
    0x0800b324   0x0800b324   0x0000003c   Code   RO         4570    i.rt_object_is_systemobject  object.o
    0x0800b360   0x0800b360   0x00000070   Code   RO         3461    i.rt_pin_get        pin.o
    0x0800b3d0   0x0800b3d0   0x00000048   Code   RO         3463    i.rt_pin_mode       pin.o
    0x0800b418   0x0800b418   0x00000044   Code   RO         3464    i.rt_pin_read       pin.o
    0x0800b45c   0x0800b45c   0x00000048   Code   RO         3465    i.rt_pin_write      pin.o
    0x0800b4a4   0x0800b4a4   0x00000144   Code   RO         4676    i.rt_schedule       scheduler.o
    0x0800b5e8   0x0800b5e8   0x0000009c   Code   RO         4677    i.rt_schedule_insert_thread  scheduler.o
    0x0800b684   0x0800b684   0x00000080   Code   RO         4678    i.rt_schedule_remove_thread  scheduler.o
    0x0800b704   0x0800b704   0x0000006c   Code   RO         3933    i.rt_sem_init       ipc.o
    0x0800b770   0x0800b770   0x000000a8   Code   RO         3934    i.rt_sem_release    ipc.o
    0x0800b818   0x0800b818   0x000001a4   Code   RO         3935    i.rt_sem_take       ipc.o
    0x0800b9bc   0x0800b9bc   0x000001ac   Code   RO         3546    i.rt_serial_close   serial.o
    0x0800bb68   0x0800bb68   0x000000a4   Code   RO         3547    i.rt_serial_control  serial.o
    0x0800bc0c   0x0800bc0c   0x00000048   Code   RO         3548    i.rt_serial_init    serial.o
    0x0800bc54   0x0800bc54   0x000002ac   Code   RO         3549    i.rt_serial_open    serial.o
    0x0800bf00   0x0800bf00   0x0000006c   Code   RO         3550    i.rt_serial_read    serial.o
    0x0800bf6c   0x0800bf6c   0x0000006c   Code   RO         3551    i.rt_serial_write   serial.o
    0x0800bfd8   0x0800bfd8   0x00000028   Code   RO         4224    i.rt_set_errno      kservice.o
    0x0800c000   0x0800c000   0x000000b0   Code   RO         4225    i.rt_show_version   kservice.o
    0x0800c0b0   0x0800c0b0   0x00000022   Code   RO         4227    i.rt_sprintf        kservice.o
    0x0800c0d2   0x0800c0d2   0x00000012   Code   RO         4231    i.rt_strlen         kservice.o
    0x0800c0e4   0x0800c0e4   0x00000028   Code   RO         4232    i.rt_strncmp        kservice.o
    0x0800c10c   0x0800c10c   0x00000034   Code   RO         4233    i.rt_strncpy        kservice.o
    0x0800c140   0x0800c140   0x00000020   Code   RO         4422    i.rt_system_heap_init  memheap.o
    0x0800c160   0x0800c160   0x00000040   Code   RO         4680    i.rt_system_scheduler_init  scheduler.o
    0x0800c1a0   0x0800c1a0   0x00000028   Code   RO         4681    i.rt_system_scheduler_start  scheduler.o
    0x0800c1c8   0x0800c1c8   0x0000001c   Code   RO         4932    i.rt_system_timer_init  timer.o
    0x0800c1e4   0x0800c1e4   0x00000002   Code   RO         4933    i.rt_system_timer_thread_init  timer.o
    0x0800c1e6   0x0800c1e6   0x00000050   Code   RO         4777    i.rt_thread_create  thread.o
    0x0800c236   0x0800c236   0x00000002   PAD
    0x0800c238   0x0800c238   0x00000054   Code   RO         4782    i.rt_thread_exit    thread.o
    0x0800c28c   0x0800c28c   0x00000028   Code   RO         3844    i.rt_thread_idle_entry  idle.o
    0x0800c2b4   0x0800c2b4   0x000000b8   Code   RO         3845    i.rt_thread_idle_excute  idle.o
    0x0800c36c   0x0800c36c   0x00000060   Code   RO         3847    i.rt_thread_idle_init  idle.o
    0x0800c3cc   0x0800c3cc   0x00000080   Code   RO         4784    i.rt_thread_init    thread.o
    0x0800c44c   0x0800c44c   0x00000014   Code   RO         4786    i.rt_thread_mdelay  thread.o
    0x0800c460   0x0800c460   0x0000009c   Code   RO         4787    i.rt_thread_resume  thread.o
    0x0800c4fc   0x0800c4fc   0x0000000c   Code   RO         4789    i.rt_thread_self    thread.o
    0x0800c508   0x0800c508   0x00000080   Code   RO         4790    i.rt_thread_sleep   thread.o
    0x0800c588   0x0800c588   0x000000c4   Code   RO         4791    i.rt_thread_startup  thread.o
    0x0800c64c   0x0800c64c   0x000000dc   Code   RO         4792    i.rt_thread_suspend  thread.o
    0x0800c728   0x0800c728   0x000000b4   Code   RO         4794    i.rt_thread_timeout  thread.o
    0x0800c7dc   0x0800c7dc   0x00000038   Code   RO         3639    i.rt_tick_from_millisecond  clock.o
    0x0800c814   0x0800c814   0x0000000c   Code   RO         3640    i.rt_tick_get       clock.o
    0x0800c820   0x0800c820   0x00000008   Code   RO         3641    i.rt_tick_get_millisecond  clock.o
    0x0800c828   0x0800c828   0x0000003c   Code   RO         3642    i.rt_tick_increase  clock.o
    0x0800c864   0x0800c864   0x000000e0   Code   RO         4934    i.rt_timer_check    timer.o
    0x0800c944   0x0800c944   0x000000dc   Code   RO         4935    i.rt_timer_control  timer.o
    0x0800ca20   0x0800ca20   0x000000dc   Code   RO         4938    i.rt_timer_detach   timer.o
    0x0800cafc   0x0800cafc   0x00000054   Code   RO         4941    i.rt_timer_init     timer.o
    0x0800cb50   0x0800cb50   0x000001b4   Code   RO         4944    i.rt_timer_start    timer.o
    0x0800cd04   0x0800cd04   0x000000c0   Code   RO         4945    i.rt_timer_stop     timer.o
    0x0800cdc4   0x0800cdc4   0x00000330   Code   RO         4236    i.rt_vsnprintf      kservice.o
    0x0800d0f4   0x0800d0f4   0x00000016   Code   RO         4237    i.rt_vsprintf       kservice.o
    0x0800d10a   0x0800d10a   0x00000004   Code   RO         3682    i.rti_board_end     components.o
    0x0800d10e   0x0800d10e   0x00000004   Code   RO         3683    i.rti_board_start   components.o
    0x0800d112   0x0800d112   0x00000004   Code   RO         3684    i.rti_end           components.o
    0x0800d116   0x0800d116   0x00000004   Code   RO         3685    i.rti_start         components.o
    0x0800d11a   0x0800d11a   0x0000002a   Code   RO         3686    i.rtthread_startup  components.o
    0x0800d144   0x0800d144   0x000001d8   Code   RO         2883    i.sdram_test        drv_sdram.o
    0x0800d31c   0x0800d31c   0x00000040   Code   RO         6122    i.shell_auto_complete  shell.o
    0x0800d35c   0x0800d35c   0x00000030   Code   RO         6123    i.shell_handle_history  shell.o
    0x0800d38c   0x0800d38c   0x000000d8   Code   RO         6124    i.shell_push_history  shell.o
    0x0800d464   0x0800d464   0x00000030   Code   RO         5081    i.show_wait_queue   cmd.o
    0x0800d494   0x0800d494   0x00000026   Code   RO         4238    i.skip_atoi         kservice.o
    0x0800d4ba   0x0800d4ba   0x00000002   PAD
    0x0800d4bc   0x0800d4bc   0x000000f4   Code   RO         2734    i.stm32_configure   drv_usart.o
    0x0800d5b0   0x0800d5b0   0x00000148   Code   RO         2735    i.stm32_control     drv_usart.o
    0x0800d6f8   0x0800d6f8   0x00000178   Code   RO         2736    i.stm32_dma_config  drv_usart.o
    0x0800d870   0x0800d870   0x00000078   Code   RO         2737    i.stm32_dma_transmit  drv_usart.o
    0x0800d8e8   0x0800d8e8   0x00000048   Code   RO         2738    i.stm32_getc        drv_usart.o
    0x0800d930   0x0800d930   0x000000dc   Code   RO         2621    i.stm32_pin_attach_irq  drv_gpio.o
    0x0800da0c   0x0800da0c   0x00000090   Code   RO         2622    i.stm32_pin_dettach_irq  drv_gpio.o
    0x0800da9c   0x0800da9c   0x00000076   Code   RO         2623    i.stm32_pin_get     drv_gpio.o
    0x0800db12   0x0800db12   0x00000002   PAD
    0x0800db14   0x0800db14   0x000001c0   Code   RO         2624    i.stm32_pin_irq_enable  drv_gpio.o
    0x0800dcd4   0x0800dcd4   0x00000088   Code   RO         2625    i.stm32_pin_mode    drv_gpio.o
    0x0800dd5c   0x0800dd5c   0x0000003c   Code   RO         2626    i.stm32_pin_read    drv_gpio.o
    0x0800dd98   0x0800dd98   0x0000003c   Code   RO         2627    i.stm32_pin_write   drv_gpio.o
    0x0800ddd4   0x0800ddd4   0x0000004c   Code   RO         2739    i.stm32_putc        drv_usart.o
    0x0800de20   0x0800de20   0x00000010   Code   RO         2740    i.stm32_uart_get_dma_config  drv_usart.o
    0x0800de30   0x0800de30   0x00000020   Code   RO         5082    i.str_common        cmd.o
    0x0800de50   0x0800de50   0x00000020   Code   RO         6028    i.str_common        msh.o
    0x0800de70   0x0800de70   0x00000022   Code   RO         5083    i.str_is_prefix     cmd.o
    0x0800de92   0x0800de92   0x00000078   Code   RO         5849    i.token_get_string  finsh_token.o
    0x0800df0a   0x0800df0a   0x00000002   PAD
    0x0800df0c   0x0800df0c   0x00000034   Code   RO         5850    i.token_match_name  finsh_token.o
    0x0800df40   0x0800df40   0x0000003e   Code   RO         5851    i.token_next_char   finsh_token.o
    0x0800df7e   0x0800df7e   0x00000016   Code   RO         5852    i.token_prev_char   finsh_token.o
    0x0800df94   0x0800df94   0x000000a2   Code   RO         5853    i.token_proc_char   finsh_token.o
    0x0800e036   0x0800e036   0x000000d6   Code   RO         5854    i.token_proc_escape  finsh_token.o
    0x0800e10c   0x0800e10c   0x00000120   Code   RO         5855    i.token_proc_number  finsh_token.o
    0x0800e22c   0x0800e22c   0x00000050   Code   RO         5856    i.token_proc_string  finsh_token.o
    0x0800e27c   0x0800e27c   0x0000019e   Code   RO         5857    i.token_run         finsh_token.o
    0x0800e41a   0x0800e41a   0x00000098   Code   RO         5858    i.token_spec_number  finsh_token.o
    0x0800e4b2   0x0800e4b2   0x00000022   Code   RO         5859    i.token_trim_space  finsh_token.o
    0x0800e4d4   0x0800e4d4   0x000001bc   Code   RO         2741    i.uart_isr          drv_usart.o
    0x0800e690   0x0800e690   0x000000e8   Code   RO          316    i.usage_fault_track  cpuport.o
    0x0800e778   0x0800e778   0x0000000a   Code   RO         5084    i.version           cmd.o
    0x0800e782   0x0800e782   0x00000018   Data   RO          172    .constdata          system_stm32f4xx.o
    0x0800e79a   0x0800e79a   0x00000008   Data   RO          727    .constdata          stm32f4xx_hal_dma.o
    0x0800e7a2   0x0800e7a2   0x00000002   PAD
    0x0800e7a4   0x0800e7a4   0x0000005c   Data   RO         2628    .constdata          drv_gpio.o
    0x0800e800   0x0800e800   0x0000010c   Data   RO         2743    .constdata          drv_usart.o
    0x0800e90c   0x0800e90c   0x00000039   Data   RO         2932    .constdata          completion.o
    0x0800e945   0x0800e945   0x00000086   Data   RO         2971    .constdata          dataqueue.o
    0x0800e9cb   0x0800e9cb   0x00000088   Data   RO         3467    .constdata          pin.o
    0x0800ea53   0x0800ea53   0x0000012a   Data   RO         3552    .constdata          serial.o
    0x0800eb7d   0x0800eb7d   0x00000014   Data   RO         3687    .constdata          components.o
    0x0800eb91   0x0800eb91   0x000000ba   Data   RO         3766    .constdata          device.o
    0x0800ec4b   0x0800ec4b   0x00000016   Data   RO         3850    .constdata          idle.o
    0x0800ec61   0x0800ec61   0x000001fc   Data   RO         3937    .constdata          ipc.o
    0x0800ee5d   0x0800ee5d   0x00000022   Data   RO         4240    .constdata          kservice.o
    0x0800ee7f   0x0800ee7f   0x00000060   Data   RO         4424    .constdata          memheap.o
    0x0800eedf   0x0800eedf   0x00000080   Data   RO         4574    .constdata          object.o
    0x0800ef5f   0x0800ef5f   0x0000004e   Data   RO         4683    .constdata          scheduler.o
    0x0800efad   0x0800efad   0x000000c0   Data   RO         4796    .constdata          thread.o
    0x0800f06d   0x0800f06d   0x0000005c   Data   RO         4946    .constdata          timer.o
    0x0800f0c9   0x0800f0c9   0x00000003   PAD
    0x0800f0cc   0x0800f0cc   0x0000005c   Data   RO         5085    .constdata          cmd.o
    0x0800f128   0x0800f128   0x000000c4   Data   RO         5483    .constdata          finsh_ops.o
    0x0800f1ec   0x0800f1ec   0x00000040   Data   RO         5860    .constdata          finsh_token.o
    0x0800f22c   0x0800f22c   0x0000000e   Data   RO         6029    .constdata          msh.o
    0x0800f23a   0x0800f23a   0x00000087   Data   RO         6126    .constdata          shell.o
    0x0800f2c1   0x0800f2c1   0x00000081   Data   RO         6298    .constdata          mc_w.l(ctype_o.o)
    0x0800f342   0x0800f342   0x00000002   PAD
    0x0800f344   0x0800f344   0x00000004   Data   RO         6299    .constdata          mc_w.l(ctype_o.o)
    0x0800f348   0x0800f348   0x00000006   Data   RO         2744    .conststring        drv_usart.o
    0x0800f34e   0x0800f34e   0x00000002   PAD
    0x0800f350   0x0800f350   0x00000047   Data   RO         2885    .conststring        drv_sdram.o
    0x0800f397   0x0800f397   0x00000001   PAD
    0x0800f398   0x0800f398   0x00000063   Data   RO         3553    .conststring        serial.o
    0x0800f3fb   0x0800f3fb   0x00000001   PAD
    0x0800f3fc   0x0800f3fc   0x00000045   Data   RO         3938    .conststring        ipc.o
    0x0800f441   0x0800f441   0x00000003   PAD
    0x0800f444   0x0800f444   0x00000042   Data   RO         4797    .conststring        thread.o
    0x0800f486   0x0800f486   0x00000002   PAD
    0x0800f488   0x0800f488   0x00000189   Data   RO         5086    .conststring        cmd.o
    0x0800f611   0x0800f611   0x00000003   PAD
    0x0800f614   0x0800f614   0x000000f3   Data   RO         5259    .conststring        finsh_error.o
    0x0800f707   0x0800f707   0x00000001   PAD
    0x0800f708   0x0800f708   0x0000003e   Data   RO         5861    .conststring        finsh_token.o
    0x0800f746   0x0800f746   0x0000001b   Data   RO         2505    .rodata.name        drv_common.o
    0x0800f761   0x0800f761   0x0000001c   Data   RO         2886    .rodata.name        drv_sdram.o
    0x0800f77d   0x0800f77d   0x00000091   Data   RO         3468    .rodata.name        pin.o
    0x0800f80e   0x0800f80e   0x000003ea   Data   RO         5088    .rodata.name        cmd.o
    0x0800fbf8   0x0800fbf8   0x000000b6   Data   RO         6031    .rodata.name        msh.o
    0x0800fcae   0x0800fcae   0x00000002   PAD
    0x0800fcb0   0x0800fcb0   0x00000004   Data   RO         3688    .rti_fn.0           components.o
    0x0800fcb4   0x0800fcb4   0x00000004   Data   RO         3689    .rti_fn.0.end       components.o
    0x0800fcb8   0x0800fcb8   0x00000004   Data   RO         2887    .rti_fn.1           drv_sdram.o
    0x0800fcbc   0x0800fcbc   0x00000004   Data   RO         3690    .rti_fn.1.end       components.o
    0x0800fcc0   0x0800fcc0   0x00000004   Data   RO         6128    .rti_fn.6           shell.o
    0x0800fcc4   0x0800fcc4   0x00000004   Data   RO         3691    .rti_fn.6.end       components.o
    0x0800fcc8   0x0800fcc8   0x0000000c   Data   RO         2506    FSymTab             drv_common.o
    0x0800fcd4   0x0800fcd4   0x0000000c   Data   RO         2888    FSymTab             drv_sdram.o
    0x0800fce0   0x0800fce0   0x00000030   Data   RO         3469    FSymTab             pin.o
    0x0800fd10   0x0800fd10   0x00000138   Data   RO         5089    FSymTab             cmd.o
    0x0800fe48   0x0800fe48   0x0000003c   Data   RO         6032    FSymTab             msh.o
    0x0800fe84   0x0800fe84   0x00000020   Data   RO         6329    Region$$Table       anon$$obj.o
    0x0800fea4   0x0800fea4   0x00000010   Data   RO         5090    VSymTab             cmd.o


    Execution Region RW_IRAM1 (Exec base: 0x20000000, Load base: 0x0800feb4, Size: 0x000013e0, Max: 0x00030000, ABSOLUTE, COMPRESSED[0x000000ac])

    Exec Addr    Load Addr    Size         Type   Attr      Idx    E Section Name        Object

    0x20000000   COMPRESSED   0x00000008   Data   RW           20    .data               stm32f4xx_hal_msp.o
    0x20000008   COMPRESSED   0x00000004   Data   RW          173    .data               system_stm32f4xx.o
    0x2000000c   COMPRESSED   0x00000010   Data   RW          318    .data               cpuport.o
    0x2000001c   COMPRESSED   0x00000009   Data   RW          403    .data               stm32f4xx_hal.o
    0x20000025   COMPRESSED   0x00000003   PAD
    0x20000028   COMPRESSED   0x000000c4   Data   RW         2629    .data               drv_gpio.o
    0x200000ec   COMPRESSED   0x00000014   Data   RW         2745    .data               drv_usart.o
    0x20000100   COMPRESSED   0x00000004   Data   RW         3554    .data               serial.o
    0x20000104   COMPRESSED   0x00000004   Data   RW         3644    .data               clock.o
    0x20000108   COMPRESSED   0x00000009   Data   RW         4174    .data               irq.o
    0x20000111   COMPRESSED   0x00000003   PAD
    0x20000114   COMPRESSED   0x0000000c   Data   RW         4241    .data               kservice.o
    0x20000120   COMPRESSED   0x000000b4   Data   RW         4575    .data               object.o
    0x200001d4   COMPRESSED   0x0000001c   Data   RW         4684    .data               scheduler.o
    0x200001f0   COMPRESSED   0x0000000c   Data   RW         4798    .data               thread.o
    0x200001fc   COMPRESSED   0x00000014   Data   RW         4947    .data               timer.o
    0x20000210   COMPRESSED   0x00000004   Data   RW         5087    .data               cmd.o
    0x20000214   COMPRESSED   0x00000008   Data   RW         5211    .data               finsh_compiler.o
    0x2000021c   COMPRESSED   0x00000040   Data   RW         5260    .data               finsh_error.o
    0x2000025c   COMPRESSED   0x00000008   Data   RW         5298    .data               finsh_heap.o
    0x20000264   COMPRESSED   0x00000004   Data   RW         5936    .data               finsh_var.o
    0x20000268   COMPRESSED   0x0000000c   Data   RW         5986    .data               finsh_vm.o
    0x20000274   COMPRESSED   0x00000004   Data   RW         6030    .data               msh.o
    0x20000278   COMPRESSED   0x00000018   Data   RW         6127    .data               shell.o
    0x20000290   COMPRESSED   0x00000004   Data   RW         6289    .data               mc_w.l(errno.o)
    0x20000294        -       0x00000164   Zero   RW         2742    .bss                drv_usart.o
    0x200003f8        -       0x000000a8   Zero   RW         2884    .bss                drv_sdram.o
    0x200004a0        -       0x00000044   Zero   RW         3466    .bss                pin.o
    0x200004e4        -       0x00000490   Zero   RW         3849    .bss                idle.o
    0x20000974        -       0x00000080   Zero   RW         4239    .bss                kservice.o
    0x200009f4        -       0x00000064   Zero   RW         4423    .bss                memheap.o
    0x20000a58        -       0x00000100   Zero   RW         4682    .bss                scheduler.o
    0x20000b58        -       0x00000080   Zero   RW         5297    .bss                finsh_heap.o
    0x20000bd8        -       0x00000140   Zero   RW         5386    .bss                finsh_node.o
    0x20000d18        -       0x000000c0   Zero   RW         5935    .bss                finsh_var.o
    0x20000dd8        -       0x00000180   Zero   RW         5985    .bss                finsh_vm.o
    0x20000f58        -       0x00000081   Zero   RW         6125    .bss                shell.o
    0x20000fd9   COMPRESSED   0x00000007   PAD
    0x20000fe0        -       0x00000400   Zero   RW            1    STACK               startup_stm32f429xx.o


==============================================================================

Image component sizes


      Code (inc. data)   RO Data    RW Data    ZI Data      Debug   Object Name

         0          0          0          0          0      13106   backtrace.o
       260         28          0          0          0       6517   board.o
       136         12          0          4          0       2458   clock.o
      4518       1508       1815          4          0      27998   cmd.o
       512        180         57          0          0       6223   completion.o
       218         50         36          0          0       6276   components.o
       308         28          0          0          0        844   context_rvds.o
      1512        746          0         16          0       7480   cpuport.o
      1928        532        134          0          0      12044   dataqueue.o
      1054        482        186          0          0       8332   device.o
       198         26         39          0          0      44890   drv_common.o
      1832         58         92        196          0      13617   drv_gpio.o
       898        320        115          0        168       3330   drv_sdram.o
      2320        412        274         20        356      43285   drv_usart.o
      6178        158          0          8          0      10822   finsh_compiler.o
        56         22        243         64          0       2951   finsh_error.o
       552         42          0          8        128       6331   finsh_heap.o
        64          6          0          0          0       2268   finsh_init.o
       392          8          0          0        320       6386   finsh_node.o
      3038        294        196          0          0      28030   finsh_ops.o
      2428         32          0          0          0      17519   finsh_parser.o
      1644         16        126          0          0      11054   finsh_token.o
       296         32          0          4        192       7106   finsh_var.o
       176         36          0         12        384       5661   finsh_vm.o
       320         78         22          0       1168       5566   idle.o
       882        202        577          0          0      31992   ipc.o
       140         26          0          9          0       2366   irq.o
      2200        236         34         12        128      15607   kservice.o
        56          0          0          0          0        535   main.o
      1482        476         96          0        100       8624   memheap.o
       984        198        256          4          0      10315   msh.o
      1032        332        128        180          0      11058   object.o
       636        232        329          0         68       9467   pin.o
      1054        250         78         28        256       7870   scheduler.o
      3696        794        397          4          0      17539   serial.o
      2684        382        139         24        129      17629   shell.o
        36          8        428          0       1024        892   startup_stm32f429xx.o
        84         14          0          9          0       7852   stm32f4xx_hal.o
       412         28          0          0          0      36131   stm32f4xx_hal_cortex.o
       972         10          8          0          0       6950   stm32f4xx_hal_dma.o
       972        106          0          0          0       4528   stm32f4xx_hal_gpio.o
       530         58          0          8          0     739994   stm32f4xx_hal_msp.o
       140         12          0          0          0       1348   stm32f4xx_hal_pwr_ex.o
      1820         84          0          0          0       5848   stm32f4xx_hal_rcc.o
       772         26          0          0          0       1664   stm32f4xx_hal_rcc_ex.o
       196          0          0          0          0       2924   stm32f4xx_hal_sdram.o
      2848         38          0          0          0      16487   stm32f4xx_hal_uart.o
       362          4          0          0          0       5000   stm32f4xx_ll_fmc.o
        20          6         24          4          0       1223   system_stm32f4xx.o
      1472        410        258         12          0      16182   thread.o
      1554        490         92         20          0      23367   timer.o
         0          0          0          0          0       2564   waitqueue.o

    ----------------------------------------------------------------------
     57922       9528       6231        656       4428    1306050   Object Totals
         0          0         32          0          0          0   (incl. Generated)
        48          0         20          6          7          0   (incl. Padding)

    ----------------------------------------------------------------------

      Code (inc. data)   RO Data    RW Data    ZI Data      Debug   Library Member Name

        86          0          0          0          0          0   __dczerorl2.o
        28          0          0          0          0         68   _chval.o
       158          0          0          0          0         92   _strtoul.o
        26          0          0          0          0         80   atoi.o
         8          4        133          0          0         68   ctype_o.o
         0          0          0          0          0          0   entry.o
         0          0          0          0          0          0   entry10a.o
         0          0          0          0          0          0   entry11a.o
         4          0          0          0          0          0   entry12b.o
         8          4          0          0          0          0   entry2.o
         4          0          0          0          0          0   entry5.o
         0          0          0          0          0          0   entry7b.o
         0          0          0          0          0          0   entry8b.o
         8          4          0          0          0          0   entry9a.o
         8          4          0          4          0         68   errno.o
        30          0          0          0          0          0   handlers.o
        36          8          0          0          0         68   init.o
        30          0          0          0          0         68   llshl.o
        32          0          0          0          0         68   llushr.o
        26          0          0          0          0         80   memcmp.o
        36          0          0          0          0         68   memcpya.o
        36          0          0          0          0        108   memseta.o
        24          0          0          0          0         68   strcat.o
        28          0          0          0          0         76   strcmp.o
        18          0          0          0          0         68   strcpy.o
        14          0          0          0          0         68   strlen.o
        30          0          0          0          0         80   strncmp.o
        24          0          0          0          0         76   strncpy.o
       112          0          0          0          0         88   strtol.o
        98          0          0          0          0         92   uldiv.o

    ----------------------------------------------------------------------
       916         24        135          4          0       1452   Library Totals
         4          0          2          0          0          0   (incl. Padding)

    ----------------------------------------------------------------------

      Code (inc. data)   RO Data    RW Data    ZI Data      Debug   Library Name

       912         24        133          4          0       1452   mc_w.l

    ----------------------------------------------------------------------
       916         24        135          4          0       1452   Library Totals

    ----------------------------------------------------------------------

==============================================================================


      Code (inc. data)   RO Data    RW Data    ZI Data      Debug   

     58838       9552       6366        660       4428    1264858   Grand Totals
     58838       9552       6366        172       4428    1264858   ELF Image Totals (compressed)
     58838       9552       6366        172          0          0   ROM Totals

==============================================================================

    Total RO  Size (Code + RO Data)                65204 (  63.68kB)
    Total RW  Size (RW Data + ZI Data)              5088 (   4.97kB)
    Total ROM Size (Code + RO Data + RW Data)      65376 (  63.84kB)

==============================================================================

