<html>
<body>
<pre>
<h1>µVision Build Log</h1>
<h2>Tool Versions:</h2>
IDE-Version: ¦ÌVision V5.33.0.0
Copyright (C) 2020 ARM Ltd and ARM Germany GmbH. All rights reserved.
License Information: 1 1, 1, LIC=KIVNB-2TVWT-8YDVV-PGCT9-AINFR-Y25X4
 
Tool Versions:
Toolchain:       MDK-ARM Professional  Version: 5.33.0.0
Toolchain Path:  D:\Keil_v5\ARM\ARMCC\Bin
C Compiler:      Armcc.exe V5.06 update 7 (build 960)
Assembler:       Armasm.exe V5.06 update 7 (build 960)
Linker/Locator:  ArmLink.exe V5.06 update 7 (build 960)
Library Manager: ArmAr.exe V5.06 update 7 (build 960)
Hex Converter:   FromElf.exe V5.06 update 7 (build 960)
CPU DLL:         SARMCM3.DLL V5.33.0.0
Dialog DLL:      DCM.DLL V1.17.3.0
Target DLL:      STLink\ST-LINKIII-KEIL_SWO.dll V3.0.8.0
Dialog DLL:      TCM.DLL V1.48.0.0
 
<h2>Project:</h2>
E:\workspace\RT-Thread\bsp\stm32\stm32f407zg-core-board\project\RT-Thread.uvprojx
Project File Date:  06/29/2021

<h2>Output:</h2>
*** Using Compiler 'V5.06 update 7 (build 960)', folder: 'D:\Keil_v5\ARM\ARMCC\Bin'
*** Warning: You are compiling one or more files of source type C++ and have selected 'use MicroLIB'. MicroLIB does not support C++!
  
Rebuild target 'rt-thread'
Note: source file '..\..\..\..\components\mbedtls\mbedtls\library\net_sockets.c' - object file renamed from '.\Objects\net_sockets.o' to '.\Objects\net_sockets_1.o'.
assembling startup_stm32f407xx.s...
compiling cpuport.c...
assembling context_rvds.S...
compiling system_stm32f4xx.c...
compiling stm32f4xx_hal_msp.c...
compiling stm32f4xx_hal.c...
compiling stm32f4xx_hal_cortex.c...
compiling stm32f4xx_hal_crc.c...
compiling stm32f4xx_hal_dma.c...
compiling stm32f4xx_hal_exti.c...
compiling stm32f4xx_hal_flash.c...
compiling stm32f4xx_hal_dma_ex.c...
compiling stm32f4xx_hal_flash_ramfunc.c...
compiling stm32f4xx_hal_flash_ex.c...
compiling stm32f4xx_hal_gpio.c...
compiling stm32f4xx_hal_pwr_ex.c...
compiling stm32f4xx_hal_pwr.c...
compiling stm32f4xx_hal_rcc.c...
compiling stm32f4xx_hal_sram.c...
compiling stm32f4xx_hal_rcc_ex.c...
compiling stm32f4xx_hal_spi.c...
compiling stm32f4xx_hal_tim.c...
compiling stm32f4xx_hal_tim_ex.c...
compiling stm32f4xx_hal_uart.c...
compiling stm32f4xx_ll_fsmc.c...
compiling main.c...
compiling board.c...
compiling drv_common.c...
compiling drv_spi.c...
compiling drv_gpio.c...
compiling drv_usart.c...
compiling drv_flash_f4.c...
compiling drv_lcd.c...
compiling drv_sram.c...
compiling drv_soft_i2c.c...
compiling mount_table.c...
compiling enc28j60_init.c...
compiling fal_flash_sfud_port.c...
compiling pin.c...
compiling serial.c...
compiling completion.c...
compiling dataqueue.c...
compiling pipe.c...
compiling ringblk_buf.c...
compiling spi_flash_init.c...
compiling ringbuffer.c...
compiling touch_init.c...
compiling waitqueue.c...
compiling workqueue.c...
compiling spi_core.c...
compiling spi_dev.c...
compiling sfud_sfdp.c...
compiling sfud.c...
compiling spi_flash_sfud.c...
compiling i2c_core.c...
compiling enc28j60.c...
compiling i2c_dev.c...
compiling touch.c...
compiling i2c-bit-ops.c...
compiling gt917s.c...
compiling clock.c...
compiling components.c...
compiling cpu.c...
compiling idle.c...
compiling device.c...
compiling ipc.c...
compiling irq.c...
compiling kservice.c...
compiling mem.c...
compiling memheap.c...
compiling mempool.c...
compiling object.c...
compiling scheduler.c...
compiling signal.c...
compiling slab.c...
compiling thread.c...
compiling timer.c...
compiling libc.c...
compiling mem_std.c...
compiling stdio.c...
compiling stubs.c...
compiling time.c...
compiling posix_termios.c...
compiling fal_flash.c...
compiling fal.c...
compiling fal_partition.c...
compiling cmd.c...
compiling finsh_compiler.c...
compiling finsh_error.c...
compiling finsh_heap.c...
compiling finsh_init.c...
compiling finsh_node.c...
compiling finsh_ops.c...
compiling finsh_parser.c...
compiling finsh_token.c...
compiling finsh_var.c...
compiling finsh_vm.c...
compiling msh.c...
compiling msh_file.c...
compiling shell.c...
compiling symbol.c...
compiling i2c_tools.cpp...
compiling i2c_utils.cpp...
compiling vt100.c...
compiling SoftwareI2C.cpp...
compiling dfs.c...
compiling tjpgd.c...
..\..\..\..\components\TJpgDec\tjpgd.c(495): warning:  #188-D: enumerated type mixed with another type
          if (b < 0) return 0 - b;                /* Err: invalid code or input */
..\..\..\..\components\TJpgDec\tjpgd.c(499): warning:  #188-D: enumerated type mixed with another type
              if (e < 0) return 0 - e;            /* Err: input */
..\..\..\..\components\TJpgDec\tjpgd.c(517): warning:  #188-D: enumerated type mixed with another type
              if (b < 0) return 0 - b;            /* Err: invalid code or input error */
..\..\..\..\components\TJpgDec\tjpgd.c(525): warning:  #188-D: enumerated type mixed with another type
                  if (d < 0) return 0 - d;        /* Err: input device */
..\..\..\..\components\TJpgDec\tjpgd.c: 4 warnings, 0 errors
compiling dfs_file.c...
compiling dfs_fs.c...
compiling dfs_posix.c...
compiling poll.c...
compiling select.c...
compiling devfs.c...
compiling dfs_elm.c...
compiling ccsbcs.c...
compiling ff.c...
compiling api_lib.c...
compiling fal_rtt.c...
compiling api_msg.c...
compiling err.c...
compiling netbuf.c...
compiling netdb.c...
compiling netifapi.c...
compiling tcpip.c...
compiling def.c...
compiling sockets.c...
compiling inet_chksum.c...
compiling dns.c...
compiling init.c...
compiling ip.c...
compiling memp.c...
compiling netif.c...
compiling pbuf.c...
compiling raw.c...
compiling stats.c...
compiling sys.c...
compiling tcp.c...
..\..\..\..\components\net\lwip-2.0.2\src\core\tcp.c(361): warning:  #111-D: statement is unreachable
      break;
..\..\..\..\components\net\lwip-2.0.2\src\core\tcp.c: 1 warning, 0 errors
compiling tcp_in.c...
compiling tcp_out.c...
compiling timeouts.c...
compiling autoip.c...
compiling udp.c...
compiling dhcp.c...
compiling icmp.c...
compiling etharp.c...
compiling igmp.c...
compiling ip4_addr.c...
compiling ip4.c...
compiling ip4_frag.c...
compiling ethernet.c...
compiling lowpan6.c...
compiling ethernetif.c...
compiling netdev_ipaddr.c...
compiling sys_arch.c...
compiling netdev.c...
compiling net_netdb.c...
compiling sal_socket.c...
compiling net_sockets.c...
compiling dfs_net.c...
compiling ping.c...
compiling cJSON_port.c...
compiling cJSON.c...
..\..\..\..\components\cJSON\cJSON.c(61): warning:  #1293-D: assignment in condition
        if (!(copy = (char*)cJSON_malloc(len))) return 0;
..\..\..\..\components\cJSON\cJSON.c(284): warning:  #1293-D: assignment in condition
  	ptr=str;while ((token=*ptr) && ++len) {if (strchr("\"\\\b\f\n\r\t",token)) len++; else if (token<32) len+=5;ptr++;}
..\..\..\..\components\cJSON\cJSON.c(358): warning:  #111-D: statement is unreachable
  	return p.buffer;
..\..\..\..\components\cJSON\cJSON.c(429): warning:  #1293-D: assignment in condition
  		if (!(new_item=cJSON_New_Item())) return 0; 	/* memory fail */
..\..\..\..\components\cJSON\cJSON.c(541): warning:  #1293-D: assignment in condition
  		if (!(new_item=cJSON_New_Item()))	return 0; /* memory fail */
..\..\..\..\components\cJSON\cJSON.c: 5 warnings, 0 errors
compiling cJSON_util.c...
compiling aesni.c...
compiling aes.c...
compiling arc4.c...
compiling asn1parse.c...
compiling asn1write.c...
compiling base64.c...
compiling blowfish.c...
compiling camellia.c...
compiling bignum.c...
compiling ccm.c...
compiling certs.c...
compiling cipher.c...
compiling cmac.c...
compiling cipher_wrap.c...
compiling ctr_drbg.c...
compiling debug.c...
compiling des.c...
compiling ecdh.c...
compiling dhm.c...
compiling ecdsa.c...
compiling ecjpake.c...
compiling entropy.c...
compiling ecp.c...
compiling ecp_curves.c...
compiling entropy_poll.c...
compiling error.c...
compiling gcm.c...
compiling havege.c...
compiling hmac_drbg.c...
compiling md.c...
compiling md_wrap.c...
compiling md2.c...
compiling md4.c...
compiling md5.c...
compiling memory_buffer_alloc.c...
compiling net_sockets.c...
compiling padlock.c...
compiling oid.c...
compiling pem.c...
compiling pk.c...
compiling pk_wrap.c...
compiling pkcs11.c...
compiling pkcs5.c...
compiling pkcs12.c...
compiling pkwrite.c...
compiling pkparse.c...
compiling platform.c...
compiling rsa_internal.c...
compiling ripemd160.c...
compiling rsa.c...
compiling sha1.c...
compiling sha256.c...
compiling ssl_cache.c...
compiling sha512.c...
compiling ssl_ciphersuites.c...
compiling ssl_cookie.c...
compiling ssl_cli.c...
compiling ssl_srv.c...
compiling ssl_ticket.c...
compiling threading.c...
compiling timing.c...
compiling version.c...
compiling version_features.c...
compiling ssl_tls.c...
compiling x509.c...
compiling x509_create.c...
compiling x509_crl.c...
compiling x509_csr.c...
compiling x509_crt.c...
..\..\..\..\components\mbedtls\mbedtls\library\x509_crt.c(1205): warning:  #223-D: function "stat" declared implicitly
          else if( stat( entry_name, &sb ) == -1 )
..\..\..\..\components\mbedtls\mbedtls\library\x509_crt.c: 1 warning, 0 errors
compiling x509write_crt.c...
compiling x509write_csr.c...
compiling xtea.c...
compiling aes_alt.c...
compiling arc4_alt.c...
compiling des_alt.c...
compiling md5_alt.c...
compiling rsa_alt.c...
compiling sha1_alt.c...
compiling sha256_alt.c...
compiling sha512_alt.c...
compiling timing_alt.c...
compiling tls_certificate.c...
compiling tls_hardware.c...
compiling tls_client.c...
compiling tls_net.c...
..\..\..\..\components\mbedtls\ports\src\tls_net.c(298): warning:  #223-D: function "fcntl" declared implicitly
      if( ( fcntl( ctx->fd, F_GETFL) & O_NONBLOCK ) != O_NONBLOCK )
..\..\..\..\components\mbedtls\ports\src\tls_net.c: 1 warning, 0 errors
compiling webclient_file.c...
compiling webclient.c...
compiling lv_disp.c...
compiling lv_group.c...
compiling lv_indev.c...
compiling lv_refr.c...
compiling lv_style.c...
compiling lv_draw_arc.c...
compiling lv_obj.c...
..\..\..\..\components\LittlevGL2RTT\lvgl\lv_core\lv_obj.c(4624): warning:  #111-D: statement is unreachable
              break;
..\..\..\..\components\LittlevGL2RTT\lvgl\lv_core\lv_obj.c: 1 warning, 0 errors
compiling lv_draw_blend.c...
compiling lv_draw_img.c...
compiling lv_draw_label.c...
compiling lv_draw_line.c...
compiling lv_draw_mask.c...
..\..\..\..\components\LittlevGL2RTT\lvgl\lv_draw\lv_draw_mask.c(345): warning:  #111-D: statement is unreachable
          return;
..\..\..\..\components\LittlevGL2RTT\lvgl\lv_draw\lv_draw_mask.c(356): warning:  #111-D: statement is unreachable
          return;
..\..\..\..\components\LittlevGL2RTT\lvgl\lv_draw\lv_draw_mask.c: 2 warnings, 0 errors
compiling lv_draw_triangle.c...
compiling lv_img_buf.c...
compiling lv_draw_rect.c...
compiling lv_img_cache.c...
compiling lv_font.c...
compiling lv_img_decoder.c...
compiling lv_font_dejavu_16_persian_hebrew.c...
compiling lv_font_fmt_txt.c...
compiling lv_font_loader.c...
compiling lv_font_montserrat_10.c...
compiling lv_font_montserrat_8.c...
compiling lv_font_montserrat_12.c...
compiling lv_font_montserrat_12_subpx.c...
compiling lv_font_montserrat_14.c...
compiling lv_font_montserrat_16.c...
compiling lv_font_montserrat_18.c...
compiling lv_font_montserrat_20.c...
compiling lv_font_montserrat_22.c...
compiling lv_font_montserrat_24.c...
compiling lv_font_montserrat_26.c...
compiling lv_font_montserrat_28.c...
compiling lv_font_montserrat_28_compressed.c...
compiling lv_font_montserrat_30.c...
compiling lv_font_montserrat_32.c...
compiling lv_font_montserrat_34.c...
compiling lv_font_montserrat_36.c...
compiling lv_font_montserrat_38.c...
compiling lv_font_montserrat_40.c...
compiling lv_font_montserrat_42.c...
compiling lv_font_montserrat_44.c...
compiling lv_font_montserrat_46.c...
compiling lv_font_montserrat_48.c...
compiling lv_font_unscii_8.c...
compiling lv_font_simsun_16_cjk.c...
compiling lv_hal_disp.c...
compiling lv_hal_tick.c...
compiling lv_hal_indev.c...
compiling lv_anim.c...
compiling lv_async.c...
compiling lv_area.c...
compiling lv_bidi.c...
compiling lv_debug.c...
compiling lv_color.c...
compiling lv_fs.c...
compiling lv_ll.c...
compiling lv_gc.c...
compiling lv_log.c...
compiling lv_math.c...
compiling lv_mem.c...
..\..\..\..\components\LittlevGL2RTT\lvgl\lv_misc\lv_mem.c(540): warning:  #111-D: statement is unreachable
      return NULL;
..\..\..\..\components\LittlevGL2RTT\lvgl\lv_misc\lv_mem.c: 1 warning, 0 errors
compiling lv_printf.c...
compiling lv_templ.c...
compiling lv_txt.c...
compiling lv_task.c...
compiling lv_txt_ap.c...
compiling lv_utils.c...
compiling lv_theme.c...
compiling lv_theme_empty.c...
compiling lv_theme_mono.c...
compiling lv_theme_material.c...
compiling lv_theme_template.c...
compiling lv_bar.c...
compiling lv_arc.c...
compiling lv_btn.c...
compiling lv_calendar.c...
..\..\..\..\components\LittlevGL2RTT\lvgl\lv_widgets\lv_calendar.c(428): warning:  #111-D: statement is unreachable
          return LV_RES_OK;
..\..\..\..\components\LittlevGL2RTT\lvgl\lv_widgets\lv_calendar.c: 1 warning, 0 errors
compiling lv_btnmatrix.c...
compiling lv_canvas.c...
compiling lv_checkbox.c...
compiling lv_chart.c...
compiling lv_cont.c...
compiling lv_cpicker.c...
compiling lv_gauge.c...
compiling lv_dropdown.c...
compiling lv_img.c...
compiling lv_imgbtn.c...
compiling lv_keyboard.c...
compiling lv_led.c...
compiling lv_line.c...
compiling lv_label.c...
compiling lv_linemeter.c...
compiling lv_list.c...
compiling lv_msgbox.c...
compiling lv_objmask.c...
compiling lv_roller.c...
compiling lv_page.c...
compiling lv_slider.c...
compiling lv_spinbox.c...
compiling lv_spinner.c...
compiling lv_switch.c...
compiling lv_tabview.c...
compiling lv_table.c...
compiling lv_textarea.c...
compiling lv_tileview.c...
compiling lv_win.c...
compiling littlevgl2rtt.c...
..\ports\lvgl\littlevgl2rtt.c(174): warning:  #177-D: variable "x"  was declared but never referenced
      uint32_t x;
..\ports\lvgl\littlevgl2rtt.c(6): warning:  #177-D: variable "input_mq"  was declared but never referenced
  static struct rt_messagequeue *input_mq;
..\ports\lvgl\littlevgl2rtt.c: 2 warnings, 0 errors
compiling 2048.c...
compiling tetris_demo.c...
..\..\..\..\applications\rtt_tetris\tetris_demo.c(20): warning:  #188-D: enumerated type mixed with another type
  	vt_set_bg_color(color);
..\..\..\..\applications\rtt_tetris\tetris_demo.c: 1 warning, 0 errors
compiling Tetris.c...
..\..\..\..\applications\rtt_tetris\Tetris.c(102): warning:  #187-D: use of "=" where "==" may have been intended
          HitBox[0][1] = !(HitBox[1][2] = 0);
..\..\..\..\applications\rtt_tetris\Tetris.c(103): warning:  #187-D: use of "=" where "==" may have been intended
          At(0, 1) = !(At(1, 2) = 0);
..\..\..\..\applications\rtt_tetris\Tetris.c(110): warning:  #187-D: use of "=" where "==" may have been intended
          HitBox[1][2] = !(HitBox[2][1] = 0);
..\..\..\..\applications\rtt_tetris\Tetris.c(111): warning:  #187-D: use of "=" where "==" may have been intended
          At(1, 2) = !(At(2, 1) = 0);
..\..\..\..\applications\rtt_tetris\Tetris.c(118): warning:  #187-D: use of "=" where "==" may have been intended
          HitBox[2][1] = !(HitBox[1][0] = 0);
..\..\..\..\applications\rtt_tetris\Tetris.c(119): warning:  #187-D: use of "=" where "==" may have been intended
          At(2, 1) = !(At(1, 0) = 0);
..\..\..\..\applications\rtt_tetris\Tetris.c(126): warning:  #187-D: use of "=" where "==" may have been intended
          HitBox[1][0] = !(HitBox[0][1] = 0);
..\..\..\..\applications\rtt_tetris\Tetris.c(127): warning:  #187-D: use of "=" where "==" may have been intended
          At(1, 0) = !(At(0, 1) = 0);
..\..\..\..\applications\rtt_tetris\Tetris.c(166): warning:  #1293-D: assignment in condition
              !(HitBox[1][0] = HitBox[1][1] = HitBox[2][0] = 0);
..\..\..\..\applications\rtt_tetris\Tetris.c(167): warning:  #1293-D: assignment in condition
          At(0, 2) = At(2, 2) = At(0, 1) = !(At(1, 0) = At(1, 1) = At(2, 0) = 0);
..\..\..\..\applications\rtt_tetris\Tetris.c(174): warning:  #1293-D: assignment in condition
          HitBox[2][0] = HitBox[2][1] = !(HitBox[0][1] = HitBox[0][2] = 0);
..\..\..\..\applications\rtt_tetris\Tetris.c(175): warning:  #1293-D: assignment in condition
          At(2, 0) = At(2, 1) = !(At(0, 1) = At(0, 2) = 0);
..\..\..\..\applications\rtt_tetris\Tetris.c(182): warning:  #1293-D: assignment in condition
          HitBox[0][1] = HitBox[1][1] = !(HitBox[1][2] = HitBox[2][0] = 0);
..\..\..\..\applications\rtt_tetris\Tetris.c(183): warning:  #1293-D: assignment in condition
          At(0, 1) = At(1, 1) = !(At(1, 2) = At(2, 0) = 0);
..\..\..\..\applications\rtt_tetris\Tetris.c(191): warning:  #1293-D: assignment in condition
              !(HitBox[2][1] = HitBox[0][1] = HitBox[2][2] = 0);
..\..\..\..\applications\rtt_tetris\Tetris.c(192): warning:  #1293-D: assignment in condition
          At(1, 0) = At(1, 2) = At(2, 0) = !(At(0, 1) = At(2, 1) = At(2, 2) = 0);
..\..\..\..\applications\rtt_tetris\Tetris.c(208): warning:  #1293-D: assignment in condition
          HitBox[0][2] = HitBox[2][1] = !(HitBox[1][0] = HitBox[1][1] = 0);
..\..\..\..\applications\rtt_tetris\Tetris.c(209): warning:  #1293-D: assignment in condition
          At(0, 2) = At(2, 1) = !(At(1, 0) = At(1, 1) = 0);
..\..\..\..\applications\rtt_tetris\Tetris.c(216): warning:  #1293-D: assignment in condition
          HitBox[2][0] = HitBox[1][0] = !(HitBox[1][2] = HitBox[0][2] = 0);
..\..\..\..\applications\rtt_tetris\Tetris.c(217): warning:  #1293-D: assignment in condition
          At(2, 0) = At(1, 0) = !(At(1, 2) = At(0, 2) = 0);
..\..\..\..\applications\rtt_tetris\Tetris.c(225): warning:  #1293-D: assignment in condition
              !(HitBox[2][2] = HitBox[2][0] = HitBox[1][0] = 0);
..\..\..\..\applications\rtt_tetris\Tetris.c(226): warning:  #1293-D: assignment in condition
          At(0, 1) = At(1, 1) = At(0, 2) = !(At(2, 2) = At(2, 0) = At(1, 0) = 0);
..\..\..\..\applications\rtt_tetris\Tetris.c(234): warning:  #1293-D: assignment in condition
              !(HitBox[2][1] = HitBox[0][1] = HitBox[0][2] = 0);
..\..\..\..\applications\rtt_tetris\Tetris.c(235): warning:  #1293-D: assignment in condition
          At(1, 0) = At(1, 2) = At(2, 2) = !(At(0, 1) = At(2, 1) = At(0, 2) = 0);
..\..\..\..\applications\rtt_tetris\Tetris.c(315): warning:  #187-D: use of "=" where "==" may have been intended
                  At(i, j - 1) = !(At(i, j) = 0);
..\..\..\..\applications\rtt_tetris\Tetris.c(337): warning:  #187-D: use of "=" where "==" may have been intended
                  At(i, j + 1) = !(At(i, j) = 0);
..\..\..\..\applications\rtt_tetris\Tetris.c(359): warning:  #187-D: use of "=" where "==" may have been intended
                  At(j + 1, i) = !(At(j, i) = 0);
..\..\..\..\applications\rtt_tetris\Tetris.c: 27 warnings, 0 errors
compiling tjpgd_example.c...
..\..\..\..\components\TJpgDec\examples\tjpgd_example.c(98): warning:  #188-D: enumerated type mixed with another type
          res = -1;
..\..\..\..\components\TJpgDec\examples\tjpgd_example.c(98): warning:  #68-D: integer conversion resulted in a change of sign
          res = -1;
..\..\..\..\components\TJpgDec\examples\tjpgd_example.c(113): warning:  #188-D: enumerated type mixed with another type
              res = -1;
..\..\..\..\components\TJpgDec\examples\tjpgd_example.c(113): warning:  #68-D: integer conversion resulted in a change of sign
              res = -1;
..\..\..\..\components\TJpgDec\examples\tjpgd_example.c: 4 warnings, 0 errors
compiling vt_monitor.c...
compiling vt_sl.c...
compiling gt917s_sample.c...
..\..\..\..\applications\touch-samples\gt917s_sample.c(126): warning:  #144-D: a value of type "void (*)(void)" cannot be used to initialize an entity of type "const init_fn_t"
  INIT_APP_EXPORT(gt917s_sample_demo);
..\..\..\..\applications\touch-samples\gt917s_sample.c: 1 warning, 0 errors
compiling littlevgl2rtt_demo.c...
..\..\..\..\applications\lv-samples\lv_test_theme.h(34): warning:  #1295-D: Deprecated declaration lv_demo_widgets - give arg types
  void lv_demo_widgets();
..\..\..\..\applications\lv-samples\littlevgl2rtt_demo.c: 1 warning, 0 errors
compiling lv_acu_gui.c...
..\..\..\..\applications\lv-samples\lv_acu_gui.c(96): warning:  #177-D: variable "kb"  was declared but never referenced
  static lv_obj_t * kb;
..\..\..\..\applications\lv-samples\lv_acu_gui.c: 1 warning, 0 errors
compiling lv_test_theme.c...
..\..\..\..\applications\lv-samples\lv_test_theme.c(637): warning:  #177-D: function "color_chg_event_cb"  was declared but never referenced
  static void color_chg_event_cb(lv_obj_t * sw, lv_event_t e)
..\..\..\..\applications\lv-samples\lv_test_theme.c: 1 warning, 0 errors
compiling fal_sample.c...
linking...
Program Size: Code=443668 RO-data=40908 RW-data=3292 ZI-data=66692  
FromELF: creating hex file...
".\Objects\RT-Thread.axf" - 0 Error(s), 55 Warning(s).

<h2>Software Packages used:</h2>

Package Vendor: Keil
                http://www.keil.com/pack/Keil.STM32F4xx_DFP.2.15.0.pack
                Keil.STM32F4xx_DFP.2.15.0
                STMicroelectronics STM32F4 Series Device Support, Drivers and Examples

<h2>Collection of Component include folders:</h2>
  D:\Keil_v5\ARM\Packs\Keil\STM32F4xx_DFP\2.15.0\Drivers\CMSIS\Device\ST\STM32F4xx\Include

<h2>Collection of Component Files used:</h2>
Build Time Elapsed:  00:02:40
</pre>
</body>
</html>
